node.exe : [33mThe CJS build of Vite's Node API is deprecated. See https://vit
e.dev/guide/troubleshooting.html#vite-cjs-node-api-deprecated for more details.
[39m
所在位置 行:1 字符: 1
+ & "C:\Program Files\nodejs/node.exe" "C:\Program Files\nodejs/node_mo ...
+ ~~~~~~~~~~~~~~~~~~~~~~~~~~~~~~~~~~~~~~~~~~~~~~~~~~~~~~~~~~~~~~~~~~~~~
    + CategoryInfo          : NotSpecified: ([33mThe CJS bu...e details.[39m 
   :String) [], RemoteException
    + FullyQualifiedErrorId : NativeCommandError
 

[1m[7m[36m RUN [39m[27m[22m [36mv2.1.9 [39m[90mD:/Pyprojects/PromptHub-main2/apps/desktop[39m

 [32m鉁?[39m tests/unit/services/self-hosted-sync.test.ts [2m([22m[2m9 tests[22m[2m)[22m[90m 24[2mms[22m[39m
[90mstderr[2m | tests/unit/services/database-backup.test.ts[2m > [22m[2mda
tabase-backup restore[2m > [22m[2mfails export when referenced media cannot 
be read completely
[22m[39mFailed to read image broken-image.png: Error: missing image
    at [90mD:\Pyprojects\PromptHub-main2\apps\desktop\[39mtests\unit\services
\database-backup.test.ts:479:52
    at file:///D:/Pyprojects/PromptHub-main2/node_modules/[4m.pnpm[24m/@vites
t+runner@2.1.9/node_modules/[4m@vitest/runner[24m/dist/index.js:146:14
    at file:///D:/Pyprojects/PromptHub-main2/node_modules/[4m.pnpm[24m/@vites
t+runner@2.1.9/node_modules/[4m@vitest/runner[24m/dist/index.js:533:11
    at runWithTimeout (file:///D:/Pyprojects/PromptHub-main2/node_modules/[4m.
pnpm[24m/@vitest+runner@2.1.9/node_modules/[4m@vitest/runner[24m/dist/index.
js:39:7)
    at runTest (file:///D:/Pyprojects/PromptHub-main2/node_modules/[4m.pnpm[2
4m/@vitest+runner@2.1.9/node_modules/[4m@vitest/runner[24m/dist/index.js:1056
:17)
    at runSuite (file:///D:/Pyprojects/PromptHub-main2/node_modules/[4m.pnpm[
24m/@vitest+runner@2.1.9/node_modules/[4m@vitest/runner[24m/dist/index.js:120
5:15)
    at runSuite (file:///D:/Pyprojects/PromptHub-main2/node_modules/[4m.pnpm[
24m/@vitest+runner@2.1.9/node_modules/[4m@vitest/runner[24m/dist/index.js:120
5:15)
    at runFiles (file:///D:/Pyprojects/PromptHub-main2/node_modules/[4m.pnpm[
24m/@vitest+runner@2.1.9/node_modules/[4m@vitest/runner[24m/dist/index.js:126
2:5)
    at startTests (file:///D:/Pyprojects/PromptHub-main2/node_modules/[4m.pnpm
[24m/@vitest+runner@2.1.9/node_modules/[4m@vitest/runner[24m/dist/index.js:1
271:3)
    at file:///D:/Pyprojects/PromptHub-main2/node_modules/[4m.pnpm[24m/vitest
@2.1.9_@types+node@24.12.4_jsdom@27.3.0/node_modules/[4mvitest[24m/dist/chunk
s/runBaseTests.3qpJUEJM.js:126:11

[90mstderr[2m | tests/unit/services/database-backup.test.ts[2m > [22m[2mda
tabase-backup restore[2m > [22m[2mfails export when skill metadata cannot be
 collected completely
[22m[39mFailed to get versions for skill writer: Error: db busy
    at [90mD:\Pyprojects\PromptHub-main2\apps\desktop\[39mtests\unit\services
\database-backup.test.ts:495:54
    at file:///D:/Pyprojects/PromptHub-main2/node_modules/[4m.pnpm[24m/@vites
t+runner@2.1.9/node_modules/[4m@vitest/runner[24m/dist/index.js:146:14
    at file:///D:/Pyprojects/PromptHub-main2/node_modules/[4m.pnpm[24m/@vites
t+runner@2.1.9/node_modules/[4m@vitest/runner[24m/dist/index.js:533:11
    at runWithTimeout (file:///D:/Pyprojects/PromptHub-main2/node_modules/[4m.
pnpm[24m/@vitest+runner@2.1.9/node_modules/[4m@vitest/runner[24m/dist/index.
js:39:7)
    at runTest (file:///D:/Pyprojects/PromptHub-main2/node_modules/[4m.pnpm[2
4m/@vitest+runner@2.1.9/node_modules/[4m@vitest/runner[24m/dist/index.js:1056
:17)
    at runSuite (file:///D:/Pyprojects/PromptHub-main2/node_modules/[4m.pnpm[
24m/@vitest+runner@2.1.9/node_modules/[4m@vitest/runner[24m/dist/index.js:120
5:15)
    at runSuite (file:///D:/Pyprojects/PromptHub-main2/node_modules/[4m.pnpm[
24m/@vitest+runner@2.1.9/node_modules/[4m@vitest/runner[24m/dist/index.js:120
5:15)
    at runFiles (file:///D:/Pyprojects/PromptHub-main2/node_modules/[4m.pnpm[
24m/@vitest+runner@2.1.9/node_modules/[4m@vitest/runner[24m/dist/index.js:126
2:5)
    at startTests (file:///D:/Pyprojects/PromptHub-main2/node_modules/[4m.pnpm
[24m/@vitest+runner@2.1.9/node_modules/[4m@vitest/runner[24m/dist/index.js:1
271:3)
    at file:///D:/Pyprojects/PromptHub-main2/node_modules/[4m.pnpm[24m/vitest
@2.1.9_@types+node@24.12.4_jsdom@27.3.0/node_modules/[4mvitest[24m/dist/chunk
s/runBaseTests.3qpJUEJM.js:126:11

[90mstderr[2m | tests/unit/services/database-backup.test.ts[2m > [22m[2mda
tabase-backup restore[2m > [22m[2mthrows when backup restore cannot fully wr
ite assets
[22m[39mFailed to restore image image-1.png: Error: disk full
    at [90mD:\Pyprojects\PromptHub-main2\apps\desktop\[39mtests\unit\services
\database-backup.test.ts:704:52
    at file:///D:/Pyprojects/PromptHub-main2/node_modules/[4m.pnpm[24m/@vites
t+runner@2.1.9/node_modules/[4m@vitest/runner[24m/dist/index.js:146:14
    at file:///D:/Pyprojects/PromptHub-main2/node_modules/[4m.pnpm[24m/@vites
t+runner@2.1.9/node_modules/[4m@vitest/runner[24m/dist/index.js:533:11
    at runWithTimeout (file:///D:/Pyprojects/PromptHub-main2/node_modules/[4m.
pnpm[24m/@vitest+runner@2.1.9/node_modules/[4m@vitest/runner[24m/dist/index.
js:39:7)
    at runTest (file:///D:/Pyprojects/PromptHub-main2/node_modules/[4m.pnpm[2
4m/@vitest+runner@2.1.9/node_modules/[4m@vitest/runner[24m/dist/index.js:1056
:17)
    at runSuite (file:///D:/Pyprojects/PromptHub-main2/node_modules/[4m.pnpm[
24m/@vitest+runner@2.1.9/node_modules/[4m@vitest/runner[24m/dist/index.js:120
5:15)
    at runSuite (file:///D:/Pyprojects/PromptHub-main2/node_modules/[4m.pnpm[
24m/@vitest+runner@2.1.9/node_modules/[4m@vitest/runner[24m/dist/index.js:120
5:15)
    at runFiles (file:///D:/Pyprojects/PromptHub-main2/node_modules/[4m.pnpm[
24m/@vitest+runner@2.1.9/node_modules/[4m@vitest/runner[24m/dist/index.js:126
2:5)
    at startTests (file:///D:/Pyprojects/PromptHub-main2/node_modules/[4m.pnpm
[24m/@vitest+runner@2.1.9/node_modules/[4m@vitest/runner[24m/dist/index.js:1
271:3)
    at file:///D:/Pyprojects/PromptHub-main2/node_modules/[4m.pnpm[24m/vitest
@2.1.9_@types+node@24.12.4_jsdom@27.3.0/node_modules/[4mvitest[24m/dist/chunk
s/runBaseTests.3qpJUEJM.js:126:11

[90mstderr[2m | tests/unit/services/database-backup.test.ts[2m > [22m[2mda
tabase-backup restore[2m > [22m[2mskips restoring skill versions and skill f
iles when skill creation fails
[22m[39mFailed to restore skill writer: Error: already exists
    at [90mD:\Pyprojects\PromptHub-main2\apps\desktop\[39mtests\unit\services
\database-backup.test.ts:1149:47
    at file:///D:/Pyprojects/PromptHub-main2/node_modules/[4m.pnpm[24m/@vites
t+runner@2.1.9/node_modules/[4m@vitest/runner[24m/dist/index.js:146:14
    at file:///D:/Pyprojects/PromptHub-main2/node_modules/[4m.pnpm[24m/@vites
t+runner@2.1.9/node_modules/[4m@vitest/runner[24m/dist/index.js:533:11
    at runWithTimeout (file:///D:/Pyprojects/PromptHub-main2/node_modules/[4m.
pnpm[24m/@vitest+runner@2.1.9/node_modules/[4m@vitest/runner[24m/dist/index.
js:39:7)
    at runTest (file:///D:/Pyprojects/PromptHub-main2/node_modules/[4m.pnpm[2
4m/@vitest+runner@2.1.9/node_modules/[4m@vitest/runner[24m/dist/index.js:1056
:17)
    at runSuite (file:///D:/Pyprojects/PromptHub-main2/node_modules/[4m.pnpm[
24m/@vitest+runner@2.1.9/node_modules/[4m@vitest/runner[24m/dist/index.js:120
5:15)
    at runSuite (file:///D:/Pyprojects/PromptHub-main2/node_modules/[4m.pnpm[
24m/@vitest+runner@2.1.9/node_modules/[4m@vitest/runner[24m/dist/index.js:120
5:15)
    at runFiles (file:///D:/Pyprojects/PromptHub-main2/node_modules/[4m.pnpm[
24m/@vitest+runner@2.1.9/node_modules/[4m@vitest/runner[24m/dist/index.js:126
2:5)
    at startTests (file:///D:/Pyprojects/PromptHub-main2/node_modules/[4m.pnpm
[24m/@vitest+runner@2.1.9/node_modules/[4m@vitest/runner[24m/dist/index.js:1
271:3)
    at file:///D:/Pyprojects/PromptHub-main2/node_modules/[4m.pnpm[24m/vitest
@2.1.9_@types+node@24.12.4_jsdom@27.3.0/node_modules/[4mvitest[24m/dist/chunk
s/runBaseTests.3qpJUEJM.js:126:11
Skipping skill version restore for skill "skill-1" because the corresponding sk
ill was not successfully restored in the database.
Skipping skill files restore for key "skill-1" because the corresponding skill 
was not successfully restored in the database.

 [32m鉁?[39m tests/unit/services/database-backup.test.ts [2m([22m[2m20 tests[22m[2m)[22m[90m 104[2mms[22m[39m
[90mstdout[2m | tests/unit/services/ai-transport.test.ts[2m > [22m[2mai transport[2m > [22m[2muses the main-process stream transport for streaming chat completions
[22m[39m[AI Stream] First content chunk received: Hello

[90mstdout[2m | tests/unit/services/ai-transport.test.ts[2m > [22m[2mai transport[2m > [22m[2muses a lightweight non-streaming probe for chat model connection tests
[22m[39m[AI Service] Stream mode: [33mfalse[39m Callbacks provided: [33mfalse[39m

[90mstdout[2m | tests/unit/services/ai.test.ts[2m > [22m[2mAI Service - Prompt rewrite[2m > [22m[2mparses structured rewrite JSON and returns only editable fields
[22m[39m[AI Service] Stream mode: [33mfalse[39m Callbacks provided: [33mfalse[39m

[90mstdout[2m | tests/unit/services/ai-transport.test.ts[2m > [22m[2mai transport[2m > [22m[2msends multimodal messages through the main-process request transport
[22m[39m[AI Service] Stream mode: [33mfalse[39m Callbacks provided: [33mfalse[39m

[90mstdout[2m | tests/unit/services/ai.test.ts[2m > [22m[2mAI Service - Prompt rewrite[2m > [22m[2mrejects rewrite responses without valid JSON
[22m[39m[AI Service] Stream mode: [33mfalse[39m Callbacks provided: [33mfalse[39m

[90mstdout[2m | tests/unit/services/ai-transport.test.ts[2m > [22m[2mai transport[2m > [22m[2muses Authorization bearer for Gemini OpenAI-compatible chat completions
[22m[39m[AI Service] Stream mode: [33mfalse[39m Callbacks provided: [33mfalse[39m

[90mstdout[2m | tests/unit/services/ai.test.ts[2m > [22m[2mAI Service - Prompt rewrite[2m > [22m[2mrejects rewrite responses that do not change editable fields
[22m[39m[AI Service] Stream mode: [33mfalse[39m Callbacks provided: [33mfalse[39m

 [32m鉁?[39m tests/unit/services/ai-transport.test.ts [2m([22m[2m20 tests[22m[2m)[22m[90m 70[2mms[22m[39m
[90mstdout[2m | tests/unit/services/ai.test.ts[2m > [22m[2mAI Service - Prompt rewrite[2m > [22m[2mrejects invalid editable field types
[22m[39m[AI Service] Stream mode: [33mfalse[39m Callbacks provided: [33mfalse[39m

[90mstdout[2m | tests/unit/services/ai.test.ts[2m > [22m[2mgenerateImage - Gemini routing[2m > [22m[2mroutes to Gemini when provider is "google"
[22m[39m[generateImageGemini] Response received: {
  "candidates": [
    {
      "content": {
        "parts": [
          {
            "inlineData": {
              "mimeType": "image/png",
              "data": "base64imagedata=="
            }
          }
        ]
      }
    }
  ]
}
[generateImageGemini] Gemini native format, parts count: [33m1[39m
[generateImageGemini] Found image data, mimeType: image/png

[90mstdout[2m | tests/unit/services/ai.test.ts[2m > [22m[2mgenerateImage - Gemini routing[2m > [22m[2mroutes to Gemini when provider is "gemini"
[22m[39m[generateImageGemini] Response received: {
  "candidates": [
    {
      "content": {
        "parts": [
          {
            "inlineData": {
              "mimeType": "image/png",
              "data": "base64imagedata=="
            }
          }
        ]
      }
    }
  ]
}
[generateImageGemini] Gemini native format, parts count: [33m1[39m
[generateImageGemini] Found image data, mimeType: image/png

[90mstdout[2m | tests/unit/services/ai.test.ts[2m > [22m[2mgenerateImage - Gemini routing[2m > [22m[2mroutes to Gemini when apiUrl contains generativelanguage.googleapis.com
[22m[39m[generateImageGemini] Response received: {
  "candidates": [
    {
      "content": {
        "parts": [
          {
            "inlineData": {
              "mimeType": "image/png",
              "data": "base64imagedata=="
            }
          }
        ]
      }
    }
  ]
}
[generateImageGemini] Gemini native format, parts count: [33m1[39m
[generateImageGemini] Found image data, mimeType: image/png

[90mstdout[2m | tests/unit/services/ai.test.ts[2m > [22m[2mgenerateImage - Gemini routing[2m > [22m[2mroutes to Gemini when model name contains "gemini" and "image"
[22m[39m[generateImageGemini] Response received: {
  "candidates": [
    {
      "content": {
        "parts": [
          {
            "inlineData": {
              "mimeType": "image/png",
              "data": "base64imagedata=="
            }
          }
        ]
      }
    }
  ]
}
[generateImageGemini] Gemini native format, parts count: [33m1[39m
[generateImageGemini] Found image data, mimeType: image/png

 [32m鉁?[39m tests/unit/services/ai.test.ts [2m([22m[2m30 tests[22m[2m)[22m[90m 107[2mms[22m[39m
[90mstderr[2m | tests/unit/main/skill-installer-utils.test.ts[2m > [22m[2m
skill-installer-utils[2m > [22m[2mgetPlatformSkillsDir[2m > [22m[2mhandle
s DB read failure gracefully (returns built-in path)
[22m[39mFailed to read built-in agent overrides: Error: DB not available
    at Proxy.<anonymous> [90m(D:\Pyprojects\PromptHub-main2\apps\desktop\[39m
tests\unit\main\skill-installer-utils.test.ts:260:15[90m)[39m
    at Proxy.mockCall (file:///D:/Pyprojects/PromptHub-main2/node_modules/[4m.
pnpm[24m/@vitest+spy@2.1.9/node_modules/[4m@vitest/spy[24m/dist/index.js:61:
17)
    at Proxy.spy (file:///D:/Pyprojects/PromptHub-main2/node_modules/[4m.pnpm
[24m/tinyspy@3.0.2/node_modules/[4mtinyspy[24m/dist/index.js:45:80)
    at readBuiltinAgentOverridesFromSettings [90m(D:\Pyprojects\PromptHub-main
2\apps\desktop\[39msrc\main\services\skill-installer-utils.ts:400:16[90m)[39
m
    at getBuiltinAgentOverride [90m(D:\Pyprojects\PromptHub-main2\apps\desktop
\[39msrc\main\services\skill-installer-utils.ts:551:10[90m)[39m
    at getPlatformRootDir [90m(D:\Pyprojects\PromptHub-main2\apps\desktop\[39
msrc\main\services\skill-installer-utils.ts:558:27[90m)[39m
    at Module.getPlatformSkillsDir [90m(D:\Pyprojects\PromptHub-main2\apps\des
ktop\[39msrc\main\services\skill-installer-utils.ts:577:19[90m)[39m
    at [90mD:\Pyprojects\PromptHub-main2\apps\desktop\[39mtests\unit\main\ski
ll-installer-utils.test.ts:267:28
    at file:///D:/Pyprojects/PromptHub-main2/node_modules/[4m.pnpm[24m/@vites
t+runner@2.1.9/node_modules/[4m@vitest/runner[24m/dist/index.js:146:14
    at file:///D:/Pyprojects/PromptHub-main2/node_modules/[4m.pnpm[24m/@vites
t+runner@2.1.9/node_modules/[4m@vitest/runner[24m/dist/index.js:533:11

[90mstderr[2m | tests/unit/main/skill-installer-utils.test.ts[2m > [22m[2m
skill-installer-utils[2m > [22m[2mgetPlatformSkillsDir[2m > [22m[2mhandle
s malformed JSON in DB gracefully
[22m[39mFailed to read built-in agent overrides: SyntaxError: Unexpected toke
n 'o', "not valid json!" is not valid JSON
    at JSON.parse (<anonymous>)
    at parseJsonSetting [90m(D:\Pyprojects\PromptHub-main2\apps\desktop\[39ms
rc\main\services\skill-installer-utils.ts:384:15[90m)[39m
    at readBuiltinAgentOverridesFromSettings [90m(D:\Pyprojects\PromptHub-main
2\apps\desktop\[39msrc\main\services\skill-installer-utils.ts:419:7[90m)[39m
    at getBuiltinAgentOverride [90m(D:\Pyprojects\PromptHub-main2\apps\desktop
\[39msrc\main\services\skill-installer-utils.ts:551:10[90m)[39m
    at getPlatformRootDir [90m(D:\Pyprojects\PromptHub-main2\apps\desktop\[39
msrc\main\services\skill-installer-utils.ts:558:27[90m)[39m
    at Module.getPlatformSkillsDir [90m(D:\Pyprojects\PromptHub-main2\apps\des
ktop\[39msrc\main\services\skill-installer-utils.ts:577:19[90m)[39m
    at [90mD:\Pyprojects\PromptHub-main2\apps\desktop\[39mtests\unit\main\ski
ll-installer-utils.test.ts:283:28
    at file:///D:/Pyprojects/PromptHub-main2/node_modules/[4m.pnpm[24m/@vites
t+runner@2.1.9/node_modules/[4m@vitest/runner[24m/dist/index.js:146:14
    at file:///D:/Pyprojects/PromptHub-main2/node_modules/[4m.pnpm[24m/@vites
t+runner@2.1.9/node_modules/[4m@vitest/runner[24m/dist/index.js:533:11
    at runWithTimeout (file:///D:/Pyprojects/PromptHub-main2/node_modules/[4m.
pnpm[24m/@vitest+runner@2.1.9/node_modules/[4m@vitest/runner[24m/dist/index.
js:39:7)

[90mstderr[2m | tests/unit/main/skill-installer-utils.test.ts[2m > [22m[2m
skill-installer-utils[2m > [22m[2mgetPlatformGlobalRulePath[2m > [22m[2md
erives the Windsurf global rules file from the platform root
[22m[39mFailed to read built-in agent overrides: SyntaxError: Unexpected toke
n 'o', "not valid json!" is not valid JSON
    at JSON.parse (<anonymous>)
    at parseJsonSetting [90m(D:\Pyprojects\PromptHub-main2\apps\desktop\[39ms
rc\main\services\skill-installer-utils.ts:384:15[90m)[39m
    at readBuiltinAgentOverridesFromSettings [90m(D:\Pyprojects\PromptHub-main
2\apps\desktop\[39msrc\main\services\skill-installer-utils.ts:419:7[90m)[39m
    at getBuiltinAgentOverride [90m(D:\Pyprojects\PromptHub-main2\apps\desktop
\[39msrc\main\services\skill-installer-utils.ts:551:10[90m)[39m
    at Module.getPlatformGlobalRulePath [90m(D:\Pyprojects\PromptHub-main2\app
s\desktop\[39msrc\main\services\skill-installer-utils.ts:590:5[90m)[39m
    at [90mD:\Pyprojects\PromptHub-main2\apps\desktop\[39mtests\unit\main\ski
ll-installer-utils.test.ts:293:28
    at file:///D:/Pyprojects/PromptHub-main2/node_modules/[4m.pnpm[24m/@vites
t+runner@2.1.9/node_modules/[4m@vitest/runner[24m/dist/index.js:146:14
    at file:///D:/Pyprojects/PromptHub-main2/node_modules/[4m.pnpm[24m/@vites
t+runner@2.1.9/node_modules/[4m@vitest/runner[24m/dist/index.js:533:11
    at runWithTimeout (file:///D:/Pyprojects/PromptHub-main2/node_modules/[4m.
pnpm[24m/@vitest+runner@2.1.9/node_modules/[4m@vitest/runner[24m/dist/index.
js:39:7)
    at runTest (file:///D:/Pyprojects/PromptHub-main2/node_modules/[4m.pnpm[2
4m/@vitest+runner@2.1.9/node_modules/[4m@vitest/runner[24m/dist/index.js:1056
:17)

[90mstderr[2m | tests/unit/main/skill-installer-utils.test.ts[2m > [22m[2m
skill-installer-utils[2m > [22m[2mgetPlatformGlobalRulePath[2m > [22m[2mu
ses explicit root overrides for the Windsurf global rules file
[22m[39mFailed to read built-in agent overrides: SyntaxError: Unexpected toke
n 'o', "not valid json!" is not valid JSON
    at JSON.parse (<anonymous>)
    at parseJsonSetting [90m(D:\Pyprojects\PromptHub-main2\apps\desktop\[39ms
rc\main\services\skill-installer-utils.ts:384:15[90m)[39m
    at readBuiltinAgentOverridesFromSettings [90m(D:\Pyprojects\PromptHub-main
2\apps\desktop\[39msrc\main\services\skill-installer-utils.ts:419:7[90m)[39m
    at getBuiltinAgentOverride [90m(D:\Pyprojects\PromptHub-main2\apps\desktop
\[39msrc\main\services\skill-installer-utils.ts:551:10[90m)[39m
    at Module.getPlatformGlobalRulePath [90m(D:\Pyprojects\PromptHub-main2\app
s\desktop\[39msrc\main\services\skill-installer-utils.ts:590:5[90m)[39m
    at [90mD:\Pyprojects\PromptHub-main2\apps\desktop\[39mtests\unit\main\ski
ll-installer-utils.test.ts:305:28
    at file:///D:/Pyprojects/PromptHub-main2/node_modules/[4m.pnpm[24m/@vites
t+runner@2.1.9/node_modules/[4m@vitest/runner[24m/dist/index.js:146:14
    at file:///D:/Pyprojects/PromptHub-main2/node_modules/[4m.pnpm[24m/@vites
t+runner@2.1.9/node_modules/[4m@vitest/runner[24m/dist/index.js:533:11
    at runWithTimeout (file:///D:/Pyprojects/PromptHub-main2/node_modules/[4m.
pnpm[24m/@vitest+runner@2.1.9/node_modules/[4m@vitest/runner[24m/dist/index.
js:39:7)
    at runTest (file:///D:/Pyprojects/PromptHub-main2/node_modules/[4m.pnpm[2
4m/@vitest+runner@2.1.9/node_modules/[4m@vitest/runner[24m/dist/index.js:1056
:17)

 [32m鉁?[39m tests/unit/main/skill-installer-utils.test.ts [2m([22m[2m61 tests[22m[2m)[22m[33m 357[2mms[22m[39m
[90mstderr[2m | tests/unit/stores/skill.store.test.ts[2m > [22m[2mskill st
ore[2m > [22m[2mblocks installing official registry skills when only placeho
lder frontmatter is available
[22m[39mFailed to resolve latest SKILL.md for "pdf", falling back to cached r
egistry content: Error: network down
    at [90mD:\Pyprojects\PromptHub-main2\apps\desktop\[39mtests\unit\stores\s
kill.store.test.ts:530:26
    at file:///D:/Pyprojects/PromptHub-main2/node_modules/[4m.pnpm[24m/@vites
t+runner@2.1.9/node_modules/[4m@vitest/runner[24m/dist/index.js:146:14
    at file:///D:/Pyprojects/PromptHub-main2/node_modules/[4m.pnpm[24m/@vites
t+runner@2.1.9/node_modules/[4m@vitest/runner[24m/dist/index.js:533:11
    at runWithTimeout (file:///D:/Pyprojects/PromptHub-main2/node_modules/[4m.
pnpm[24m/@vitest+runner@2.1.9/node_modules/[4m@vitest/runner[24m/dist/index.
js:39:7)
    at runTest (file:///D:/Pyprojects/PromptHub-main2/node_modules/[4m.pnpm[2
4m/@vitest+runner@2.1.9/node_modules/[4m@vitest/runner[24m/dist/index.js:1056
:17)
    at runSuite (file:///D:/Pyprojects/PromptHub-main2/node_modules/[4m.pnpm[
24m/@vitest+runner@2.1.9/node_modules/[4m@vitest/runner[24m/dist/index.js:120
5:15)
    at runSuite (file:///D:/Pyprojects/PromptHub-main2/node_modules/[4m.pnpm[
24m/@vitest+runner@2.1.9/node_modules/[4m@vitest/runner[24m/dist/index.js:120
5:15)
    at runFiles (file:///D:/Pyprojects/PromptHub-main2/node_modules/[4m.pnpm[
24m/@vitest+runner@2.1.9/node_modules/[4m@vitest/runner[24m/dist/index.js:126
2:5)
    at startTests (file:///D:/Pyprojects/PromptHub-main2/node_modules/[4m.pnpm
[24m/@vitest+runner@2.1.9/node_modules/[4m@vitest/runner[24m/dist/index.js:1
271:3)
    at file:///D:/Pyprojects/PromptHub-main2/node_modules/[4m.pnpm[24m/vitest
@2.1.9_@types+node@24.12.4_jsdom@27.3.0/node_modules/[4mvitest[24m/dist/chunk
s/runBaseTests.3qpJUEJM.js:126:11

[90mstderr[2m | tests/unit/stores/skill.store.test.ts[2m > [22m[2mskill st
ore[2m > [22m[2mrolls back a created package skill when remote package persi
stence fails
[22m[39mFailed to create local repo for registry skill "failed-package": Erro
r: clone failed
    at [90mD:\Pyprojects\PromptHub-main2\apps\desktop\[39mtests\unit\stores\s
kill.store.test.ts:1560:26
    at file:///D:/Pyprojects/PromptHub-main2/node_modules/[4m.pnpm[24m/@vites
t+runner@2.1.9/node_modules/[4m@vitest/runner[24m/dist/index.js:146:14
    at file:///D:/Pyprojects/PromptHub-main2/node_modules/[4m.pnpm[24m/@vites
t+runner@2.1.9/node_modules/[4m@vitest/runner[24m/dist/index.js:533:11
    at runWithTimeout (file:///D:/Pyprojects/PromptHub-main2/node_modules/[4m.
pnpm[24m/@vitest+runner@2.1.9/node_modules/[4m@vitest/runner[24m/dist/index.
js:39:7)
    at runTest (file:///D:/Pyprojects/PromptHub-main2/node_modules/[4m.pnpm[2
4m/@vitest+runner@2.1.9/node_modules/[4m@vitest/runner[24m/dist/index.js:1056
:17)
    at runSuite (file:///D:/Pyprojects/PromptHub-main2/node_modules/[4m.pnpm[
24m/@vitest+runner@2.1.9/node_modules/[4m@vitest/runner[24m/dist/index.js:120
5:15)
    at runSuite (file:///D:/Pyprojects/PromptHub-main2/node_modules/[4m.pnpm[
24m/@vitest+runner@2.1.9/node_modules/[4m@vitest/runner[24m/dist/index.js:120
5:15)
    at runFiles (file:///D:/Pyprojects/PromptHub-main2/node_modules/[4m.pnpm[
24m/@vitest+runner@2.1.9/node_modules/[4m@vitest/runner[24m/dist/index.js:126
2:5)
    at startTests (file:///D:/Pyprojects/PromptHub-main2/node_modules/[4m.pnpm
[24m/@vitest+runner@2.1.9/node_modules/[4m@vitest/runner[24m/dist/index.js:1
271:3)
    at file:///D:/Pyprojects/PromptHub-main2/node_modules/[4m.pnpm[24m/vitest
@2.1.9_@types+node@24.12.4_jsdom@27.3.0/node_modules/[4mvitest[24m/dist/chunk
s/runBaseTests.3qpJUEJM.js:126:11

Browserslist: browsers data (caniuse-lite) is 6 months old. Please run:
  npx update-browserslist-db@latest
  Why you should do it regularly: https://github.com/browserslist/update-db#rea
dme
 [32m鉁?[39m tests/unit/stores/skill.store.test.ts [2m([22m[2m52 tests[22m[2m)[22m[90m 226[2mms[22m[39m
 [32m鉁?[39m tests/unit/main/prompt-db.test.ts [2m([22m[2m57 tests[22m[2m)[22m[33m 509[2mms[22m[39m
[90mstderr[2m | tests/unit/main/skill-installer.test.ts[2m > [22m[2mSkillI
nstaller.fetchRemoteContent[2m > [22m[2mreads the GitHub token without impor
ting Electron-bound IPC modules
[22m[39mUnable to load skill remote fetch settings, continuing unauthenticate
d: Error: [vitest] No "readSelfHostedSyncUrlSetting" export is defined on the "
@/main/settings/settings-readers" mock. Did you forget to return it from "vi.mo
ck"?
If you need to partially mock a module, you can use "importOriginal" helper ins
ide:

    at VitestMocker.createError (file:///D:/Pyprojects/PromptHub-main2/node_mod
ules/[4m.pnpm[24m/vitest@2.1.9_@types+node@24.12.4_jsdom@27.3.0/node_modules/
[4mvitest[24m/dist/chunks/execute.2pr0rHgK.js:321:19)
    at Object.get (file:///D:/Pyprojects/PromptHub-main2/node_modules/[4m.pnpm
[24m/vitest@2.1.9_@types+node@24.12.4_jsdom@27.3.0/node_modules/[4mvitest[24
m/dist/chunks/execute.2pr0rHgK.js:389:22)
    at SkillInstaller.fetchRemoteContent [90m(D:\Pyprojects\PromptHub-main2\ap
ps\desktop\[39msrc\main\services\skill-installer.ts:1661:33[90m)[39m
    at [90mD:\Pyprojects\PromptHub-main2\apps\desktop\[39mtests\unit\main\ski
ll-installer.test.ts:217:41
    at file:///D:/Pyprojects/PromptHub-main2/node_modules/[4m.pnpm[24m/@vites
t+runner@2.1.9/node_modules/[4m@vitest/runner[24m/dist/index.js:146:14
    at file:///D:/Pyprojects/PromptHub-main2/node_modules/[4m.pnpm[24m/@vites
t+runner@2.1.9/node_modules/[4m@vitest/runner[24m/dist/index.js:533:11
    at runWithTimeout (file:///D:/Pyprojects/PromptHub-main2/node_modules/[4m.
pnpm[24m/@vitest+runner@2.1.9/node_modules/[4m@vitest/runner[24m/dist/index.
js:39:7)
    at runTest (file:///D:/Pyprojects/PromptHub-main2/node_modules/[4m.pnpm[2
4m/@vitest+runner@2.1.9/node_modules/[4m@vitest/runner[24m/dist/index.js:1056
:17)
    at runSuite (file:///D:/Pyprojects/PromptHub-main2/node_modules/[4m.pnpm[
24m/@vitest+runner@2.1.9/node_modules/[4m@vitest/runner[24m/dist/index.js:120
5:15)
    at runSuite (file:///D:/Pyprojects/PromptHub-main2/node_modules/[4m.pnpm[
24m/@vitest+runner@2.1.9/node_modules/[4m@vitest/runner[24m/dist/index.js:120
5:15) {
  codeFrame: [32m'vi\x1B[33m.\x1B[39m\x1B[34mmock\x1B[39m(\x1B[35mimport\x1B[3
9m(\x1B[32m"@/main/settings/settings-readers"\x1B[39m)\x1B[33m,\x1B[39m \x1B[35
masync\x1B[39m (importOriginal) \x1B[33m=>\x1B[39m {\n'[39m +
    [32m'  \x1B[35mconst\x1B[39m actual \x1B[33m=\x1B[39m \x1B[35mawait\x1B[39
m \x1B[34mimportOriginal\x1B[39m()\n'[39m +
    [32m'  \x1B[35mreturn\x1B[39m {\n'[39m +
    [32m'    \x1B[33m...\x1B[39mactual\x1B[33m,\x1B[39m\n'[39m +
    [32m'    \x1B[90m// your mocked methods\x1B[39m\n'[39m +
    [32m'  }\n'[39m +
    [32m'})'[39m
}

[90mstderr[2m | tests/unit/main/skill-installer.test.ts[2m > [22m[2mSkillI
nstaller.fetchRemoteContent[2m > [22m[2mallows private network fetches for i
nstalled skill content URLs
[22m[39mUnable to load skill remote fetch settings, continuing unauthenticate
d: Error: [vitest] No "readSelfHostedSyncUrlSetting" export is defined on the "
@/main/settings/settings-readers" mock. Did you forget to return it from "vi.mo
ck"?
If you need to partially mock a module, you can use "importOriginal" helper ins
ide:

    at VitestMocker.createError (file:///D:/Pyprojects/PromptHub-main2/node_mod
ules/[4m.pnpm[24m/vitest@2.1.9_@types+node@24.12.4_jsdom@27.3.0/node_modules/
[4mvitest[24m/dist/chunks/execute.2pr0rHgK.js:321:19)
    at Object.get (file:///D:/Pyprojects/PromptHub-main2/node_modules/[4m.pnpm
[24m/vitest@2.1.9_@types+node@24.12.4_jsdom@27.3.0/node_modules/[4mvitest[24
m/dist/chunks/execute.2pr0rHgK.js:389:22)
    at SkillInstaller.fetchRemoteContent [90m(D:\Pyprojects\PromptHub-main2\ap
ps\desktop\[39msrc\main\services\skill-installer.ts:1661:33[90m)[39m
    at [90mD:\Pyprojects\PromptHub-main2\apps\desktop\[39mtests\unit\main\ski
ll-installer.test.ts:242:41
    at file:///D:/Pyprojects/PromptHub-main2/node_modules/[4m.pnpm[24m/@vites
t+runner@2.1.9/node_modules/[4m@vitest/runner[24m/dist/index.js:146:14
    at file:///D:/Pyprojects/PromptHub-main2/node_modules/[4m.pnpm[24m/@vites
t+runner@2.1.9/node_modules/[4m@vitest/runner[24m/dist/index.js:533:11
    at runWithTimeout (file:///D:/Pyprojects/PromptHub-main2/node_modules/[4m.
pnpm[24m/@vitest+runner@2.1.9/node_modules/[4m@vitest/runner[24m/dist/index.
js:39:7)
    at runTest (file:///D:/Pyprojects/PromptHub-main2/node_modules/[4m.pnpm[2
4m/@vitest+runner@2.1.9/node_modules/[4m@vitest/runner[24m/dist/index.js:1056
:17)
    at runSuite (file:///D:/Pyprojects/PromptHub-main2/node_modules/[4m.pnpm[
24m/@vitest+runner@2.1.9/node_modules/[4m@vitest/runner[24m/dist/index.js:120
5:15)
    at runSuite (file:///D:/Pyprojects/PromptHub-main2/node_modules/[4m.pnpm[
24m/@vitest+runner@2.1.9/node_modules/[4m@vitest/runner[24m/dist/index.js:120
5:15) {
  codeFrame: [32m'vi\x1B[33m.\x1B[39m\x1B[34mmock\x1B[39m(\x1B[35mimport\x1B[3
9m(\x1B[32m"@/main/settings/settings-readers"\x1B[39m)\x1B[33m,\x1B[39m \x1B[35
masync\x1B[39m (importOriginal) \x1B[33m=>\x1B[39m {\n'[39m +
    [32m'  \x1B[35mconst\x1B[39m actual \x1B[33m=\x1B[39m \x1B[35mawait\x1B[39
m \x1B[34mimportOriginal\x1B[39m()\n'[39m +
    [32m'  \x1B[35mreturn\x1B[39m {\n'[39m +
    [32m'    \x1B[33m...\x1B[39mactual\x1B[33m,\x1B[39m\n'[39m +
    [32m'    \x1B[90m// your mocked methods\x1B[39m\n'[39m +
    [32m'  }\n'[39m +
    [32m'})'[39m
}

[90mstderr[2m | tests/unit/main/skill-installer.test.ts[2m > [22m[2mSkillI
nstaller.fetchRemoteContent[2m > [22m[2mallows private network fetches withi
n an installed source URL path scope
[22m[39mUnable to load skill remote fetch settings, continuing unauthenticate
d: Error: [vitest] No "readSelfHostedSyncUrlSetting" export is defined on the "
@/main/settings/settings-readers" mock. Did you forget to return it from "vi.mo
ck"?
If you need to partially mock a module, you can use "importOriginal" helper ins
ide:

    at VitestMocker.createError (file:///D:/Pyprojects/PromptHub-main2/node_mod
ules/[4m.pnpm[24m/vitest@2.1.9_@types+node@24.12.4_jsdom@27.3.0/node_modules/
[4mvitest[24m/dist/chunks/execute.2pr0rHgK.js:321:19)
    at Object.get (file:///D:/Pyprojects/PromptHub-main2/node_modules/[4m.pnpm
[24m/vitest@2.1.9_@types+node@24.12.4_jsdom@27.3.0/node_modules/[4mvitest[24
m/dist/chunks/execute.2pr0rHgK.js:389:22)
    at SkillInstaller.fetchRemoteContent [90m(D:\Pyprojects\PromptHub-main2\ap
ps\desktop\[39msrc\main\services\skill-installer.ts:1661:33[90m)[39m
    at [90mD:\Pyprojects\PromptHub-main2\apps\desktop\[39mtests\unit\main\ski
ll-installer.test.ts:265:26
    at file:///D:/Pyprojects/PromptHub-main2/node_modules/[4m.pnpm[24m/@vites
t+runner@2.1.9/node_modules/[4m@vitest/runner[24m/dist/index.js:146:14
    at file:///D:/Pyprojects/PromptHub-main2/node_modules/[4m.pnpm[24m/@vites
t+runner@2.1.9/node_modules/[4m@vitest/runner[24m/dist/index.js:533:11
    at runWithTimeout (file:///D:/Pyprojects/PromptHub-main2/node_modules/[4m.
pnpm[24m/@vitest+runner@2.1.9/node_modules/[4m@vitest/runner[24m/dist/index.
js:39:7)
    at runTest (file:///D:/Pyprojects/PromptHub-main2/node_modules/[4m.pnpm[2
4m/@vitest+runner@2.1.9/node_modules/[4m@vitest/runner[24m/dist/index.js:1056
:17)
    at runSuite (file:///D:/Pyprojects/PromptHub-main2/node_modules/[4m.pnpm[
24m/@vitest+runner@2.1.9/node_modules/[4m@vitest/runner[24m/dist/index.js:120
5:15)
    at runSuite (file:///D:/Pyprojects/PromptHub-main2/node_modules/[4m.pnpm[
24m/@vitest+runner@2.1.9/node_modules/[4m@vitest/runner[24m/dist/index.js:120
5:15) {
  codeFrame: [32m'vi\x1B[33m.\x1B[39m\x1B[34mmock\x1B[39m(\x1B[35mimport\x1B[3
9m(\x1B[32m"@/main/settings/settings-readers"\x1B[39m)\x1B[33m,\x1B[39m \x1B[35
masync\x1B[39m (importOriginal) \x1B[33m=>\x1B[39m {\n'[39m +
    [32m'  \x1B[35mconst\x1B[39m actual \x1B[33m=\x1B[39m \x1B[35mawait\x1B[39
m \x1B[34mimportOriginal\x1B[39m()\n'[39m +
    [32m'  \x1B[35mreturn\x1B[39m {\n'[39m +
    [32m'    \x1B[33m...\x1B[39mactual\x1B[33m,\x1B[39m\n'[39m +
    [32m'    \x1B[90m// your mocked methods\x1B[39m\n'[39m +
    [32m'  }\n'[39m +
    [32m'})'[39m
}

[90mstderr[2m | tests/unit/main/skill-installer.test.ts[2m > [22m[2mSkillI
nstaller.fetchRemoteContent[2m > [22m[2mallows private network byte fetches 
within an installed source URL path scope
[22m[39mUnable to load skill remote fetch settings, continuing unauthenticate
d: Error: [vitest] No "readSelfHostedSyncUrlSetting" export is defined on the "
@/main/settings/settings-readers" mock. Did you forget to return it from "vi.mo
ck"?
If you need to partially mock a module, you can use "importOriginal" helper ins
ide:

    at VitestMocker.createError (file:///D:/Pyprojects/PromptHub-main2/node_mod
ules/[4m.pnpm[24m/vitest@2.1.9_@types+node@24.12.4_jsdom@27.3.0/node_modules/
[4mvitest[24m/dist/chunks/execute.2pr0rHgK.js:321:19)
    at Object.get (file:///D:/Pyprojects/PromptHub-main2/node_modules/[4m.pnpm
[24m/vitest@2.1.9_@types+node@24.12.4_jsdom@27.3.0/node_modules/[4mvitest[24
m/dist/chunks/execute.2pr0rHgK.js:389:22)
    at SkillInstaller.fetchRemoteContentBytes [90m(D:\Pyprojects\PromptHub-mai
n2\apps\desktop\[39msrc\main\services\skill-installer.ts:1708:33[90m)[39m
    at [90mD:\Pyprojects\PromptHub-main2\apps\desktop\[39mtests\unit\main\ski
ll-installer.test.ts:287:26
    at file:///D:/Pyprojects/PromptHub-main2/node_modules/[4m.pnpm[24m/@vites
t+runner@2.1.9/node_modules/[4m@vitest/runner[24m/dist/index.js:146:14
    at file:///D:/Pyprojects/PromptHub-main2/node_modules/[4m.pnpm[24m/@vites
t+runner@2.1.9/node_modules/[4m@vitest/runner[24m/dist/index.js:533:11
    at runWithTimeout (file:///D:/Pyprojects/PromptHub-main2/node_modules/[4m.
pnpm[24m/@vitest+runner@2.1.9/node_modules/[4m@vitest/runner[24m/dist/index.
js:39:7)
    at runTest (file:///D:/Pyprojects/PromptHub-main2/node_modules/[4m.pnpm[2
4m/@vitest+runner@2.1.9/node_modules/[4m@vitest/runner[24m/dist/index.js:1056
:17)
    at runSuite (file:///D:/Pyprojects/PromptHub-main2/node_modules/[4m.pnpm[
24m/@vitest+runner@2.1.9/node_modules/[4m@vitest/runner[24m/dist/index.js:120
5:15)
    at runSuite (file:///D:/Pyprojects/PromptHub-main2/node_modules/[4m.pnpm[
24m/@vitest+runner@2.1.9/node_modules/[4m@vitest/runner[24m/dist/index.js:120
5:15) {
  codeFrame: [32m'vi\x1B[33m.\x1B[39m\x1B[34mmock\x1B[39m(\x1B[35mimport\x1B[3
9m(\x1B[32m"@/main/settings/settings-readers"\x1B[39m)\x1B[33m,\x1B[39m \x1B[35
masync\x1B[39m (importOriginal) \x1B[33m=>\x1B[39m {\n'[39m +
    [32m'  \x1B[35mconst\x1B[39m actual \x1B[33m=\x1B[39m \x1B[35mawait\x1B[39
m \x1B[34mimportOriginal\x1B[39m()\n'[39m +
    [32m'  \x1B[35mreturn\x1B[39m {\n'[39m +
    [32m'    \x1B[33m...\x1B[39mactual\x1B[33m,\x1B[39m\n'[39m +
    [32m'    \x1B[90m// your mocked methods\x1B[39m\n'[39m +
    [32m'  }\n'[39m +
    [32m'})'[39m
}

[90mstderr[2m | tests/unit/main/skill-installer.test.ts[2m > [22m[2mSkillI
nstaller.fetchRemoteContent[2m > [22m[2mdoes not allow arbitrary private net
work URLs outside installed skill sources
[22m[39mUnable to load skill remote fetch settings, continuing unauthenticate
d: Error: [vitest] No "readSelfHostedSyncUrlSetting" export is defined on the "
@/main/settings/settings-readers" mock. Did you forget to return it from "vi.mo
ck"?
If you need to partially mock a module, you can use "importOriginal" helper ins
ide:

    at VitestMocker.createError (file:///D:/Pyprojects/PromptHub-main2/node_mod
ules/[4m.pnpm[24m/vitest@2.1.9_@types+node@24.12.4_jsdom@27.3.0/node_modules/
[4mvitest[24m/dist/chunks/execute.2pr0rHgK.js:321:19)
    at Object.get (file:///D:/Pyprojects/PromptHub-main2/node_modules/[4m.pnpm
[24m/vitest@2.1.9_@types+node@24.12.4_jsdom@27.3.0/node_modules/[4mvitest[24
m/dist/chunks/execute.2pr0rHgK.js:389:22)
    at SkillInstaller.fetchRemoteContent [90m(D:\Pyprojects\PromptHub-main2\ap
ps\desktop\[39msrc\main\services\skill-installer.ts:1661:33[90m)[39m
    at [90mD:\Pyprojects\PromptHub-main2\apps\desktop\[39mtests\unit\main\ski
ll-installer.test.ts:310:26
    at file:///D:/Pyprojects/PromptHub-main2/node_modules/[4m.pnpm[24m/@vites
t+runner@2.1.9/node_modules/[4m@vitest/runner[24m/dist/index.js:146:14
    at file:///D:/Pyprojects/PromptHub-main2/node_modules/[4m.pnpm[24m/@vites
t+runner@2.1.9/node_modules/[4m@vitest/runner[24m/dist/index.js:533:11
    at runWithTimeout (file:///D:/Pyprojects/PromptHub-main2/node_modules/[4m.
pnpm[24m/@vitest+runner@2.1.9/node_modules/[4m@vitest/runner[24m/dist/index.
js:39:7)
    at runTest (file:///D:/Pyprojects/PromptHub-main2/node_modules/[4m.pnpm[2
4m/@vitest+runner@2.1.9/node_modules/[4m@vitest/runner[24m/dist/index.js:1056
:17)
    at runSuite (file:///D:/Pyprojects/PromptHub-main2/node_modules/[4m.pnpm[
24m/@vitest+runner@2.1.9/node_modules/[4m@vitest/runner[24m/dist/index.js:120
5:15)
    at runSuite (file:///D:/Pyprojects/PromptHub-main2/node_modules/[4m.pnpm[
24m/@vitest+runner@2.1.9/node_modules/[4m@vitest/runner[24m/dist/index.js:120
5:15) {
  codeFrame: [32m'vi\x1B[33m.\x1B[39m\x1B[34mmock\x1B[39m(\x1B[35mimport\x1B[3
9m(\x1B[32m"@/main/settings/settings-readers"\x1B[39m)\x1B[33m,\x1B[39m \x1B[35
masync\x1B[39m (importOriginal) \x1B[33m=>\x1B[39m {\n'[39m +
    [32m'  \x1B[35mconst\x1B[39m actual \x1B[33m=\x1B[39m \x1B[35mawait\x1B[39
m \x1B[34mimportOriginal\x1B[39m()\n'[39m +
    [32m'  \x1B[35mreturn\x1B[39m {\n'[39m +
    [32m'    \x1B[33m...\x1B[39mactual\x1B[33m,\x1B[39m\n'[39m +
    [32m'    \x1B[90m// your mocked methods\x1B[39m\n'[39m +
    [32m'  }\n'[39m +
    [32m'})'[39m
}

[90mstderr[2m | tests/unit/main/skill-installer.test.ts[2m > [22m[2mSkillI
nstaller.fetchRemoteContent[2m > [22m[2mdoes not allow same-origin sibling p
aths outside the installed source URL scope
[22m[39mUnable to load skill remote fetch settings, continuing unauthenticate
d: Error: [vitest] No "readSelfHostedSyncUrlSetting" export is defined on the "
@/main/settings/settings-readers" mock. Did you forget to return it from "vi.mo
ck"?
If you need to partially mock a module, you can use "importOriginal" helper ins
ide:

    at VitestMocker.createError (file:///D:/Pyprojects/PromptHub-main2/node_mod
ules/[4m.pnpm[24m/vitest@2.1.9_@types+node@24.12.4_jsdom@27.3.0/node_modules/
[4mvitest[24m/dist/chunks/execute.2pr0rHgK.js:321:19)
    at Object.get (file:///D:/Pyprojects/PromptHub-main2/node_modules/[4m.pnpm
[24m/vitest@2.1.9_@types+node@24.12.4_jsdom@27.3.0/node_modules/[4mvitest[24
m/dist/chunks/execute.2pr0rHgK.js:389:22)
    at SkillInstaller.fetchRemoteContent [90m(D:\Pyprojects\PromptHub-main2\ap
ps\desktop\[39msrc\main\services\skill-installer.ts:1661:33[90m)[39m
    at [90mD:\Pyprojects\PromptHub-main2\apps\desktop\[39mtests\unit\main\ski
ll-installer.test.ts:330:26
    at file:///D:/Pyprojects/PromptHub-main2/node_modules/[4m.pnpm[24m/@vites
t+runner@2.1.9/node_modules/[4m@vitest/runner[24m/dist/index.js:146:14
    at file:///D:/Pyprojects/PromptHub-main2/node_modules/[4m.pnpm[24m/@vites
t+runner@2.1.9/node_modules/[4m@vitest/runner[24m/dist/index.js:533:11
    at runWithTimeout (file:///D:/Pyprojects/PromptHub-main2/node_modules/[4m.
pnpm[24m/@vitest+runner@2.1.9/node_modules/[4m@vitest/runner[24m/dist/index.
js:39:7)
    at runTest (file:///D:/Pyprojects/PromptHub-main2/node_modules/[4m.pnpm[2
4m/@vitest+runner@2.1.9/node_modules/[4m@vitest/runner[24m/dist/index.js:1056
:17)
    at runSuite (file:///D:/Pyprojects/PromptHub-main2/node_modules/[4m.pnpm[
24m/@vitest+runner@2.1.9/node_modules/[4m@vitest/runner[24m/dist/index.js:120
5:15)
    at runSuite (file:///D:/Pyprojects/PromptHub-main2/node_modules/[4m.pnpm[
24m/@vitest+runner@2.1.9/node_modules/[4m@vitest/runner[24m/dist/index.js:120
5:15) {
  codeFrame: [32m'vi\x1B[33m.\x1B[39m\x1B[34mmock\x1B[39m(\x1B[35mimport\x1B[3
9m(\x1B[32m"@/main/settings/settings-readers"\x1B[39m)\x1B[33m,\x1B[39m \x1B[35
masync\x1B[39m (importOriginal) \x1B[33m=>\x1B[39m {\n'[39m +
    [32m'  \x1B[35mconst\x1B[39m actual \x1B[33m=\x1B[39m \x1B[35mawait\x1B[39
m \x1B[34mimportOriginal\x1B[39m()\n'[39m +
    [32m'  \x1B[35mreturn\x1B[39m {\n'[39m +
    [32m'    \x1B[33m...\x1B[39mactual\x1B[33m,\x1B[39m\n'[39m +
    [32m'    \x1B[90m// your mocked methods\x1B[39m\n'[39m +
    [32m'  }\n'[39m +
    [32m'})'[39m
}

[90mstderr[2m | tests/unit/main/skill-installer.test.ts[2m > [22m[2mSkillI
nstaller.fetchRemoteContent[2m > [22m[2mdoes not allow different private ori
gins even when the path matches
[22m[39mUnable to load skill remote fetch settings, continuing unauthenticate
d: Error: [vitest] No "readSelfHostedSyncUrlSetting" export is defined on the "
@/main/settings/settings-readers" mock. Did you forget to return it from "vi.mo
ck"?
If you need to partially mock a module, you can use "importOriginal" helper ins
ide:

    at VitestMocker.createError (file:///D:/Pyprojects/PromptHub-main2/node_mod
ules/[4m.pnpm[24m/vitest@2.1.9_@types+node@24.12.4_jsdom@27.3.0/node_modules/
[4mvitest[24m/dist/chunks/execute.2pr0rHgK.js:321:19)
    at Object.get (file:///D:/Pyprojects/PromptHub-main2/node_modules/[4m.pnpm
[24m/vitest@2.1.9_@types+node@24.12.4_jsdom@27.3.0/node_modules/[4mvitest[24
m/dist/chunks/execute.2pr0rHgK.js:389:22)
    at SkillInstaller.fetchRemoteContent [90m(D:\Pyprojects\PromptHub-main2\ap
ps\desktop\[39msrc\main\services\skill-installer.ts:1661:33[90m)[39m
    at [90mD:\Pyprojects\PromptHub-main2\apps\desktop\[39mtests\unit\main\ski
ll-installer.test.ts:352:26
    at file:///D:/Pyprojects/PromptHub-main2/node_modules/[4m.pnpm[24m/@vites
t+runner@2.1.9/node_modules/[4m@vitest/runner[24m/dist/index.js:146:14
    at file:///D:/Pyprojects/PromptHub-main2/node_modules/[4m.pnpm[24m/@vites
t+runner@2.1.9/node_modules/[4m@vitest/runner[24m/dist/index.js:533:11
    at runWithTimeout (file:///D:/Pyprojects/PromptHub-main2/node_modules/[4m.
pnpm[24m/@vitest+runner@2.1.9/node_modules/[4m@vitest/runner[24m/dist/index.
js:39:7)
    at runTest (file:///D:/Pyprojects/PromptHub-main2/node_modules/[4m.pnpm[2
4m/@vitest+runner@2.1.9/node_modules/[4m@vitest/runner[24m/dist/index.js:1056
:17)
    at runSuite (file:///D:/Pyprojects/PromptHub-main2/node_modules/[4m.pnpm[
24m/@vitest+runner@2.1.9/node_modules/[4m@vitest/runner[24m/dist/index.js:120
5:15)
    at runSuite (file:///D:/Pyprojects/PromptHub-main2/node_modules/[4m.pnpm[
24m/@vitest+runner@2.1.9/node_modules/[4m@vitest/runner[24m/dist/index.js:120
5:15) {
  codeFrame: [32m'vi\x1B[33m.\x1B[39m\x1B[34mmock\x1B[39m(\x1B[35mimport\x1B[3
9m(\x1B[32m"@/main/settings/settings-readers"\x1B[39m)\x1B[33m,\x1B[39m \x1B[35
masync\x1B[39m (importOriginal) \x1B[33m=>\x1B[39m {\n'[39m +
    [32m'  \x1B[35mconst\x1B[39m actual \x1B[33m=\x1B[39m \x1B[35mawait\x1B[39
m \x1B[34mimportOriginal\x1B[39m()\n'[39m +
    [32m'  \x1B[35mreturn\x1B[39m {\n'[39m +
    [32m'    \x1B[33m...\x1B[39mactual\x1B[33m,\x1B[39m\n'[39m +
    [32m'    \x1B[90m// your mocked methods\x1B[39m\n'[39m +
    [32m'  }\n'[39m +
    [32m'})'[39m
}

[90mstdout[2m | tests/unit/main/rules-workspace.test.ts[2m > [22m[2mrules workspace storage[2m > [22m[2mcreates a managed project rule and indexes it in SQLite
[22m[39mMigrating: Aligning prompt current_version with latest stored version
Database initialized at: D:\tmp\prompthub-rules-dtlWQQ\users\Administrator\data\prompthub.db

[90mstdout[2m | tests/unit/main/rules-workspace.test.ts[2m > [22m[2mrules workspace storage[2m > [22m[2mcreates a managed project rule and indexes it in SQLite
[22m[39m[startup] Pre-0.5.3 backup created at: D:\tmp\prompthub-rules-dtlWQQ\users\Administrator\data\prompthub.db.backup-before-0.5.3.2026-06-20T14-47-11-159Z.db

[90mstdout[2m | tests/unit/main/rules-workspace.test.ts[2m > [22m[2mrules workspace storage[2m > [22m[2msaves managed content, writes versions, and updates rule index state
[22m[39mMigrating: Aligning prompt current_version with latest stored version
Database initialized at: D:\tmp\prompthub-rules-fCpGVN\users\Administrator\data\prompthub.db

[90mstdout[2m | tests/unit/main/rules-workspace.test.ts[2m > [22m[2mrules workspace storage[2m > [22m[2msaves managed content, writes versions, and updates rule index state
[22m[39m[startup] Pre-0.5.3 backup created at: D:\tmp\prompthub-rules-fCpGVN\users\Administrator\data\prompthub.db.backup-before-0.5.3.2026-06-20T14-47-11-697Z.db

[90mstdout[2m | tests/unit/main/rules-workspace.test.ts[2m > [22m[2mrules workspace storage[2m > [22m[2mreports external target edits as out-of-sync with both file versions
[22m[39mMigrating: Aligning prompt current_version with latest stored version
Database initialized at: D:\tmp\prompthub-rules-uxgxll\users\Administrator\data\prompthub.db

[90mstdout[2m | tests/unit/main/rules-workspace.test.ts[2m > [22m[2mrules workspace storage[2m > [22m[2mreports external target edits as out-of-sync with both file versions
[22m[39m[startup] Pre-0.5.3 backup created at: D:\tmp\prompthub-rules-uxgxll\users\Administrator\data\prompthub.db.backup-before-0.5.3.2026-06-20T14-47-12-266Z.db

[90mstderr[2m | tests/unit/components/skill-store-remote.test.tsx[2m > [22m
[2mSkillStore remote loading[2m > [22m[2mdoes not retry indefinitely after 
a remote fetch failure
[22m[39mFailed to load remote store claude-code: Error: Failed to reach GitHu
b. Check your network connection or switch to another network and retry.
    at mapGitHubStoreError [90m(D:\Pyprojects\PromptHub-main2\apps\desktop\[3
9msrc\renderer\services\github-skill-store.ts:159:12[90m)[39m
    at Module.loadGitHubSkillRepo [90m(D:\Pyprojects\PromptHub-main2\apps\desk
top\[39msrc\renderer\services\github-skill-store.ts:254:11[90m)[39m
[90m    at processTicksAndRejections (node:internal/process/task_queues:103:5)
[39m
    at [90mD:\Pyprojects\PromptHub-main2\apps\desktop\[39msrc\renderer\compon
ents\skill\store-remote-sync.ts:330:16
    at [90mD:\Pyprojects\PromptHub-main2\apps\desktop\[39msrc\renderer\compon
ents\skill\store-remote-sync.ts:880:19

[90mstderr[2m | tests/unit/components/skill-store-remote.test.tsx[2m > [22m
[2mSkillStore remote loading[2m > [22m[2mshows retry and network guidance f
or GitHub rate-limit failures
[22m[39mFailed to load remote store claude-code: Error: GitHub API rate limit
 reached. Try again in a few minutes, or switch to another network and retry.
    at mapGitHubStoreError [90m(D:\Pyprojects\PromptHub-main2\apps\desktop\[3
9msrc\renderer\services\github-skill-store.ts:151:12[90m)[39m
    at Module.loadGitHubSkillRepo [90m(D:\Pyprojects\PromptHub-main2\apps\desk
top\[39msrc\renderer\services\github-skill-store.ts:254:11[90m)[39m
    at [90mD:\Pyprojects\PromptHub-main2\apps\desktop\[39msrc\renderer\compon
ents\skill\store-remote-sync.ts:330:16
    at [90mD:\Pyprojects\PromptHub-main2\apps\desktop\[39msrc\renderer\compon
ents\skill\store-remote-sync.ts:880:19

[90mstderr[2m | tests/unit/components/skill-store-remote.test.tsx[2m > [22m
[2mSkillStore remote loading[2m > [22m[2mshows network guidance when GitHub
 cannot be reached
[22m[39mFailed to load remote store claude-code: Error: 鏃犳硶杩炴帴鍒?GitHub锛岃妫€鏌ュ
綋鍓嶇綉缁滐紝鎴栧垏鎹㈢綉缁滃悗鍐嶈瘯銆?    at mapGitHubStoreError [90m(D:\Pyprojects\PromptHub-m
ain2\apps\desktop\[39msrc\renderer\services\github-skill-store.ts:159:12[90m)
[39m
    at Module.loadGitHubSkillRepo [90m(D:\Pyprojects\PromptHub-main2\apps\desk
top\[39msrc\renderer\services\github-skill-store.ts:254:11[90m)[39m
    at [90mD:\Pyprojects\PromptHub-main2\apps\desktop\[39msrc\renderer\compon
ents\skill\store-remote-sync.ts:330:16
    at [90mD:\Pyprojects\PromptHub-main2\apps\desktop\[39msrc\renderer\compon
ents\skill\store-remote-sync.ts:880:19

[90mstderr[2m | tests/unit/components/skill-store-remote.test.tsx[2m > [22m
[2mSkillStore remote loading[2m > [22m[2mshows invalid repository guidance 
when the GitHub repo is missing
[22m[39mFailed to load remote store claude-code: Error: 浠撳簱涓嶅瓨鍦紝鎴栦粨搴撳湴鍧€鏃犳晥锛
岃妫€鏌?GitHub 浠撳簱鍦板潃鍚庨噸璇曘€?    at mapGitHubStoreError [90m(D:\Pyprojects\Prompt
Hub-main2\apps\desktop\[39msrc\renderer\services\github-skill-store.ts:155:12
[90m)[39m
    at Module.loadGitHubSkillRepo [90m(D:\Pyprojects\PromptHub-main2\apps\desk
top\[39msrc\renderer\services\github-skill-store.ts:254:11[90m)[39m
    at [90mD:\Pyprojects\PromptHub-main2\apps\desktop\[39msrc\renderer\compon
ents\skill\store-remote-sync.ts:330:16
    at [90mD:\Pyprojects\PromptHub-main2\apps\desktop\[39msrc\renderer\compon
ents\skill\store-remote-sync.ts:880:19

[90mstdout[2m | tests/unit/main/rules-workspace.test.ts[2m > [22m[2mrules workspace storage[2m > [22m[2mresolves external target edits by importing the target file into the managed copy
[22m[39mMigrating: Aligning prompt current_version with latest stored version
Database initialized at: D:\tmp\prompthub-rules-CQxwDJ\users\Administrator\data\prompthub.db

[90mstdout[2m | tests/unit/main/rules-workspace.test.ts[2m > [22m[2mrules workspace storage[2m > [22m[2mresolves external target edits by importing the target file into the managed copy
[22m[39m[startup] Pre-0.5.3 backup created at: D:\tmp\prompthub-rules-CQxwDJ\users\Administrator\data\prompthub.db.backup-before-0.5.3.2026-06-20T14-47-12-802Z.db

[90mstdout[2m | tests/unit/main/rules-workspace.test.ts[2m > [22m[2mrules workspace storage[2m > [22m[2mresolves external target edits by writing the managed copy back to the target file
[22m[39mMigrating: Aligning prompt current_version with latest stored version
Database initialized at: D:\tmp\prompthub-rules-GDwKOR\users\Administrator\data\prompthub.db

[90mstdout[2m | tests/unit/main/rules-workspace.test.ts[2m > [22m[2mrules workspace storage[2m > [22m[2mresolves external target edits by writing the managed copy back to the target file
[22m[39m[startup] Pre-0.5.3 backup created at: D:\tmp\prompthub-rules-GDwKOR\users\Administrator\data\prompthub.db.backup-before-0.5.3.2026-06-20T14-47-13-341Z.db

 [32m鉁?[39m tests/unit/main/skill-safety-scan.test.ts [2m([22m[2m13 tests[22m[2m)[22m[33m 317[2mms[22m[39m
[90mstderr[2m | tests/unit/main/skill-installer.test.ts[2m > [22m[2mSkillI
nstaller.deleteRepoByPath[2m > [22m[2mblocks deletion of paths outside skill
s directory
[22m[39m[Security] Path traversal blocked on delete: C:\Users\ADMINI~1\AppDat
a\Local\Temp\skill-installer-test-gfHXjQ\outside-dir

[90mstderr[2m | tests/unit/main/skill-installer.test.ts[2m > [22m[2mSkillI
nstaller.deleteRepoByPath[2m > [22m[2mblocks path traversal via ../
[22m[39m[Security] Path traversal blocked on delete: C:\Users\ADMINI~1\AppDat
a\Local\Temp\skill-installer-test-s1JT85\users\Administrator\data\other-dir

[90mstderr[2m | tests/unit/main/prompt-workspace.test.ts[2m > [22m[2mpromp
t workspace storage[2m > [22m[2mimportPromptWorkspaceIntoDatabase resolves d
uplicate prompt.id by newer updatedAt, trashing losers
[22m[39m[prompt-workspace] same-id conflict for prompt dup-id-abc: moving C:\
Users\ADMINI~1\AppData\Local\Temp\prompthub-workspace-5KlICp\users\Administrato
r\data\prompts\loser__dup-id-abc\prompt.md to .trash/conflicts
[prompt-workspace] import completed with skips: 0 folders, 0 prompts, 1 conflic
t losers. See errors above. User data on disk is untouched; see .trash for orph
ans and .trash/conflicts for conflict losers.

[90mstderr[2m | tests/unit/main/prompt-workspace.test.ts[2m > [22m[2mpromp
t workspace storage[2m > [22m[2mQ4 passes skippedPromptDirs to Phase 2 so in
sert-failing imports are not trashed as orphans
[22m[39m[prompt-workspace] failed to import prompt fk-fail-xyz789 (FK Fail): 
SQLite3Error: FOREIGN KEY constraint failed
    at Database._handleError (D:\Pyprojects\PromptHub-main2\node_modules\[4m.p
npm[24m\node-sqlite3-wasm@0.8.53\node_modules\[4mnode-sqlite3-wasm[24m\dist\
node-sqlite3-wasm.js:1:5811)
    at Statement._step (D:\Pyprojects\PromptHub-main2\node_modules\[4m.pnpm[2
4m\node-sqlite3-wasm@0.8.53\node_modules\[4mnode-sqlite3-wasm[24m\dist\node-s
qlite3-wasm.js:1:7500)
    at Statement.run (D:\Pyprojects\PromptHub-main2\node_modules\[4m.pnpm[24m
\node-sqlite3-wasm@0.8.53\node_modules\[4mnode-sqlite3-wasm[24m\dist\node-sql
ite3-wasm.js:1:6254)
    at Statement.run (D:\Pyprojects\PromptHub-main2\packages\db\src\adapter.ts:
58:19)
    at PromptDB.insertPromptDirect (D:\Pyprojects\PromptHub-main2\packages\db\s
rc\prompt.ts:531:8)
    at importPromptWorkspaceIntoDatabase [90m(D:\Pyprojects\PromptHub-main2\ap
ps\desktop\[39msrc\main\services\prompt-workspace.ts:1263:16[90m)[39m
    at Module.bootstrapPromptWorkspace [90m(D:\Pyprojects\PromptHub-main2\apps
\desktop\[39msrc\main\services\prompt-workspace.ts:1420:20[90m)[39m
    at [90mD:\Pyprojects\PromptHub-main2\apps\desktop\[39mtests\unit\main\pro
mpt-workspace.test.ts:624:20
    at file:///D:/Pyprojects/PromptHub-main2/node_modules/[4m.pnpm[24m/@vites
t+runner@2.1.9/node_modules/[4m@vitest/runner[24m/dist/index.js:146:14
    at file:///D:/Pyprojects/PromptHub-main2/node_modules/[4m.pnpm[24m/@vites
t+runner@2.1.9/node_modules/[4m@vitest/runner[24m/dist/index.js:533:11
[prompt-workspace] import completed with skips: 0 folders, 1 prompts, 0 conflic
t losers. See errors above. User data on disk is untouched; see .trash for orph
ans and .trash/conflicts for conflict losers.

 [32m鉁?[39m tests/unit/main/prompt-workspace.test.ts [2m([22m[2m14 tests[22m[2m)[22m[33m 864[2mms[22m[39m
 [32m鉁?[39m tests/unit/main/skill-validator.test.ts [2m([22m[2m59 tests[22m[2m)[22m[90m 22[2mms[22m[39m
[90mstdout[2m | tests/unit/main/rules-workspace.test.ts[2m > [22m[2mrules workspace storage[2m > [22m[2mremoves a project rule from files and SQLite index
[22m[39mMigrating: Aligning prompt current_version with latest stored version
Database initialized at: D:\tmp\prompthub-rules-MS4hH4\users\Administrator\data\prompthub.db

[90mstdout[2m | tests/unit/main/rules-workspace.test.ts[2m > [22m[2mrules workspace storage[2m > [22m[2mremoves a project rule from files and SQLite index
[22m[39m[startup] Pre-0.5.3 backup created at: D:\tmp\prompthub-rules-MS4hH4\users\Administrator\data\prompthub.db.backup-before-0.5.3.2026-06-20T14-47-13-895Z.db

[90mstdout[2m | tests/unit/main/rules-workspace.test.ts[2m > [22m[2mrules workspace storage[2m > [22m[2mimports backup records into managed files and SQLite index
[22m[39mMigrating: Aligning prompt current_version with latest stored version
Database initialized at: D:\tmp\prompthub-rules-fKmz3F\users\Administrator\data\prompthub.db

[90mstdout[2m | tests/unit/main/rules-workspace.test.ts[2m > [22m[2mrules workspace storage[2m > [22m[2mimports backup records into managed files and SQLite index
[22m[39m[startup] Pre-0.5.3 backup created at: D:\tmp\prompthub-rules-fKmz3F\users\Administrator\data\prompthub.db.backup-before-0.5.3.2026-06-20T14-47-14-503Z.db

[90mstdout[2m | tests/unit/main/skill-installer.test.ts[2m > [22m[2mP1-11: platform config concurrent safety[2m > [22m[2minstallToPlatform writes valid config to file
[22m[39mSuccessfully installed skill __p1-test-server__ to claude

[90mstdout[2m | tests/unit/main/skill-installer.test.ts[2m > [22m[2mP1-11: platform config concurrent safety[2m > [22m[2minstallToPlatform writes valid config to file
[22m[39mSuccessfully uninstalled skill __p1-test-server__ from claude

[90mstdout[2m | tests/unit/main/skill-installer.test.ts[2m > [22m[2mP1-11: platform config concurrent safety[2m > [22m[2mconcurrent installToPlatform calls are serialized (no data loss)
[22m[39mSuccessfully installed skill __lock-test-0__ to claude

[90mstdout[2m | tests/unit/main/skill-installer.test.ts[2m > [22m[2mP1-11: platform config concurrent safety[2m > [22m[2mconcurrent installToPlatform calls are serialized (no data loss)
[22m[39mSuccessfully installed skill __lock-test-1__ to claude

[90mstdout[2m | tests/unit/main/skill-installer.test.ts[2m > [22m[2mP1-11: platform config concurrent safety[2m > [22m[2mconcurrent installToPlatform calls are serialized (no data loss)
[22m[39mSuccessfully installed skill __lock-test-2__ to claude

[90mstdout[2m | tests/unit/main/skill-installer.test.ts[2m > [22m[2mP1-11: platform config concurrent safety[2m > [22m[2mconcurrent installToPlatform calls are serialized (no data loss)
[22m[39mSuccessfully installed skill __lock-test-3__ to claude

[90mstdout[2m | tests/unit/main/skill-installer.test.ts[2m > [22m[2mP1-11: platform config concurrent safety[2m > [22m[2mconcurrent installToPlatform calls are serialized (no data loss)
[22m[39mSuccessfully installed skill __lock-test-4__ to claude

[90mstdout[2m | tests/unit/main/skill-installer.test.ts[2m > [22m[2mP1-11: platform config concurrent safety[2m > [22m[2mconcurrent installToPlatform calls are serialized (no data loss)
[22m[39mSuccessfully uninstalled skill __lock-test-0__ from claude

[90mstdout[2m | tests/unit/main/skill-installer.test.ts[2m > [22m[2mP1-11: platform config concurrent safety[2m > [22m[2mconcurrent installToPlatform calls are serialized (no data loss)
[22m[39mSuccessfully uninstalled skill __lock-test-1__ from claude

[90mstdout[2m | tests/unit/main/skill-installer.test.ts[2m > [22m[2mP1-11: platform config concurrent safety[2m > [22m[2mconcurrent installToPlatform calls are serialized (no data loss)
[22m[39mSuccessfully uninstalled skill __lock-test-2__ from claude

[90mstdout[2m | tests/unit/main/skill-installer.test.ts[2m > [22m[2mP1-11: platform config concurrent safety[2m > [22m[2mconcurrent installToPlatform calls are serialized (no data loss)
[22m[39mSuccessfully uninstalled skill __lock-test-3__ from claude

[90mstdout[2m | tests/unit/main/skill-installer.test.ts[2m > [22m[2mP1-11: platform config concurrent safety[2m > [22m[2mconcurrent installToPlatform calls are serialized (no data loss)
[22m[39mSuccessfully uninstalled skill __lock-test-4__ from claude

 [32m鉁?[39m tests/unit/components/top-bar.test.tsx [2m([22m[2m12 tests[22m[2m)[22m[33m 1377[2mms[22m[39m
   [33m[2m鉁?[22m[39m TopBar[2m > [22mrenders the create mode dropdown in a portal when the split button is opened [33m559[2mms[22m[39m
[90mstdout[2m | tests/unit/main/rules-workspace.test.ts[2m > [22m[2mrules workspace storage[2m > [22m[2mremoves project rules missing from a replace import
[22m[39mMigrating: Aligning prompt current_version with latest stored version
Database initialized at: D:\tmp\prompthub-rules-mvcfMn\users\Administrator\data\prompthub.db

[90mstdout[2m | tests/unit/main/rules-workspace.test.ts[2m > [22m[2mrules workspace storage[2m > [22m[2mremoves project rules missing from a replace import
[22m[39m[startup] Pre-0.5.3 backup created at: D:\tmp\prompthub-rules-mvcfMn\users\Administrator\data\prompthub.db.backup-before-0.5.3.2026-06-20T14-47-15-879Z.db

[90mstderr[2m | tests/unit/components/data-settings.test.tsx[2m > [22m[2mD
ataSettings[2m > [22m[2mincludes rules in selective export by default
[22m[39mNot implemented: navigation to another Document

[90mstdout[2m | tests/unit/main/rules-workspace.test.ts[2m > [22m[2mrules workspace storage[2m > [22m[2mkeeps unique history after the version retention limit
[22m[39mMigrating: Aligning prompt current_version with latest stored version
Database initialized at: D:\tmp\prompthub-rules-nu7PIJ\users\Administrator\data\prompthub.db

[90mstdout[2m | tests/unit/main/rules-workspace.test.ts[2m > [22m[2mrules workspace storage[2m > [22m[2mkeeps unique history after the version retention limit
[22m[39m[startup] Pre-0.5.3 backup created at: D:\tmp\prompthub-rules-nu7PIJ\users\Administrator\data\prompthub.db.backup-before-0.5.3.2026-06-20T14-47-16-742Z.db

[90mstdout[2m | tests/unit/main/skill-installer.test.ts[2m > [22m[2mSkillInstaller.scanLocal (with real DB)[2m > [22m[2mreturns imported count and empty skipped array for fresh import
[22m[39mScanning path for skills: C:\Users\ADMINI~1\AppData\Local\Temp\scanlocal-test-BosSBU\users\Administrator\data\skills

[90mstdout[2m | tests/unit/main/skill-installer.test.ts[2m > [22m[2mSkillInstaller.scanLocal (with real DB)[2m > [22m[2mreturns imported count and empty skipped array for fresh import
[22m[39mDiscovered local skill via SKILL.md: alpha in alpha

[90mstdout[2m | tests/unit/main/skill-installer.test.ts[2m > [22m[2mSkillInstaller.scanLocal (with real DB)[2m > [22m[2mreturns imported count and empty skipped array for fresh import
[22m[39mDiscovered local skill via SKILL.md: beta in beta
Scan path does not exist, skipping: C:\Users\ADMINI~1\AppData\Local\Temp\scanlocal-test-BosSBU\.claude\skills
Scan path does not exist, skipping: C:\Users\ADMINI~1\AppData\Local\Temp\scanlocal-test-BosSBU\.copilot\skills
Scan path does not exist, skipping: C:\Users\ADMINI~1\AppData\Local\Temp\scanlocal-test-BosSBU\.cursor\skills
Scan path does not exist, skipping: C:\Users\ADMINI~1\AppData\Local\Temp\scanlocal-test-BosSBU\AppData\Roaming\CherryStudio\Data\Skills
Scan path does not exist, skipping: C:\Users\ADMINI~1\AppData\Local\Temp\scanlocal-test-BosSBU\.codeium\windsurf\skills
Scan path does not exist, skipping: C:\Users\ADMINI~1\AppData\Local\Temp\scanlocal-test-BosSBU\.kiro\skills
Scan path does not exist, skipping: C:\Users\ADMINI~1\AppData\Local\Temp\scanlocal-test-BosSBU\.gemini\skills
Scan path does not exist, skipping: C:\Users\ADMINI~1\AppData\Local\Temp\scanlocal-test-BosSBU\.gemini\antigravity\skills
Scan path does not exist, skipping: C:\Users\ADMINI~1\AppData\Local\Temp\scanlocal-test-BosSBU\.trae\skills
Scan path does not exist, skipping: C:\Users\ADMINI~1\AppData\Local\Temp\scanlocal-test-BosSBU\.trae-cn\skills
Scan path does not exist, skipping: C:\Users\ADMINI~1\AppData\Local\Temp\scanlocal-test-BosSBU\.config\opencode\skills
Scan path does not exist, skipping: C:\Users\ADMINI~1\AppData\Local\Temp\scanlocal-test-BosSBU\.cline\skills
Scan path does not exist, skipping: C:\Users\ADMINI~1\AppData\Local\Temp\scanlocal-test-BosSBU\.codex\skills
Scan path does not exist, skipping: C:\Users\ADMINI~1\AppData\Local\Temp\scanlocal-test-BosSBU\.kilo\skills
Scan path does not exist, skipping: C:\Users\ADMINI~1\AppData\Local\Temp\scanlocal-test-BosSBU\AppData\Roaming\amp\skills
Scan path does not exist, skipping: C:\Users\ADMINI~1\AppData\Local\Temp\scanlocal-test-BosSBU\.openclaw\skills
Scan path does not exist, skipping: C:\Users\ADMINI~1\AppData\Local\Temp\scanlocal-test-BosSBU\.qoder\skills
Scan path does not exist, skipping: C:\Users\ADMINI~1\AppData\Local\Temp\scanlocal-test-BosSBU\.qoderwork\skills
Scan path does not exist, skipping: C:\Users\ADMINI~1\AppData\Local\Temp\scanlocal-test-BosSBU\.hermes\skills

[90mstdout[2m | tests/unit/main/skill-installer.test.ts[2m > [22m[2mSkillInstaller.scanLocal (with real DB)[2m > [22m[2mreturns imported count and empty skipped array for fresh import
[22m[39mScan path does not exist, skipping: C:\Users\ADMINI~1\AppData\Local\Temp\scanlocal-test-BosSBU\.codebuddy\skills

[90mstderr[2m | tests/unit/components/data-settings.test.tsx[2m > [22m[2mD
ataSettings[2m > [22m[2mshows only the latest three upgrade backups until ex
panded
[22m[39mNot implemented: navigation to another Document

[90mstdout[2m | tests/unit/main/skill-installer.test.ts[2m > [22m[2mSkillInstaller.scanLocal (with real DB)[2m > [22m[2mreports name collisions in the skipped array
[22m[39mScanning path for skills: C:\Users\ADMINI~1\AppData\Local\Temp\scanlocal-test-bE11KO\users\Administrator\data\skills

[90mstdout[2m | tests/unit/main/skill-installer.test.ts[2m > [22m[2mSkillInstaller.scanLocal (with real DB)[2m > [22m[2mreports name collisions in the skipped array
[22m[39mSkipped already-installed skill: existing-skill
Discovered local skill via SKILL.md: new-skill in new-skill

[90mstdout[2m | tests/unit/main/skill-installer.test.ts[2m > [22m[2mSkillInstaller.scanLocal (with real DB)[2m > [22m[2mreports name collisions in the skipped array
[22m[39mScan path does not exist, skipping: C:\Users\ADMINI~1\AppData\Local\Temp\scanlocal-test-bE11KO\.claude\skills
Scan path does not exist, skipping: C:\Users\ADMINI~1\AppData\Local\Temp\scanlocal-test-bE11KO\.copilot\skills
Scan path does not exist, skipping: C:\Users\ADMINI~1\AppData\Local\Temp\scanlocal-test-bE11KO\.cursor\skills

[90mstdout[2m | tests/unit/main/skill-installer.test.ts[2m > [22m[2mSkillInstaller.scanLocal (with real DB)[2m > [22m[2mreports name collisions in the skipped array
[22m[39mScan path does not exist, skipping: C:\Users\ADMINI~1\AppData\Local\Temp\scanlocal-test-bE11KO\AppData\Roaming\CherryStudio\Data\Skills
Scan path does not exist, skipping: C:\Users\ADMINI~1\AppData\Local\Temp\scanlocal-test-bE11KO\.codeium\windsurf\skills
Scan path does not exist, skipping: C:\Users\ADMINI~1\AppData\Local\Temp\scanlocal-test-bE11KO\.kiro\skills
Scan path does not exist, skipping: C:\Users\ADMINI~1\AppData\Local\Temp\scanlocal-test-bE11KO\.gemini\skills
Scan path does not exist, skipping: C:\Users\ADMINI~1\AppData\Local\Temp\scanlocal-test-bE11KO\.gemini\antigravity\skills
Scan path does not exist, skipping: C:\Users\ADMINI~1\AppData\Local\Temp\scanlocal-test-bE11KO\.trae\skills
Scan path does not exist, skipping: C:\Users\ADMINI~1\AppData\Local\Temp\scanlocal-test-bE11KO\.trae-cn\skills
Scan path does not exist, skipping: C:\Users\ADMINI~1\AppData\Local\Temp\scanlocal-test-bE11KO\.config\opencode\skills
Scan path does not exist, skipping: C:\Users\ADMINI~1\AppData\Local\Temp\scanlocal-test-bE11KO\.cline\skills
Scan path does not exist, skipping: C:\Users\ADMINI~1\AppData\Local\Temp\scanlocal-test-bE11KO\.codex\skills
Scan path does not exist, skipping: C:\Users\ADMINI~1\AppData\Local\Temp\scanlocal-test-bE11KO\.kilo\skills
Scan path does not exist, skipping: C:\Users\ADMINI~1\AppData\Local\Temp\scanlocal-test-bE11KO\AppData\Roaming\amp\skills
Scan path does not exist, skipping: C:\Users\ADMINI~1\AppData\Local\Temp\scanlocal-test-bE11KO\.openclaw\skills
Scan path does not exist, skipping: C:\Users\ADMINI~1\AppData\Local\Temp\scanlocal-test-bE11KO\.qoder\skills
Scan path does not exist, skipping: C:\Users\ADMINI~1\AppData\Local\Temp\scanlocal-test-bE11KO\.qoderwork\skills
Scan path does not exist, skipping: C:\Users\ADMINI~1\AppData\Local\Temp\scanlocal-test-bE11KO\.hermes\skills
Scan path does not exist, skipping: C:\Users\ADMINI~1\AppData\Local\Temp\scanlocal-test-bE11KO\.codebuddy\skills

 [32m鉁?[39m tests/unit/components/data-settings.test.tsx [2m([22m[2m19 tests[22m[2m)[22m[33m 7663[2mms[22m[39m
   [33m[2m鉁?[22m[39m DataSettings[2m > [22moffers switching instead of migrating when the selected directory already has data [33m1266[2mms[22m[39m
   [33m[2m鉁?[22m[39m DataSettings[2m > [22mmigrates immediately after confirmation when the selected directory is empty [33m1338[2mms[22m[39m
   [33m[2m鉁?[22m[39m DataSettings[2m > [22mdoes not prompt for restart when the chosen data directory is already active [33m1343[2mms[22m[39m
   [33m[2m鉁?[22m[39m DataSettings[2m > [22mlets users add manual recovery scan directories and open the recovery browser [33m322[2mms[22m[39m
   [33m[2m鉁?[22m[39m DataSettings[2m > [22mimports a backup file through the import action with preview confirmation [33m343[2mms[22m[39m
   [33m[2m鉁?[22m[39m DataSettings[2m > [22mtests a self-hosted PromptHub connection from desktop settings [33m317[2mms[22m[39m
   [33m[2m鉁?[22m[39m DataSettings[2m > [22mlets users choose one active sync source while keeping self-hosted target enabled [33m505[2mms[22m[39m
   [33m[2m鉁?[22m[39m DataSettings[2m > [22mshows only the latest three upgrade backups until expanded [33m379[2mms[22m[39m
   [33m[2m鉁?[22m[39m DataSettings[2m > [22mconfirms and restores an upgrade backup [33m365[2mms[22m[39m
[90mstdout[2m | tests/unit/main/skill-installer.test.ts[2m > [22m[2mSkillInstaller.scanLocal (with real DB)[2m > [22m[2mreturns zero imported and empty skipped for empty directories
[22m[39mScanning path for skills: C:\Users\ADMINI~1\AppData\Local\Temp\scanlocal-test-ymXRxp\users\Administrator\data\skills

[90mstdout[2m | tests/unit/main/skill-installer.test.ts[2m > [22m[2mSkillInstaller.scanLocal (with real DB)[2m > [22m[2mreturns zero imported and empty skipped for empty directories
[22m[39mScan path does not exist, skipping: C:\Users\ADMINI~1\AppData\Local\Temp\scanlocal-test-ymXRxp\.claude\skills
Scan path does not exist, skipping: C:\Users\ADMINI~1\AppData\Local\Temp\scanlocal-test-ymXRxp\.copilot\skills
Scan path does not exist, skipping: C:\Users\ADMINI~1\AppData\Local\Temp\scanlocal-test-ymXRxp\.cursor\skills

[90mstdout[2m | tests/unit/main/skill-installer.test.ts[2m > [22m[2mSkillInstaller.scanLocal (with real DB)[2m > [22m[2mreturns zero imported and empty skipped for empty directories
[22m[39mScan path does not exist, skipping: C:\Users\ADMINI~1\AppData\Local\Temp\scanlocal-test-ymXRxp\AppData\Roaming\CherryStudio\Data\Skills
Scan path does not exist, skipping: C:\Users\ADMINI~1\AppData\Local\Temp\scanlocal-test-ymXRxp\.codeium\windsurf\skills
Scan path does not exist, skipping: C:\Users\ADMINI~1\AppData\Local\Temp\scanlocal-test-ymXRxp\.kiro\skills
Scan path does not exist, skipping: C:\Users\ADMINI~1\AppData\Local\Temp\scanlocal-test-ymXRxp\.gemini\skills
Scan path does not exist, skipping: C:\Users\ADMINI~1\AppData\Local\Temp\scanlocal-test-ymXRxp\.gemini\antigravity\skills
Scan path does not exist, skipping: C:\Users\ADMINI~1\AppData\Local\Temp\scanlocal-test-ymXRxp\.trae\skills
Scan path does not exist, skipping: C:\Users\ADMINI~1\AppData\Local\Temp\scanlocal-test-ymXRxp\.trae-cn\skills
Scan path does not exist, skipping: C:\Users\ADMINI~1\AppData\Local\Temp\scanlocal-test-ymXRxp\.config\opencode\skills
Scan path does not exist, skipping: C:\Users\ADMINI~1\AppData\Local\Temp\scanlocal-test-ymXRxp\.cline\skills
Scan path does not exist, skipping: C:\Users\ADMINI~1\AppData\Local\Temp\scanlocal-test-ymXRxp\.codex\skills
Scan path does not exist, skipping: C:\Users\ADMINI~1\AppData\Local\Temp\scanlocal-test-ymXRxp\.kilo\skills
Scan path does not exist, skipping: C:\Users\ADMINI~1\AppData\Local\Temp\scanlocal-test-ymXRxp\AppData\Roaming\amp\skills
Scan path does not exist, skipping: C:\Users\ADMINI~1\AppData\Local\Temp\scanlocal-test-ymXRxp\.openclaw\skills
Scan path does not exist, skipping: C:\Users\ADMINI~1\AppData\Local\Temp\scanlocal-test-ymXRxp\.qoder\skills
Scan path does not exist, skipping: C:\Users\ADMINI~1\AppData\Local\Temp\scanlocal-test-ymXRxp\.qoderwork\skills
Scan path does not exist, skipping: C:\Users\ADMINI~1\AppData\Local\Temp\scanlocal-test-ymXRxp\.hermes\skills
Scan path does not exist, skipping: C:\Users\ADMINI~1\AppData\Local\Temp\scanlocal-test-ymXRxp\.codebuddy\skills

 [32m鉁?[39m tests/unit/components/skill-agents-view.test.tsx [2m([22m[2m14 tests[22m[2m)[22m[33m 5861[2mms[22m[39m
   [33m[2m鉁?[22m[39m SkillAgentsView[2m > [22mrenders the agent skill browser without opening a persistent detail pane [33m1068[2mms[22m[39m
   [33m[2m鉁?[22m[39m SkillAgentsView[2m > [22mshows a source-target action for external symlink agent skills [33m655[2mms[22m[39m
   [33m[2m鉁?[22m[39m SkillAgentsView[2m > [22mopens a full-width detail view after clicking an agent skill [33m1237[2mms[22m[39m
   [33m[2m鉁?[22m[39m SkillAgentsView[2m > [22muninstalls the selected agent skill by platform skill path and refreshes the scan [33m421[2mms[22m[39m
   [33m[2m鉁?[22m[39m SkillAgentsView[2m > [22mmarks Cherry Studio built-in skills and prevents deleting them [33m368[2mms[22m[39m
   [33m[2m鉁?[22m[39m SkillAgentsView[2m > [22minstalls a My Skills entry into the selected agent through the symlink API [33m928[2mms[22m[39m
   [33m[2m鉁?[22m[39m SkillAgentsView[2m > [22mopens the managed library skill from an agent-scanned skill [33m353[2mms[22m[39m
[90mstderr[2m | tests/unit/components/skill-agents-view.test.tsx[2m > [22m
[2mSkillAgentsView[2m > [22m[2mopens the managed library skill from an agent
-scanned skill
[22m[39mWarning: An update to SkillFullDetailPage inside a test was not wrapp
ed in act(...).

When testing, code that causes React state updates should be wrapped into act(.
..):

act(() => {
  /* fire events that update state */
});
/* assert on the output */

This ensures that you're testing the behavior the user would see in the browser
. Learn more at https://reactjs.org/link/wrap-tests-with-act
    at SkillFullDetailPage (D:\Pyprojects\PromptHub-main2\apps\desktop\src\rend
erer\components\skill\SkillFullDetailPage.tsx:79:50)
    at SkillAgentsView (D:\Pyprojects\PromptHub-main2\apps\desktop\src\renderer
\components\skill\SkillAgentsView.tsx:46:40)
Warning: An update to SkillFullDetailPage inside a test was not wrapped in act(
...).

When testing, code that causes React state updates should be wrapped into act(.
..):

act(() => {
  /* fire events that update state */
});
/* assert on the output */

This ensures that you're testing the behavior the user would see in the browser
. Learn more at https://reactjs.org/link/wrap-tests-with-act
    at SkillFullDetailPage (D:\Pyprojects\PromptHub-main2\apps\desktop\src\rend
erer\components\skill\SkillFullDetailPage.tsx:79:50)
    at SkillAgentsView (D:\Pyprojects\PromptHub-main2\apps\desktop\src\renderer
\components\skill\SkillAgentsView.tsx:46:40)
Warning: An update to SkillFullDetailPage inside a test was not wrapped in act(
...).

When testing, code that causes React state updates should be wrapped into act(.
..):

act(() => {
  /* fire events that update state */
});
/* assert on the output */

This ensures that you're testing the behavior the user would see in the browser
. Learn more at https://reactjs.org/link/wrap-tests-with-act
    at SkillFullDetailPage (D:\Pyprojects\PromptHub-main2\apps\desktop\src\rend
erer\components\skill\SkillFullDetailPage.tsx:79:50)
    at SkillAgentsView (D:\Pyprojects\PromptHub-main2\apps\desktop\src\renderer
\components\skill\SkillAgentsView.tsx:46:40)
Warning: An update to SkillFullDetailPage inside a test was not wrapped in act(
...).

When testing, code that causes React state updates should be wrapped into act(.
..):

act(() => {
  /* fire events that update state */
});
/* assert on the output */

This ensures that you're testing the behavior the user would see in the browser
. Learn more at https://reactjs.org/link/wrap-tests-with-act
    at SkillFullDetailPage (D:\Pyprojects\PromptHub-main2\apps\desktop\src\rend
erer\components\skill\SkillFullDetailPage.tsx:79:50)
    at SkillAgentsView (D:\Pyprojects\PromptHub-main2\apps\desktop\src\renderer
\components\skill\SkillAgentsView.tsx:46:40)
Warning: An update to SkillFullDetailPage inside a test was not wrapped in act(
...).

When testing, code that causes React state updates should be wrapped into act(.
..):

act(() => {
  /* fire events that update state */
});
/* assert on the output */

This ensures that you're testing the behavior the user would see in the browser
. Learn more at https://reactjs.org/link/wrap-tests-with-act
    at SkillFullDetailPage (D:\Pyprojects\PromptHub-main2\apps\desktop\src\rend
erer\components\skill\SkillFullDetailPage.tsx:79:50)
    at SkillAgentsView (D:\Pyprojects\PromptHub-main2\apps\desktop\src\renderer
\components\skill\SkillAgentsView.tsx:46:40)
Warning: An update to SkillFullDetailPage inside a test was not wrapped in act(
...).

When testing, code that causes React state updates should be wrapped into act(.
..):

act(() => {
  /* fire events that update state */
});
/* assert on the output */

This ensures that you're testing the behavior the user would see in the browser
. Learn more at https://reactjs.org/link/wrap-tests-with-act
    at SkillFullDetailPage (D:\Pyprojects\PromptHub-main2\apps\desktop\src\rend
erer\components\skill\SkillFullDetailPage.tsx:79:50)
    at SkillAgentsView (D:\Pyprojects\PromptHub-main2\apps\desktop\src\renderer
\components\skill\SkillAgentsView.tsx:46:40)

 [32m鉁?[39m tests/unit/components/rules-manager.test.tsx [2m([22m[2m7 tests[22m[2m)[22m[33m 2758[2mms[22m[39m
   [33m[2m鉁?[22m[39m RulesManager[2m > [22mopens the selected rule location for a managed project rule [33m567[2mms[22m[39m
   [33m[2m鉁?[22m[39m RulesManager[2m > [22mprompts for a sync direction when the external rule file changed [33m416[2mms[22m[39m
   [33m[2m鉁?[22m[39m RulesManager[2m > [22mrewrites a rule draft with AI and then saves the updated content [33m304[2mms[22m[39m
   [33m[2m鉁?[22m[39m RulesManager[2m > [22mpreviews a version snapshot and restores it to the draft [33m770[2mms[22m[39m
   [33m[2m鉁?[22m[39m RulesManager[2m > [22mreturns to the draft view when clicking the current saved snapshot card [33m536[2mms[22m[39m
[90mstdout[2m | tests/unit/main/skill-installer.test.ts[2m > [22m[2mSkillInstaller.installFromGithub[2m > [22m[2maccepts self-hosted git repository URLs
[22m[39mCloning https://gitea.example.com/icelemon/skills to C:\Users\ADMINI~1\AppData\Local\Temp\skill-installer-test-MBQf4P\users\Administrator\data\skills\icelemon-skills

[90mstdout[2m | tests/unit/main/skill-installer.test.ts[2m > [22m[2mSkillInstaller.installFromGithub[2m > [22m[2mremoves the temporary clone after moving a GitHub install into the managed repo
[22m[39mCloning https://github.com/owner/repo to C:\Users\ADMINI~1\AppData\Local\Temp\skill-installer-test-cAU8vm\users\Administrator\data\skills\owner-repo

[90mstdout[2m | tests/unit/main/skill-installer.test.ts[2m > [22m[2mSkillInstaller.installFromGithub[2m > [22m[2mrolls back the created DB row when post-create persistence fails
[22m[39mCloning https://github.com/owner/repo to C:\Users\ADMINI~1\AppData\Local\Temp\skill-installer-test-L3nP5h\users\Administrator\data\skills\owner-repo

[90mstderr[2m | tests/unit/main/skill-installer.test.ts[2m > [22m[2mSkillI
nstaller.installFromGithub[2m > [22m[2mrolls back the created DB row when po
st-create persistence fails
[22m[39mInstallation failed: Error: update failed
    at Object.<anonymous> [90m(D:\Pyprojects\PromptHub-main2\apps\desktop\[39
mtests\unit\main\skill-installer.test.ts:3169:15[90m)[39m
    at Object.mockCall (file:///D:/Pyprojects/PromptHub-main2/node_modules/[4m
.pnpm[24m/@vitest+spy@2.1.9/node_modules/[4m@vitest/spy[24m/dist/index.js:61
:17)
    at Object.spy [as update] (file:///D:/Pyprojects/PromptHub-main2/node_modul
es/[4m.pnpm[24m/tinyspy@3.0.2/node_modules/[4mtinyspy[24m/dist/index.js:45:
80)
    at SkillInstaller.installFromGithub [90m(D:\Pyprojects\PromptHub-main2\app
s\desktop\[39msrc\main\services\skill-installer.ts:693:12[90m)[39m
    at [90mD:\Pyprojects\PromptHub-main2\apps\desktop\[39mtests\unit\main\ski
ll-installer.test.ts:3192:5
    at file:///D:/Pyprojects/PromptHub-main2/node_modules/[4m.pnpm[24m/@vites
t+runner@2.1.9/node_modules/[4m@vitest/runner[24m/dist/index.js:533:5
    at runTest (file:///D:/Pyprojects/PromptHub-main2/node_modules/[4m.pnpm[2
4m/@vitest+runner@2.1.9/node_modules/[4m@vitest/runner[24m/dist/index.js:1056
:11)
    at runSuite (file:///D:/Pyprojects/PromptHub-main2/node_modules/[4m.pnpm[
24m/@vitest+runner@2.1.9/node_modules/[4m@vitest/runner[24m/dist/index.js:120
5:15)
    at runSuite (file:///D:/Pyprojects/PromptHub-main2/node_modules/[4m.pnpm[
24m/@vitest+runner@2.1.9/node_modules/[4m@vitest/runner[24m/dist/index.js:120
5:15)
    at runFiles (file:///D:/Pyprojects/PromptHub-main2/node_modules/[4m.pnpm[
24m/@vitest+runner@2.1.9/node_modules/[4m@vitest/runner[24m/dist/index.js:126
2:5)

[90mstdout[2m | tests/unit/main/skill-installer.test.ts[2m > [22m[2mSkillInstaller.installFromGithub[2m > [22m[2maccepts SSH GitHub URLs and clones using the original SSH address
[22m[39mCloning git@github.com:owner/repo.git to C:\Users\ADMINI~1\AppData\Local\Temp\skill-installer-test-eEk1kw\users\Administrator\data\skills\owner-repo

 [32m鉁?[39m tests/integration/components/skill-ui.integration.test.tsx [2m([22m[2m10 tests[22m[2m)[22m[33m 6621[2mms[22m[39m
   [33m[2m鉁?[22m[39m skill ui integration[2m > [22mrenders skill manager with real english locale and updates selection summary [33m1783[2mms[22m[39m
   [33m[2m鉁?[22m[39m skill ui integration[2m > [22mpaginates skills and exposes row context actions [33m1964[2mms[22m[39m
   [33m[2m鉁?[22m[39m skill ui integration[2m > [22mlocalizes skill row context actions in chinese [33m1166[2mms[22m[39m
   [33m[2m鉁?[22m[39m skill ui integration[2m > [22mcreates a snapshot from the detail page through the in-app modal [33m825[2mms[22m[39m
   [33m[2m鉁?[22m[39m skill ui integration[2m > [22mimports and updates a local store source skill using the latest local SKILL.md content [33m475[2mms[22m[39m
 [32m鉁?[39m tests/unit/main/security.test.ts [2m([22m[2m37 tests[22m[2m)[22m[33m 4026[2mms[22m[39m
   [33m[2m鉁?[22m[39m security module[2m > [22madversarial inputs[2m > [22msurvives rapid set鈫抣ock鈫抲nlock cycles [33m871[2mms[22m[39m
 [32m鉁?[39m tests/unit/main/skill-installer.test.ts [2m([22m[2m174 tests[22m[2m)[22m[33m 8922[2mms[22m[39m
   [33m[2m鉁?[22m[39m SkillInstaller external repo by-path access[2m > [22mreturns preview data URLs for supported resource files without changing bulk reads [33m377[2mms[22m[39m
   [33m[2m鉁?[22m[39m SkillInstaller stress tests[2m > [22mhandles 20 rapid creates and deletes [33m394[2mms[22m[39m
   [33m[2m鉁?[22m[39m SkillInstaller.scanLocal (with real DB)[2m > [22mreturns imported count and empty skipped array for fresh import [33m566[2mms[22m[39m
   [33m[2m鉁?[22m[39m SkillInstaller.scanLocal (with real DB)[2m > [22mreports name collisions in the skipped array [33m486[2mms[22m[39m
   [33m[2m鉁?[22m[39m SkillInstaller.scanLocal (with real DB)[2m > [22mreturns zero imported and empty skipped for empty directories [33m471[2mms[22m[39m
   [33m[2m鉁?[22m[39m P3: skills table UNIQUE index on source_id[2m > [22mprevents inserting two skills with the same source_id at DB level [33m442[2mms[22m[39m
[90mstdout[2m | tests/unit/main/rules-workspace.test.ts[2m > [22m[2mrules workspace storage[2m > [22m[2malways includes built-in global rule descriptors even when target files are missing
[22m[39mMigrating: Aligning prompt current_version with latest stored version
Database initialized at: D:\tmp\prompthub-rules-kYtcvg\users\Administrator\data\prompthub.db
[startup] Pre-0.5.3 backup created at: D:\tmp\prompthub-rules-kYtcvg\users\Administrator\data\prompthub.db.backup-before-0.5.3.2026-06-20T14-47-19-486Z.db

 [32m鉁?[39m tests/unit/components/create-skill-modal.test.tsx [2m([22m[2m10 tests[22m[2m)[22m[33m 2044[2mms[22m[39m
   [33m[2m鉁?[22m[39m CreateSkillModal GitHub import[2m > [22mcreates a starter package SKILL.md when manual instructions are blank [33m1435[2mms[22m[39m
[90mstdout[2m | tests/unit/main/rules-workspace.test.ts[2m > [22m[2mrules workspace storage[2m > [22m[2mdeduplicates concurrent initial snapshots for global rules on first read
[22m[39mMigrating: Aligning prompt current_version with latest stored version
Database initialized at: D:\tmp\prompthub-rules-rvt7Fo\users\Administrator\data\prompthub.db

[90mstdout[2m | tests/unit/main/rules-workspace.test.ts[2m > [22m[2mrules workspace storage[2m > [22m[2mdeduplicates concurrent initial snapshots for global rules on first read
[22m[39m[startup] Pre-0.5.3 backup created at: D:\tmp\prompthub-rules-rvt7Fo\users\Administrator\data\prompthub.db.backup-before-0.5.3.2026-06-20T14-47-20-375Z.db

 [32m鉁?[39m tests/unit/main/upgrade-backup.test.ts [2m([22m[2m20 tests[22m[2m)[22m[33m 2560[2mms[22m[39m
   [33m[2m鉁?[22m[39m upgrade-backup[2m > [22mcreateUpgradeDataSnapshot[2m > [22mkeeps only the latest five upgrade snapshots [33m1373[2mms[22m[39m
[90mstdout[2m | tests/unit/main/rules-workspace.test.ts[2m > [22m[2mrules workspace storage[2m > [22m[2mrefreshes stored global target paths when the platform root changes
[22m[39mMigrating: Aligning prompt current_version with latest stored version
Database initialized at: D:\tmp\prompthub-rules-akAwYd\users\Administrator\data\prompthub.db
[startup] Pre-0.5.3 backup created at: D:\tmp\prompthub-rules-akAwYd\users\Administrator\data\prompthub.db.backup-before-0.5.3.2026-06-20T14-47-21-053Z.db

[90mstdout[2m | tests/unit/main/rules-workspace.test.ts[2m > [22m[2mrules workspace storage[2m > [22m[2muses the overridden target file name for built-in global rule descriptors
[22m[39mMigrating: Aligning prompt current_version with latest stored version
Database initialized at: D:\tmp\prompthub-rules-kYYkO4\users\Administrator\data\prompthub.db

[90mstdout[2m | tests/unit/main/rules-workspace.test.ts[2m > [22m[2mrules workspace storage[2m > [22m[2muses the overridden target file name for built-in global rule descriptors
[22m[39m[startup] Pre-0.5.3 backup created at: D:\tmp\prompthub-rules-kYYkO4\users\Administrator\data\prompthub.db.backup-before-0.5.3.2026-06-20T14-47-21-996Z.db

[90mstderr[2m | tests/unit/components/sidebar.test.tsx[2m > [22m[2mSidebar
[2m > [22m[2muses the combined shell width for the classic sidebar layout
[22m[39mWarning: An update to Sidebar inside a test was not wrapped in act(..
.).

When testing, code that causes React state updates should be wrapped into act(.
..):

act(() => {
  /* fire events that update state */
});
/* assert on the output */

This ensures that you're testing the behavior the user would see in the browser
. Learn more at https://reactjs.org/link/wrap-tests-with-act
    at Sidebar (D:\Pyprojects\PromptHub-main2\apps\desktop\src\renderer\compone
nts\layout\Sidebar.tsx:116:3)
    at I18nextProvider (file:///D:/Pyprojects/PromptHub-main2/node_modules/.pnp
m/react-i18next@15.7.4_i18next@24.2.3_typescript@5.9.3__react-dom@18.3.1_react@
18.3.1__react@18.3.1_typescript@5.9.3/node_modules/react-i18next/dist/es/I18nex
tProvider.js:4:3)
    at Wrapper (D:\Pyprojects\PromptHub-main2\apps\desktop\tests\helpers\i18n.t
sx:45:22)

[90mstdout[2m | tests/unit/main/rules-workspace.test.ts[2m > [22m[2mrules workspace storage[2m > [22m[2msupports custom agent global rule files
[22m[39mMigrating: Aligning prompt current_version with latest stored version
Database initialized at: D:\tmp\prompthub-rules-YQjpBP\users\Administrator\data\prompthub.db

[90mstdout[2m | tests/unit/main/rules-workspace.test.ts[2m > [22m[2mrules workspace storage[2m > [22m[2msupports custom agent global rule files
[22m[39m[startup] Pre-0.5.3 backup created at: D:\tmp\prompthub-rules-YQjpBP\users\Administrator\data\prompthub.db.backup-before-0.5.3.2026-06-20T14-47-22-657Z.db

[90mstderr[2m | tests/unit/main/data-recovery.test.ts[2m > [22m[2mData Rec
overy[2m > [22m[2mdetectRecoverableDatabases[2m > [22m[2mhandles corrupt 
database files gracefully
[22m[39m[Recovery] Failed to inspect candidate database at C:\Users\ADMINI~1\
AppData\Local\Temp\data-recovery-test-FvwTMy\corrupt\prompthub.db: SQLite3Error
: file is not a database
    at Database._handleError (D:\Pyprojects\PromptHub-main2\node_modules\[4m.p
npm[24m\node-sqlite3-wasm@0.8.53\node_modules\[4mnode-sqlite3-wasm[24m\dist\
node-sqlite3-wasm.js:1:5811)
    at new Statement (D:\Pyprojects\PromptHub-main2\node_modules\[4m.pnpm[24m
\node-sqlite3-wasm@0.8.53\node_modules\[4mnode-sqlite3-wasm[24m\dist\node-sql
ite3-wasm.js:1:5931)
    at Database.prepare (D:\Pyprojects\PromptHub-main2\node_modules\[4m.pnpm[
24m\node-sqlite3-wasm@0.8.53\node_modules\[4mnode-sqlite3-wasm[24m\dist\node-
sqlite3-wasm.js:1:5223)
    at DatabaseAdapter.prepare (D:\Pyprojects\PromptHub-main2\packages\db\src\a
dapter.ts:164:35)
    at Module.detectRecoverableDatabases [90m(D:\Pyprojects\PromptHub-main2\ap
ps\desktop\[39msrc\main\database\index.ts:220:14[90m)[39m
    at [90mD:\Pyprojects\PromptHub-main2\apps\desktop\[39mtests\unit\main\dat
a-recovery.test.ts:273:23
    at file:///D:/Pyprojects/PromptHub-main2/node_modules/[4m.pnpm[24m/@vites
t+runner@2.1.9/node_modules/[4m@vitest/runner[24m/dist/index.js:146:14
    at file:///D:/Pyprojects/PromptHub-main2/node_modules/[4m.pnpm[24m/@vites
t+runner@2.1.9/node_modules/[4m@vitest/runner[24m/dist/index.js:533:11
    at runWithTimeout (file:///D:/Pyprojects/PromptHub-main2/node_modules/[4m.
pnpm[24m/@vitest+runner@2.1.9/node_modules/[4m@vitest/runner[24m/dist/index.
js:39:7)
    at runTest (file:///D:/Pyprojects/PromptHub-main2/node_modules/[4m.pnpm[2
4m/@vitest+runner@2.1.9/node_modules/[4m@vitest/runner[24m/dist/index.js:1056
:17)
[90mstdout[2m | tests/unit/main/data-recovery.test.ts[2m > [22m[2mData Recovery[2m > [22m[2mperformDatabaseRecovery[2m > [22m[2mcopies the source database to the target path
[22m[39m[Recovery] Backed up current DB to: C:\Users\ADMINI~1\AppData\Local\Temp\data-recovery-test-JrMRAp\target\prompthub.db.pre-recovery-2026-06-20T14-47-16-095Z

[Recovery] Copied database from C:\Users\ADMINI~1\AppData\Local\Temp\data-recovery-test-JrMRAp\source\prompthub.db to C:\Users\ADMINI~1\AppData\Local\Temp\data-recovery-test-JrMRAp\target\prompthub.db

[90mstdout[2m | tests/unit/main/data-recovery.test.ts[2m > [22m[2mData Recovery[2m > [22m[2mperformDatabaseRecovery[2m > [22m[2mcreates a backup of the existing target database
[22m[39m[Recovery] Backed up current DB to: C:\Users\ADMINI~1\AppData\Local\Temp\data-recovery-test-o37hT2\target\prompthub.db.pre-recovery-2026-06-20T14-47-17-093Z
[Recovery] Copied database from C:\Users\ADMINI~1\AppData\Local\Temp\data-recovery-test-o37hT2\source\prompthub.db to C:\Users\ADMINI~1\AppData\Local\Temp\data-recovery-test-o37hT2\target\prompthub.db

[90mstdout[2m | tests/unit/main/data-recovery.test.ts[2m > [22m[2mData Recovery[2m > [22m[2mperformDatabaseRecovery[2m > [22m[2mmerges asset directories from source
[22m[39m[Recovery] Backed up current DB to: C:\Users\ADMINI~1\AppData\Local\Temp\data-recovery-test-gc4Y1F\target\prompthub.db.pre-recovery-2026-06-20T14-47-17-976Z
[Recovery] Copied database from C:\Users\ADMINI~1\AppData\Local\Temp\data-recovery-test-gc4Y1F\source\prompthub.db to C:\Users\ADMINI~1\AppData\Local\Temp\data-recovery-test-gc4Y1F\target\prompthub.db
[Recovery] Merged asset directory: images
[Recovery] Merged asset directory: skills

[90mstdout[2m | tests/unit/main/data-recovery.test.ts[2m > [22m[2mData Recovery[2m > [22m[2mperformDatabaseRecovery[2m > [22m[2mdoes not overwrite existing files in target asset directories
[22m[39m[Recovery] Backed up current DB to: C:\Users\ADMINI~1\AppData\Local\Temp\data-recovery-test-3kNaX6\target\prompthub.db.pre-recovery-2026-06-20T14-47-18-810Z
[Recovery] Copied database from C:\Users\ADMINI~1\AppData\Local\Temp\data-recovery-test-3kNaX6\source\prompthub.db to C:\Users\ADMINI~1\AppData\Local\Temp\data-recovery-test-3kNaX6\target\prompthub.db
[Recovery] Merged asset directory: images

[90mstdout[2m | tests/unit/main/data-recovery.test.ts[2m > [22m[2mData Recovery[2m > [22m[2mperformDatabaseRecovery[2m > [22m[2mcopies config files that don't exist in target
[22m[39m[Recovery] Backed up current DB to: C:\Users\ADMINI~1\AppData\Local\Temp\data-recovery-test-WJK0Kf\target\prompthub.db.pre-recovery-2026-06-20T14-47-19-617Z
[Recovery] Copied database from C:\Users\ADMINI~1\AppData\Local\Temp\data-recovery-test-WJK0Kf\source\prompthub.db to C:\Users\ADMINI~1\AppData\Local\Temp\data-recovery-test-WJK0Kf\target\prompthub.db
[Recovery] Copied config file: shortcuts.json

[90mstdout[2m | tests/unit/main/data-recovery.test.ts[2m > [22m[2mData Recovery[2m > [22m[2mperformDatabaseRecovery[2m > [22m[2mcopies config files from the new config directory when present
[22m[39m[Recovery] Backed up current DB to: C:\Users\ADMINI~1\AppData\Local\Temp\data-recovery-test-tsCCLE\target\prompthub.db.pre-recovery-2026-06-20T14-47-20-467Z
[Recovery] Copied database from C:\Users\ADMINI~1\AppData\Local\Temp\data-recovery-test-tsCCLE\source\prompthub.db to C:\Users\ADMINI~1\AppData\Local\Temp\data-recovery-test-tsCCLE\target\prompthub.db
[Recovery] Copied config file: shortcuts.json

[90mstdout[2m | tests/unit/main/data-recovery.test.ts[2m > [22m[2mData Recovery[2m > [22m[2mperformDatabaseRecovery[2m > [22m[2mcopies renderer browser storage directories
[22m[39m[Recovery] Merged asset directory: IndexedDB

[90mstdout[2m | tests/unit/main/data-recovery.test.ts[2m > [22m[2mData Recovery[2m > [22m[2mperformDatabaseRecovery[2m > [22m[2mcopies workspace prompt files during recovery
[22m[39m[Recovery] Merged asset directory: workspace

[90mstdout[2m | tests/unit/main/data-recovery.test.ts[2m > [22m[2mData Recovery[2m > [22m[2mperformDatabaseRecovery[2m > [22m[2mdoes not overwrite existing config files in target
[22m[39m[Recovery] Backed up current DB to: C:\Users\ADMINI~1\AppData\Local\Temp\data-recovery-test-rgxbD5\target\prompthub.db.pre-recovery-2026-06-20T14-47-21-368Z
[Recovery] Copied database from C:\Users\ADMINI~1\AppData\Local\Temp\data-recovery-test-rgxbD5\source\prompthub.db to C:\Users\ADMINI~1\AppData\Local\Temp\data-recovery-test-rgxbD5\target\prompthub.db

[90mstdout[2m | tests/unit/main/data-recovery.test.ts[2m > [22m[2mData Recovery[2m > [22m[2mperformDatabaseRecovery[2m > [22m[2mrestores data directly from a standalone database backup file
[22m[39m[Recovery] Backed up current DB to: C:\Users\ADMINI~1\AppData\Local\Temp\data-recovery-test-II8E9r\target\prompthub.db.pre-recovery-2026-06-20T14-47-22-347Z
[Recovery] Copied database from C:\Users\ADMINI~1\AppData\Local\Temp\data-recovery-test-II8E9r\source\prompthub.db.backup-before-0.5.3.2026-04-18T10-00-00-000Z.db to C:\Users\ADMINI~1\AppData\Local\Temp\data-recovery-test-II8E9r\target\prompthub.db

[90mstdout[2m | tests/unit/main/data-recovery.test.ts[2m > [22m[2mData Recovery[2m > [22m[2mperformDatabaseRecovery[2m > [22m[2mhandles recovery when target directory has no existing database
[22m[39m[Recovery] Copied database from C:\Users\ADMINI~1\AppData\Local\Temp\data-recovery-test-Afhzbe\source\prompthub.db to C:\Users\ADMINI~1\AppData\Local\Temp\data-recovery-test-Afhzbe\target\data\prompthub.db

 [32m鉁?[39m tests/unit/main/data-recovery.test.ts [2m([22m[2m30 tests[22m[2m)[22m[33m 13051[2mms[22m[39m
   [33m[2m鉁?[22m[39m Data Recovery[2m > [22mdetectRecoverableDatabases[2m > [22mdetects a recoverable database with prompts [33m973[2mms[22m[39m
   [33m[2m鉁?[22m[39m Data Recovery[2m > [22mdetectRecoverableDatabases[2m > [22mdetects a recoverable unified-layout database under data/prompthub.db [33m994[2mms[22m[39m
   [33m[2m鉁?[22m[39m Data Recovery[2m > [22mdetectRecoverableDatabases[2m > [22mskips candidates with zero prompts [33m464[2mms[22m[39m
   [33m[2m鉁?[22m[39m Data Recovery[2m > [22mdetectRecoverableDatabases[2m > [22mskips candidates that match the current path [33m518[2mms[22m[39m
   [33m[2m鉁?[22m[39m Data Recovery[2m > [22mdetectRecoverableDatabases[2m > [22mhandles multiple candidates, returning only those with data [33m845[2mms[22m[39m
   [33m[2m鉁?[22m[39m Data Recovery[2m > [22mdetectRecoverableDatabases[2m > [22mdetects renderer storage even when SQLite has no prompts [33m486[2mms[22m[39m
   [33m[2m鉁?[22m[39m Data Recovery[2m > [22mdetectRecoverableDatabaseFiles[2m > [22mdetects standalone database backup files with prompt data [33m480[2mms[22m[39m
   [33m[2m鉁?[22m[39m Data Recovery[2m > [22mdetectRecoverableDatabaseFiles[2m > [22mskips standalone backup files with no prompts, folders, or skills [33m437[2mms[22m[39m
   [33m[2m鉁?[22m[39m Data Recovery[2m > [22mperformDatabaseRecovery[2m > [22mcopies the source database to the target path [33m977[2mms[22m[39m
   [33m[2m鉁?[22m[39m Data Recovery[2m > [22mperformDatabaseRecovery[2m > [22mcreates a backup of the existing target database [33m995[2mms[22m[39m
   [33m[2m鉁?[22m[39m Data Recovery[2m > [22mperformDatabaseRecovery[2m > [22mmerges asset directories from source [33m898[2mms[22m[39m
   [33m[2m鉁?[22m[39m Data Recovery[2m > [22mperformDatabaseRecovery[2m > [22mdoes not overwrite existing files in target asset directories [33m818[2mms[22m[39m
   [33m[2m鉁?[22m[39m Data Recovery[2m > [22mperformDatabaseRecovery[2m > [22mcopies config files that don't exist in target [33m809[2mms[22m[39m
   [33m[2m鉁?[22m[39m Data Recovery[2m > [22mperformDatabaseRecovery[2m > [22mcopies config files from the new config directory when present [33m850[2mms[22m[39m
   [33m[2m鉁?[22m[39m Data Recovery[2m > [22mperformDatabaseRecovery[2m > [22mdoes not overwrite existing config files in target [33m873[2mms[22m[39m
   [33m[2m鉁?[22m[39m Data Recovery[2m > [22mperformDatabaseRecovery[2m > [22mrestores data directly from a standalone database backup file [33m981[2mms[22m[39m
   [33m[2m鉁?[22m[39m Data Recovery[2m > [22mperformDatabaseRecovery[2m > [22mhandles recovery when target directory has no existing database [33m431[2mms[22m[39m
[90mstderr[2m | tests/unit/components/skill-projects-view.test.tsx[2m > [22
m[2mSkillProjectsView[2m > [22m[2mmarks library skills already present in t
he selected project target
[22m[39mWarning: An update to SkillLibraryImportModal inside a test was not w
rapped in act(...).

When testing, code that causes React state updates should be wrapped into act(.
..):

act(() => {
  /* fire events that update state */
});
/* assert on the output */

This ensures that you're testing the behavior the user would see in the browser
. Learn more at https://reactjs.org/link/wrap-tests-with-act
    at SkillLibraryImportModal (D:\Pyprojects\PromptHub-main2\apps\desktop\src\
renderer\components\skill\SkillLibraryImportModal.tsx:55:3)
    at div
    at SkillProjectsView (D:\Pyprojects\PromptHub-main2\apps\desktop\src\render
er\components\skill\SkillProjectsView.tsx:516:40)

 [32m鉁?[39m tests/unit/main/folder-db.test.ts [2m([22m[2m39 tests[22m[2m)[22m[33m 416[2mms[22m[39m
[90mstdout[2m | tests/unit/main/rules-workspace.test.ts[2m > [22m[2mrules workspace storage[2m > [22m[2mdrops cached custom rule descriptors when the custom agent is no longer configured
[22m[39mMigrating: Aligning prompt current_version with latest stored version
Database initialized at: D:\tmp\prompthub-rules-egaGVQ\users\Administrator\data\prompthub.db

[90mstdout[2m | tests/unit/main/rules-workspace.test.ts[2m > [22m[2mrules workspace storage[2m > [22m[2mdrops cached custom rule descriptors when the custom agent is no longer configured
[22m[39m[startup] Pre-0.5.3 backup created at: D:\tmp\prompthub-rules-egaGVQ\users\Administrator\data\prompthub.db.backup-before-0.5.3.2026-06-20T14-47-23-435Z.db

 [32m鉁?[39m tests/unit/main/skill-repo-sync.test.ts [2m([22m[2m34 tests[22m[2m)[22m[90m 47[2mms[22m[39m
 [32m鉁?[39m tests/unit/components/image-prompt-reverse-modal.test.tsx [2m([22m[2m8 tests[22m[2m)[22m[33m 4457[2mms[22m[39m
   [33m[2m鉁?[22m[39m ImagePromptReverseModal[2m > [22mreverses a selected image into an editable draft before creating a prompt [33m1709[2mms[22m[39m
   [33m[2m鉁?[22m[39m ImagePromptReverseModal[2m > [22mcreates prompt variables from reversed PromptHub placeholders [33m541[2mms[22m[39m
   [33m[2m鉁?[22m[39m ImagePromptReverseModal[2m > [22mremembers when the user disables attaching the source image as a reference [33m591[2mms[22m[39m
   [33m[2m鉁?[22m[39m ImagePromptReverseModal[2m > [22mallows copying the reversed prompt without creating a stored prompt [33m475[2mms[22m[39m
   [33m[2m鉁?[22m[39m ImagePromptReverseModal[2m > [22mshows a vision-model setup error instead of using legacy text config [33m348[2mms[22m[39m
   [33m[2m鉁?[22m[39m ImagePromptReverseModal[2m > [22mshows a parse error when the vision model response is not a prompt draft [33m306[2mms[22m[39m
   [33m[2m鉁?[22m[39m ImagePromptReverseModal[2m > [22mshows a reverse failure when the vision model call rejects [33m327[2mms[22m[39m
[90mstdout[2m | tests/unit/main/rules-workspace.test.ts[2m > [22m[2mrules workspace storage[2m > [22m[2mskips missing version files and repairs the index instead of crashing
[22m[39mMigrating: Aligning prompt current_version with latest stored version
Database initialized at: D:\tmp\prompthub-rules-9m1bXo\users\Administrator\data\prompthub.db

[90mstdout[2m | tests/unit/main/rules-workspace.test.ts[2m > [22m[2mrules workspace storage[2m > [22m[2mskips missing version files and repairs the index instead of crashing
[22m[39m[startup] Pre-0.5.3 backup created at: D:\tmp\prompthub-rules-9m1bXo\users\Administrator\data\prompthub.db.backup-before-0.5.3.2026-06-20T14-47-24-034Z.db

 [32m鉁?[39m tests/unit/components/sidebar.test.tsx [2m([22m[2m27 tests[22m[2m)[22m[33m 14049[2mms[22m[39m
   [33m[2m鉁?[22m[39m Sidebar[2m > [22mshows Project Skills as a first-level skill navigation entry on desktop [33m459[2mms[22m[39m
   [33m[2m鉁?[22m[39m Sidebar[2m > [22mshows skill library tags only in My Skills [33m355[2mms[22m[39m
   [33m[2m鉁?[22m[39m Sidebar[2m > [22mdoes not show status filters as first-level skill navigation [33m463[2mms[22m[39m
   [33m[2m鉁?[22m[39m Sidebar[2m > [22mshows the official store as an unopened zero-count source [33m397[2mms[22m[39m
   [33m[2m鉁?[22m[39m Sidebar[2m > [22mshows preconfigured community store sources in the skill store group [33m634[2mms[22m[39m
   [33m[2m鉁?[22m[39m Sidebar[2m > [22mkeeps many skill store sources inside an internal scroll region [33m2129[2mms[22m[39m
   [33m[2m鉁?[22m[39m Sidebar[2m > [22mcollapses the expanded skill store source list from the first-level store entry [33m720[2mms[22m[39m
   [33m[2m鉁?[22m[39m Sidebar[2m > [22mkeeps skill store sources expanded after switching to another skill section [33m1790[2mms[22m[39m
   [33m[2m鉁?[22m[39m Sidebar[2m > [22mswitches to the store view when a nested store source is clicked [33m1104[2mms[22m[39m
   [33m[2m鉁?[22m[39m Sidebar[2m > [22mswitches to the Rules module from the new left rail [33m2073[2mms[22m[39m
   [33m[2m鉁?[22m[39m Sidebar[2m > [22mkeeps Rules visible but hides project-directory actions in web runtime [33m301[2mms[22m[39m
   [33m[2m鉁?[22m[39m Sidebar[2m > [22mupdates the selected rule when clicking a project rule item [33m507[2mms[22m[39m
   [33m[2m鉁?[22m[39m Sidebar[2m > [22mreplaces active tags when tag filter mode is single [33m632[2mms[22m[39m
   [33m[2m鉁?[22m[39m Sidebar[2m > [22mtoggles tags cumulatively when tag filter mode is multi [33m956[2mms[22m[39m
   [33m[2m鉁?[22m[39m Sidebar[2m > [22mrenders prompt tags as draggable chips [33m354[2mms[22m[39m
 [32m鉁?[39m tests/integration/services/database-backup-filesystem.integration.test.ts [2m([22m[2m1 test[22m[2m)[22m[90m 80[2mms[22m[39m
 [32m鉁?[39m tests/unit/services/sync-backup-core.test.ts [2m([22m[2m9 tests[22m[2m)[22m[90m 76[2mms[22m[39m
[90mstdout[2m | tests/unit/main/rules-workspace.test.ts[2m > [22m[2mrules workspace storage[2m > [22m[2mdoes not create duplicate initial versions when re-materializing a global rule
[22m[39mMigrating: Aligning prompt current_version with latest stored version
Database initialized at: D:\tmp\prompthub-rules-J1fzQC\users\Administrator\data\prompthub.db

 [32m鉁?[39m tests/unit/stores/rules.store.test.ts [2m([22m[2m9 tests[22m[2m)[22m[90m 59[2mms[22m[39m
[90mstdout[2m | tests/unit/main/rules-workspace.test.ts[2m > [22m[2mrules workspace storage[2m > [22m[2mdoes not create duplicate initial versions when re-materializing a global rule
[22m[39m[startup] Pre-0.5.3 backup created at: D:\tmp\prompthub-rules-J1fzQC\users\Administrator\data\prompthub.db.backup-before-0.5.3.2026-06-20T14-47-24-704Z.db

 [32m鉁?[39m tests/unit/main/rules-workspace.test.ts [2m([22m[2m17 tests[22m[2m)[22m[33m 14504[2mms[22m[39m
   [33m[2m鉁?[22m[39m rules workspace storage[2m > [22mcreates a managed project rule and indexes it in SQLite [33m612[2mms[22m[39m
   [33m[2m鉁?[22m[39m rules workspace storage[2m > [22msaves managed content, writes versions, and updates rule index state [33m574[2mms[22m[39m
   [33m[2m鉁?[22m[39m rules workspace storage[2m > [22mreports external target edits as out-of-sync with both file versions [33m563[2mms[22m[39m
   [33m[2m鉁?[22m[39m rules workspace storage[2m > [22mresolves external target edits by importing the target file into the managed copy [33m553[2mms[22m[39m
   [33m[2m鉁?[22m[39m rules workspace storage[2m > [22mresolves external target edits by writing the managed copy back to the target file [33m561[2mms[22m[39m
   [33m[2m鉁?[22m[39m rules workspace storage[2m > [22mremoves a project rule from files and SQLite index [33m531[2mms[22m[39m
   [33m[2m鉁?[22m[39m rules workspace storage[2m > [22mimports backup records into managed files and SQLite index [33m1354[2mms[22m[39m
   [33m[2m鉁?[22m[39m rules workspace storage[2m > [22mremoves project rules missing from a replace import [33m868[2mms[22m[39m
   [33m[2m鉁?[22m[39m rules workspace storage[2m > [22mkeeps unique history after the version retention limit [33m2739[2mms[22m[39m
   [33m[2m鉁?[22m[39m rules workspace storage[2m > [22malways includes built-in global rule descriptors even when target files are missing [33m958[2mms[22m[39m
   [33m[2m鉁?[22m[39m rules workspace storage[2m > [22mdeduplicates concurrent initial snapshots for global rules on first read [33m697[2mms[22m[39m
   [33m[2m鉁?[22m[39m rules workspace storage[2m > [22mrefreshes stored global target paths when the platform root changes [33m916[2mms[22m[39m
   [33m[2m鉁?[22m[39m rules workspace storage[2m > [22muses the overridden target file name for built-in global rule descriptors [33m672[2mms[22m[39m
   [33m[2m鉁?[22m[39m rules workspace storage[2m > [22msupports custom agent global rule files [33m833[2mms[22m[39m
   [33m[2m鉁?[22m[39m rules workspace storage[2m > [22mdrops cached custom rule descriptors when the custom agent is no longer configured [33m586[2mms[22m[39m
   [33m[2m鉁?[22m[39m rules workspace storage[2m > [22mskips missing version files and repairs the index instead of crashing [33m601[2mms[22m[39m
   [33m[2m鉁?[22m[39m rules workspace storage[2m > [22mdoes not create duplicate initial versions when re-materializing a global rule [33m884[2mms[22m[39m
 [31m鉂?[39m tests/unit/components/skill-store-remote.test.tsx [2m([22m[2m51 tests[22m[2m | [22m[31m2 failed[39m[2m)[22m[33m 13864[2mms[22m[39m
   [33m[2m鉁?[22m[39m SkillStore remote loading[2m > [22mloads ClawHub as a preconfigured built-in source [33m361[2mms[22m[39m
   [33m[2m鉁?[22m[39m SkillStore remote loading[2m > [22mauto-loads more skills.sh results while preserving cached index and existing cards [33m3027[2mms[22m[39m
   [33m[2m鉁?[22m[39m SkillStore remote loading[2m > [22mloads the selected official skills.sh browse filter instead of inferred local categories [33m817[2mms[22m[39m
   [33m[2m鉁?[22m[39m SkillStore remote loading[2m > [22mswitches skills.sh filters immediately without showing stale cards while the new filter loads [33m773[2mms[22m[39m
   [33m[2m鉁?[22m[39m SkillStore remote loading[2m > [22muses skills.sh topic result count instead of the global total for topic filters [33m701[2mms[22m[39m
   [33m[2m鉁?[22m[39m SkillStore remote loading[2m > [22mkeeps medium store catalogs on the original grid and virtualizes only large catalogs [33m718[2mms[22m[39m
[31m   [31m脳[31m SkillStore remote loading[2m > [22mshows a spinner on the store card while quick install is pending[90m 48[2mms[22m[31m[39m
[31m     鈫?expected "spy" to be called with arguments: [ ObjectContaining{鈥 ][90m

Received: 

[1m  1st spy call:

[22m[2m  Array [[22m
[32m-   ObjectContaining {[90m
[31m+   Object {[90m
[31m+     "author": "icelemon",[90m
[31m+     "category": "dev",[90m
[31m+     "compatibility": Array [[90m
[31m+       "claude",[90m
[31m+       "cursor",[90m
[31m+     ],[90m
[31m+     "content": "# icelemon",[90m
[31m+     "description": "Gitea scanned store skill",[90m
[31m+     "install_name": "icelemon-skill",[90m
[31m+     "name": "icelemon-skill",[90m
[31m+     "slug": "icelemon-skill",[90m
[31m+     "source_branch": "main",[90m
[2m      "source_id": "source-icelemon-gitea",[22m
[31m+     "source_label": "Gitea Pending Repo",[90m
[31m+     "source_url": "https://gitea.example.com/icelemon/skills/tree/main",[90m
[31m+     "tags": Array [[90m
[31m+       "dev",[90m
[31m+     ],[90m
[31m+     "version": "1.0.0",[90m
[2m    },[22m
[31m+   undefined,[90m
[2m  ][22m
[31m[90m

Number of calls: [1m1[22m
[31m[39m
   [33m[2m鉁?[22m[39m SkillStore remote loading[2m > [22mkeeps imported state after refreshing a self-hosted git source [33m390[2mms[22m[39m
[31m   [31m脳[31m SkillStore remote loading[2m > [22mrequires explicit confirmation before installing a high-risk skill[90m 155[2mms[22m[31m[39m
[31m     鈫?expected "spy" to be called with arguments: [ ObjectContaining {"slug": "pdf"} ][90m

Received: 

[1m  1st spy call:

[22m[2m  Array [[22m
[32m-   ObjectContaining {[90m
[31m+   Object {[90m
[31m+     "category": "office",[90m
[31m+     "compatibility": Array [[90m
[31m+       "claude",[90m
[31m+     ],[90m
[31m+     "content": "# PDF",[90m
[31m+     "description": "PDF helper",[90m
[31m+     "name": "PDF",[90m
[2m      "slug": "pdf",[22m
[31m+     "source_label": undefined,[90m
[31m+     "tags": Array [[90m
[31m+       "pdf",[90m
[31m+     ],[90m
[31m+     "version": "1.0.0",[90m
[2m    },[22m
[31m+   undefined,[90m
[2m  ][22m
[31m[90m

Number of calls: [1m1[22m
[31m[39m
   [33m[2m鉁?[22m[39m SkillStore remote loading[2m > [22mshows the update action only after an update check finds a store update [33m412[2mms[22m[39m
   [33m[2m鉁?[22m[39m SkillStore remote loading[2m > [22muses batch mode card clicks for selection and keeps detail as an icon action [33m647[2mms[22m[39m
   [33m[2m鉁?[22m[39m SkillStore remote loading[2m > [22mtoggles select visible back to deselect visible in store batch mode [33m1234[2mms[22m[39m
   [33m[2m鉁?[22m[39m SkillStore remote loading[2m > [22mbatch installs only selected store skills that are not already imported [33m914[2mms[22m[39m
   [33m[2m鉁?[22m[39m SkillStore remote loading[2m > [22mbatch removes only selected imported store skills from My Skills [33m1241[2mms[22m[39m
 [32m鉁?[39m tests/unit/components/skill-file-editor.test.tsx [2m([22m[2m8 tests[22m[2m)[22m[33m 3145[2mms[22m[39m
   [33m[2m鉁?[22m[39m SkillFileEditor[2m > [22mexpands nested synthetic folders to reveal files inside them [33m754[2mms[22m[39m
   [33m[2m鉁?[22m[39m SkillFileEditor[2m > [22mnormalizes Windows relative paths before building the file tree [33m419[2mms[22m[39m
   [33m[2m鉁?[22m[39m SkillFileEditor[2m > [22mschedules WebDAV save-sync after saving a skill file [33m555[2mms[22m[39m
   [33m[2m鉁?[22m[39m SkillFileEditor[2m > [22mcan discard current file edits and cancel editing without saving [33m548[2mms[22m[39m
   [33m[2m鉁?[22m[39m SkillFileEditor[2m > [22mrenders supported resource files as previews instead of binary text [33m497[2mms[22m[39m
 [31m鉂?[39m tests/unit/main/skill-installer-remote-git-package.test.ts [2m([22m[2m9 tests[22m[2m | [22m[31m1 failed[39m[2m)[22m[33m 6323[2mms[22m[39m
[31m   [31m脳[31m SkillInstaller.saveRemoteGitSkillToLocalRepoBySkillId[2m > [22muses a real local git clone fixture and excludes internal dirs and symlinks[33m 2225[2mms[22m[31m[39m
[31m     鈫?expected [ 'SKILL.md', 'assets/icon.png', 鈥?3) ] to deeply equal [ 'SKILL.md', 'assets/icon.png', 鈥?2) ][39m
   [33m[2m鉁?[22m[39m SkillInstaller.saveRemoteGitSkillToLocalRepoBySkillId[2m > [22mcopies a large package inventory without dropping nested files [33m3199[2mms[22m[39m
 [32m鉁?[39m tests/integration/components/main-content-inline-edit.integration.test.tsx [2m([22m[2m13 tests[22m[2m)[22m[33m 8292[2mms[22m[39m
   [33m[2m鉁?[22m[39m MainContent inline edit integration[2m > [22msaves title and user prompt from the card detail inline editor [33m1429[2mms[22m[39m
   [33m[2m鉁?[22m[39m MainContent inline edit integration[2m > [22madds a description from the empty detail description area and saves on Enter [33m779[2mms[22m[39m
   [33m[2m鉁?[22m[39m MainContent inline edit integration[2m > [22mchanges the selected prompt folder from the detail metadata row [33m819[2mms[22m[39m
   [33m[2m鉁?[22m[39m MainContent inline edit integration[2m > [22mallows changing the detail folder while inline editing [33m936[2mms[22m[39m
   [33m[2m鉁?[22m[39m MainContent inline edit integration[2m > [22mdiscards inline draft changes on cancel [33m892[2mms[22m[39m
   [33m[2m鉁?[22m[39m MainContent inline edit integration[2m > [22mopens inline edit when the user prompt content is double-clicked [33m783[2mms[22m[39m
   [33m[2m鉁?[22m[39m MainContent inline edit integration[2m > [22mkeeps inline editors visually unobtrusive [33m1645[2mms[22m[39m
   [33m[2m鉁?[22m[39m MainContent inline edit integration[2m > [22mremoves a tag directly from the selected prompt detail [33m584[2mms[22m[39m
 [32m鉁?[39m tests/unit/components/skill-detail-project-distribution.test.tsx [2m([22m[2m17 tests[22m[2m)[22m[33m 15673[2mms[22m[39m
   [33m[2m鉁?[22m[39m Skill detail project distribution[2m > [22mdefaults to global distribution when opening a skill detail [33m963[2mms[22m[39m
   [33m[2m鉁?[22m[39m Skill detail project distribution[2m > [22mrequires confirmation before uninstalling a global platform skill [33m1322[2mms[22m[39m
   [33m[2m鉁?[22m[39m Skill detail project distribution[2m > [22mshows the skill and platform name after a global platform install succeeds [33m655[2mms[22m[39m
   [33m[2m鉁?[22m[39m Skill detail project distribution[2m > [22mlets users keep copied distributions when deleting from PromptHub [33m617[2mms[22m[39m
   [33m[2m鉁?[22m[39m Skill detail project distribution[2m > [22mdeletes project symlink distributions when deleting the PromptHub skill [33m656[2mms[22m[39m
   [33m[2m鉁?[22m[39m Skill detail project distribution[2m > [22muses repo path and skip semantics when distributing from detail page [33m1085[2mms[22m[39m
   [33m[2m鉁?[22m[39m Skill detail project distribution[2m > [22msupports advanced project target folders from the detail page [33m2120[2mms[22m[39m
   [33m[2m鉁?[22m[39m Skill detail project distribution[2m > [22mreuses saved project import target preferences from the detail page [33m959[2mms[22m[39m
   [33m[2m鉁?[22m[39m Skill detail project distribution[2m > [22mskips already imported project targets [33m909[2mms[22m[39m
   [33m[2m鉁?[22m[39m Skill detail project distribution[2m > [22mremoves an already distributed project target from the detail page [33m1516[2mms[22m[39m
   [33m[2m鉁?[22m[39m Skill detail project distribution[2m > [22mwarns instead of copying when the selected target is the source location [33m903[2mms[22m[39m
   [33m[2m鉁?[22m[39m Skill detail project distribution[2m > [22msupports symlink mode with the same skip behavior [33m2013[2mms[22m[39m
   [33m[2m鉁?[22m[39m Skill detail project distribution[2m > [22mshows an error when selected projects have no deploy targets [33m770[2mms[22m[39m
   [33m[2m鉁?[22m[39m Skill detail project distribution[2m > [22mwarns when background rescan fails after a successful distribution [33m939[2mms[22m[39m
 [32m鉁?[39m tests/unit/components/skill-i18n-smoke.test.tsx [2m([22m[2m24 tests[22m[2m)[22m[33m 15877[2mms[22m[39m
   [33m[2m鉁?[22m[39m skill i18n smoke[2m > [22mrenders skill manager actions in english and updates selection summary [33m2726[2mms[22m[39m
   [33m[2m鉁?[22m[39m skill i18n smoke[2m > [22mkeeps the scan preview usable when a modal rescan times out [33m361[2mms[22m[39m
   [33m[2m鉁?[22m[39m skill i18n smoke[2m > [22mlets users choose the skill gallery card column count [33m818[2mms[22m[39m
   [33m[2m鉁?[22m[39m skill i18n smoke[2m > [22mshows deployed and pending as My Skills header filters [33m1128[2mms[22m[39m
   [33m[2m鉁?[22m[39m skill i18n smoke[2m > [22mfilters My Skills by source badge from the header dropdown [33m1903[2mms[22m[39m
   [33m[2m鉁?[22m[39m skill i18n smoke[2m > [22mrenders skill detail page chrome in english without chinese fallback text [33m537[2mms[22m[39m
   [33m[2m鉁?[22m[39m skill i18n smoke[2m > [22mchecks and applies source updates from installed GitHub skill detail [33m1044[2mms[22m[39m
   [33m[2m鉁?[22m[39m skill i18n smoke[2m > [22mshows project deployment actions for normal library skills [33m2400[2mms[22m[39m
   [33m[2m鉁?[22m[39m skill i18n smoke[2m > [22mrenders project skill preview without leaking raw SKILL.md into the preview sidebar [33m683[2mms[22m[39m
   [33m[2m鉁?[22m[39m skill i18n smoke[2m > [22mdefaults to saved translation and toggles back to original content [33m923[2mms[22m[39m
   [33m[2m鉁?[22m[39m skill i18n smoke[2m > [22mshows a clear configuration error when no usable translation model is configured [33m459[2mms[22m[39m
   [33m[2m鉁?[22m[39m skill i18n smoke[2m > [22mshows a clear timeout error when translation request returns 504 [33m414[2mms[22m[39m
   [33m[2m鉁?[22m[39m skill i18n smoke[2m > [22mwarns when symlink install falls back to copy mode [33m482[2mms[22m[39m
   [33m[2m鉁?[22m[39m skill i18n smoke[2m > [22mexports a full local repo zip from the detail panel [33m375[2mms[22m[39m
   [33m[2m鉁?[22m[39m skill i18n smoke[2m > [22mpaginates large skill lists [33m975[2mms[22m[39m
 [32m鉁?[39m tests/unit/components/ai-settings-prototype.test.tsx [2m([22m[2m32 tests[22m[2m)[22m[33m 18716[2mms[22m[39m
   [33m[2m鉁?[22m[39m AISettingsPrototype[2m > [22mrenders translated English copy instead of hard-coded Chinese [33m675[2mms[22m[39m
   [33m[2m鉁?[22m[39m AISettingsPrototype[2m > [22mupdates endpoint api key and url inline without opening the edit dialog [33m339[2mms[22m[39m
   [33m[2m鉁?[22m[39m AISettingsPrototype[2m > [22mpersists chat parameters when adding a chat model [33m841[2mms[22m[39m
   [33m[2m鉁?[22m[39m AISettingsPrototype[2m > [22mpersists the vision model capability flag [33m641[2mms[22m[39m
   [33m[2m鉁?[22m[39m AISettingsPrototype[2m > [22mpersists image generation as a model capability from the capability section [33m818[2mms[22m[39m
   [33m[2m鉁?[22m[39m AISettingsPrototype[2m > [22mpreserves both chat and image parameters for dual-capability models [33m1041[2mms[22m[39m
   [33m[2m鉁?[22m[39m AISettingsPrototype[2m > [22mkeeps advanced parameters collapsed by default in the add model modal [33m799[2mms[22m[39m
   [33m[2m鉁?[22m[39m AISettingsPrototype[2m > [22mshows api url guidance and normalizes pasted full endpoints on blur [33m351[2mms[22m[39m
   [33m[2m鉁?[22m[39m AISettingsPrototype[2m > [22mpersists image parameters when adding an image model [33m1990[2mms[22m[39m
   [33m[2m鉁?[22m[39m AISettingsPrototype[2m > [22mmaps raw network failures to a friendlier connection message [33m740[2mms[22m[39m
   [33m[2m鉁?[22m[39m AISettingsPrototype[2m > [22mincludes the model name in success toasts when testing a draft chat model [33m780[2mms[22m[39m
   [33m[2m鉁?[22m[39m AISettingsPrototype[2m > [22mincludes the model name in failure toasts when testing a draft chat model [33m747[2mms[22m[39m
   [33m[2m鉁?[22m[39m AISettingsPrototype[2m > [22mpersists endpoint verification status across remounts [33m316[2mms[22m[39m
   [33m[2m鉁?[22m[39m AISettingsPrototype[2m > [22muses test tube icons for model test actions [33m317[2mms[22m[39m
   [33m[2m鉁?[22m[39m AISettingsPrototype[2m > [22mlocks provider fields without showing provider details when editing an existing model [33m317[2mms[22m[39m
   [33m[2m鉁?[22m[39m AISettingsPrototype[2m > [22mdefaults known image models to image type when selected from fetched models [33m753[2mms[22m[39m
   [33m[2m鉁?[22m[39m AISettingsPrototype[2m > [22mfetches models from the provider fetch button and batch-adds selected models [33m1123[2mms[22m[39m
   [33m[2m鉁?[22m[39m AISettingsPrototype[2m > [22mbatch model selection[2m > [22mbatch-adds all selected models when multiple are chosen [33m1385[2mms[22m[39m
   [33m[2m鉁?[22m[39m AISettingsPrototype[2m > [22mbatch model selection[2m > [22minfers each selected model independently when batch-adding mixed model types [33m1019[2mms[22m[39m
   [33m[2m鉁?[22m[39m AISettingsPrototype[2m > [22mbatch model selection[2m > [22muses the single-add path when only one model is selected [33m773[2mms[22m[39m
   [33m[2m鉁?[22m[39m AISettingsPrototype[2m > [22mbatch model selection[2m > [22mbatch-adds share the same provider, apiKey, and apiUrl from the form [33m1244[2mms[22m[39m
 [32m鉁?[39m tests/unit/components/skill-store-custom-sources.test.tsx [2m([22m[2m8 tests[22m[2m)[22m[33m 2847[2mms[22m[39m
   [33m[2m鉁?[22m[39m SkillStore custom sources[2m > [22medits a custom store source from the header action modal [33m997[2mms[22m[39m
   [33m[2m鉁?[22m[39m SkillStore custom sources[2m > [22mkeeps main visible in branch suggestions when many branches exist [33m417[2mms[22m[39m
   [33m[2m鉁?[22m[39m SkillStore custom sources[2m > [22mhides the selected branch from the suggestion list [33m320[2mms[22m[39m
   [33m[2m鉁?[22m[39m SkillStore custom sources[2m > [22mdoes not render duplicate custom store action cards in the main pane [33m507[2mms[22m[39m
[90mstderr[2m | tests/unit/components/skill-projects-view.test.tsx[2m > [22
m[2mSkillProjectsView[2m > [22m[2mremembers project import preferences afte
r reopening the modal
[22m[39mWarning: An update to SkillLibraryImportModal inside a test was not w
rapped in act(...).

When testing, code that causes React state updates should be wrapped into act(.
..):

act(() => {
  /* fire events that update state */
});
/* assert on the output */

This ensures that you're testing the behavior the user would see in the browser
. Learn more at https://reactjs.org/link/wrap-tests-with-act
    at SkillLibraryImportModal (D:\Pyprojects\PromptHub-main2\apps\desktop\src\
renderer\components\skill\SkillLibraryImportModal.tsx:55:3)
    at div
    at SkillProjectsView (D:\Pyprojects\PromptHub-main2\apps\desktop\src\render
er\components\skill\SkillProjectsView.tsx:516:40)

 [31m鉂?[39m tests/unit/components/skill-projects-view.test.tsx [2m([22m[2m22 tests[22m[2m | [22m[31m1 failed[39m[2m)[22m[33m 17083[2mms[22m[39m
   [33m[2m鉁?[22m[39m SkillProjectsView[2m > [22mshows project skill cards first and opens project detail actions after click [33m2892[2mms[22m[39m
   [33m[2m鉁?[22m[39m SkillProjectsView[2m > [22mshows a source-target action for external symlink project skills [33m445[2mms[22m[39m
   [33m[2m鉁?[22m[39m SkillProjectsView[2m > [22mremoves a registered project after confirmation without deleting files [33m559[2mms[22m[39m
   [33m[2m鉁?[22m[39m SkillProjectsView[2m > [22mkeeps the project skill view selected when opening and returning from project detail [33m565[2mms[22m[39m
[31m   [31m脳[31m SkillProjectsView[2m > [22mprefills project name from the selected root path and auto scans after creation[33m 431[2mms[22m[31m[39m
[31m     鈫?Unable to find an accessible element with the role "button" and name "Add Project"

Here are the accessible roles:

  heading:

  Name "Projects":
  [36m<h2[31m
    [33mclass[31m=[32m"text-lg font-semibold text-foreground"[31m
  [36m/>[31m

  --------------------------------------------------
  paragraph:

  Name "":
  [36m<p[31m
    [33mclass[31m=[32m"mt-1 line-clamp-2 text-xs text-muted-foreground"[31m
  [36m/>[31m

  --------------------------------------------------
  button:

  Name "Projects":
  [36m<button[31m
    [33mclass[31m=[32m"inline-flex h-9 shrink-0 items-center gap-1.5 rounded-lg border border-border app-wallpaper-surface px-3 text-xs text-muted-foreground transition-colors hover:bg-accent hover:text-foreground"[31m
    [33mtitle[31m=[32m"Add Project"[31m
    [33mtype[31m=[32m"button"[31m
  [36m/>[31m

  --------------------------------------------------

Ignored nodes: comments, script, style
[36m<body>[31m
  [36m<div>[31m
    [36m<div[31m
      [33mclass[31m=[32m"flex h-full min-h-0 overflow-hidden"[31m
    [36m>[31m
      [36m<div[31m
        [33mclass[31m=[32m"w-80 shrink-0 border-r border-border app-wallpaper-panel-strong"[31m
      [36m>[31m
        [36m<div[31m
          [33mclass[31m=[32m"h-[132px] border-b border-border app-wallpaper-panel-strong"[31m
        [36m>[31m
          [36m<div[31m
            [33mclass[31m=[32m"flex h-full items-start justify-between gap-4 px-4 py-4"[31m
          [36m>[31m
            [36m<div[31m
              [33mclass[31m=[32m"min-w-0"[31m
            [36m>[31m
              [36m<h2[31m
                [33mclass[31m=[32m"text-lg font-semibold text-foreground"[31m
              [36m>[31m
                [0mProjects[0m
              [36m</h2>[31m
              [36m<p[31m
                [33mclass[31m=[32m"mt-1 line-clamp-2 text-xs text-muted-foreground"[31m
              [36m>[31m
                [0mView and manage project-local skills.[0m
              [36m</p>[31m
            [36m</div>[31m
            [36m<button[31m
              [33mclass[31m=[32m"inline-flex h-9 shrink-0 items-center gap-1.5 rounded-lg border border-border app-wallpaper-surface px-3 text-xs text-muted-foreground transition-colors hover:bg-accent hover:text-foreground"[31m
              [33mtitle[31m=[32m"Add Project"[31m
              [33mtype[31m=[32m"button"[31m
            [36m>[31m
              [36m<svg[31m
                [33mclass[31m=[32m"lucide lucide-folder-plus h-3.5 w-3.5"[31m
                [33mfill[31m=[32m"none"[31m
                [33mheight[31m=[32m"24"[31m
                [33mstroke[31m=[32m"currentColor"[31m
                [33mstroke-linecap[31m=[32m"round"[31m
                [33mstroke-linejoin[31m=[32m"round"[31m
                [33mstroke-width[31m=[32m"2"[31m
                [33mviewBox[31m=[32m"0 0 24 24"[31m
                [33mwidth[31m=[32m"24"[31m
                [33mxmlns[31m=[32m"http://www.w3.org/2000/svg"[31m
              [36m>[31m
                [36m<path[31m
                  [33md[31m=[32m"M12 10v6"[31m
                [36m/>[31m
                [36m<path[31m
                  [33md[31m=[32m"M9 13h6"[31m
                [36m/>[31m
                [36m<path[31m
                  [33md[31m=[32m"M20 20a2 2 0 0 0 2-2V8a2 2 0 0 0-2-2h-7.9a2 2 0 0 1-1.69-.9L9.6 3.9A2 2 0 0 0 7.93 3H4a2 2 0 0 0-2 2v13a2 2 0 0 0 2 2Z"[31m
                [36m/>[31m
              [36m</svg>[31m
              [0mProjects[0m
            [36m</button>[31m
          [36m</div>[31m
        [36m</div>[31m
        [36m<div[31m
          [33mclass[31m=[32m"space-y-2 overflow-y-auto p-3"[31m
        [36m>[31m
          [36m<div[31m
            [33mclass[31m=[32m"rounded-2xl border border-dashed border-border px-4 py-8 text-center text-sm text-muted-foreground"[31m
          [36m>[31m
            [36m<svg[31m
              [33mclass[31m=[32m"lucide lucide-folder mx-auto mb-3 h-10 w-10 opacity-30"[31m
              [33mfill[31m=[32m"none"[31m
              [33mheight[31m=[32m"24"[31m
              [33mstroke[31m=[32m"currentColor"[31m
              [33mstroke-linecap[31m=[32m"round"[31m
              [33mstroke-linejoin[31m=[32m"round"[31m
              [33mstroke-width[31m=[32m"2"[31m
              [33mviewBox[31m=[32m"0 0 24 24"[31m
              [33mwidth[31m=[32m"24"[31m
              [33mxmlns[31m=[32m"http://www.w3.org/2000/svg"[31m
            [36m>[31m
              [36m<path[31m
                [33md[31m=[32m"M20 20a2 2 0 0 0 2-2V8a2 2 0 0 0-2-2h-7.9a2 2 0 0 1-1.69-.9L9.6 3.9A2 2 0 0 0 7.93 3H4a2 2 0 0 0-2 2v13a2 2 0 0 0 2 2Z"[31m
              [36m/>[31m
            [36m</svg>[31m
            [36m<div[31m
              [33mclass[31m=[32m"font-medium text-foreground"[31m
            [36m>[31m
              [0mNo projects yet[0m
            [36m</div>[31m
            [36m<div[31m
              [33mclass[31m=[32m"mt-1 text-xs text-muted-foreground"[31m
            [36m>[31m
              [0mAdd a project root to scan and manage project-local skills.[0m
            [36m</div>[31m
          [36m</div>[31m
        [36m</div>[31m
      [36m</div>[31m
      [36m<div[31m
        [33mclass[31m=[32m"flex min-w-0 flex-1 overflow-hidden"[31m
      [36m>[31m
        [36m<div[31m
          [33mclass[31m=[32m"flex flex-1 items-center justify-center p-6 text-center text-muted-foreground"[31m
        [36m>[31m
          [36m<div>[31m
            [36m<svg[31m
              [33mclass[31m=[32m"lucide lucide-folder mx-auto mb-4 h-12 w-12 opacity-30"[31m
              [33mfill[31m=[32m"none"[31m
              [33mheight[31m=[32m"24"[31m
              [33mstroke[31m=[32m"currentColor"[31m
              [33mstroke-linecap[31m=[32m"round"[31m
              [33mstroke-linejoin[31m=[32m"round"[31m
              [33mstroke-width[31m=[32m"2"[31m
              [33mviewBox[31m=[32m"0 0 24 24"[31m
              [33mwidth[31m=[32m"24"[31m
              [33mxmlns[31m=[32m"http://www.w3.org/2000/svg"[31m
            [36m>[31m
              [36m<path[31m
                [33md[31m=[32m"M20 20a2 2 0 0 0 2-2V8a2 2 0 0 0-2-2h-7.9a2 2 0 0 1-1.69-.9L9.6 3.9A2 2 0 0 0 7.93 3H4a2 2 0 0 0-2 2v13a2 2 0 0 0 2 2Z"[31m
              [36m/>[31m
            [36m</svg>[31m
            [36m<div[31m
              [33mclass[31m=[32m"text-lg font-semibold text-foreground"[31m
            [36m>[31m
              [0mSelect a Project[0m
            [36m</div>[31m
            [36m<div[31m
              [33mclass[31m=[32m"mt-2 text-sm text-muted-foreground"[31m
            [36m>[31m
              [0mChoose a registered project on the left or add a new one to start scanning project-local skills.[0m
            [36m</div>[31m
          [36m</div>[31m
        [36m</div>[31m
      [36m</div>[31m
    [36m</div>[31m
  [36m</div>[31m
[36m</body>[31m[39m
   [33m[2m鉁?[22m[39m SkillProjectsView[2m > [22mshows imported card shortcuts and keeps project detail actions for imported skills [33m1311[2mms[22m[39m
   [33m[2m鉁?[22m[39m SkillProjectsView[2m > [22mdoes not treat same-name project skills as imported when paths differ [33m667[2mms[22m[39m
   [33m[2m鉁?[22m[39m SkillProjectsView[2m > [22mtreats a project copy with the same directory fingerprint as a My Skills install [33m893[2mms[22m[39m
   [33m[2m鉁?[22m[39m SkillProjectsView[2m > [22mimports project skills into my skills with copy mode [33m493[2mms[22m[39m
   [33m[2m鉁?[22m[39m SkillProjectsView[2m > [22mshows remove from project for already imported project skills [33m530[2mms[22m[39m
   [33m[2m鉁?[22m[39m SkillProjectsView[2m > [22mallows importing selected library skills from the project header [33m494[2mms[22m[39m
   [33m[2m鉁?[22m[39m SkillProjectsView[2m > [22mmarks library skills already present in the selected project target [33m456[2mms[22m[39m
   [33m[2m鉁?[22m[39m SkillProjectsView[2m > [22msupports advanced import targets and custom folders [33m1936[2mms[22m[39m
   [33m[2m鉁?[22m[39m SkillProjectsView[2m > [22msupports symlink mode when importing my skills into a project [33m1030[2mms[22m[39m
   [33m[2m鉁?[22m[39m SkillProjectsView[2m > [22mremembers project import preferences after reopening the modal [33m3081[2mms[22m[39m
   [33m[2m鉁?[22m[39m SkillProjectsView[2m > [22mwarns when background rescan fails after a successful import [33m400[2mms[22m[39m
[90mstderr[2m | tests/unit/components/skill-view-tags.test.tsx[2m > [22m[2
mskill view tags[2m > [22m[2mrefreshes stale platform status for an already-
rendered skill row
[22m[39mWarning: An update to SkillListView inside a test was not wrapped in 
act(...).

When testing, code that causes React state updates should be wrapped into act(.
..):

act(() => {
  /* fire events that update state */
});
/* assert on the output */

This ensures that you're testing the behavior the user would see in the browser
. Learn more at https://reactjs.org/link/wrap-tests-with-act
    at SkillListView (D:\Pyprojects\PromptHub-main2\apps\desktop\src\renderer\c
omponents\skill\SkillListView.tsx:87:3)
    at I18nextProvider (file:///D:/Pyprojects/PromptHub-main2/node_modules/.pnp
m/react-i18next@15.7.4_i18next@24.2.3_typescript@5.9.3__react-dom@18.3.1_react@
18.3.1__react@18.3.1_typescript@5.9.3/node_modules/react-i18next/dist/es/I18nex
tProvider.js:4:3)
    at Wrapper (D:\Pyprojects\PromptHub-main2\apps\desktop\tests\helpers\i18n.t
sx:45:22)
Warning: An update to SkillListView inside a test was not wrapped in act(...).

When testing, code that causes React state updates should be wrapped into act(.
..):

act(() => {
  /* fire events that update state */
});
/* assert on the output */

This ensures that you're testing the behavior the user would see in the browser
. Learn more at https://reactjs.org/link/wrap-tests-with-act
    at SkillListView (D:\Pyprojects\PromptHub-main2\apps\desktop\src\renderer\c
omponents\skill\SkillListView.tsx:87:3)
    at I18nextProvider (file:///D:/Pyprojects/PromptHub-main2/node_modules/.pnp
m/react-i18next@15.7.4_i18next@24.2.3_typescript@5.9.3__react-dom@18.3.1_react@
18.3.1__react@18.3.1_typescript@5.9.3/node_modules/react-i18next/dist/es/I18nex
tProvider.js:4:3)
    at Wrapper (D:\Pyprojects\PromptHub-main2\apps\desktop\tests\helpers\i18n.t
sx:45:22)

 [32m鉁?[39m tests/unit/components/skill-view-tags.test.tsx [2m([22m[2m13 tests[22m[2m)[22m[33m 311[2mms[22m[39m
 [31m鉂?[39m tests/unit/main/data-path.test.ts [2m([22m[2m17 tests[22m[2m | [22m[31m1 failed[39m[2m)[22m[90m 131[2mms[22m[39m
[31m   [31m脳[31m data path bootstrap[2m > [22malways uses PromptHub as the historical default userData directory name[90m 8[2mms[22m[31m[39m
[31m     鈫?expected '\Users\alice\Library\Application Supp鈥? to be '/Users/alice/Library/Application Supp鈥? // Object.is equality[39m
 [32m鉁?[39m tests/unit/components/skill-detail-utils.test.ts [2m([22m[2m17 tests[22m[2m)[22m[90m 20[2mms[22m[39m
 [32m鉁?[39m tests/unit/services/skills-sh-store.test.ts [2m([22m[2m11 tests[22m[2m)[22m[90m 18[2mms[22m[39m
 [32m鉁?[39m tests/unit/main/skill-local-repo-ipc.test.ts [2m([22m[2m14 tests[22m[2m)[22m[33m 333[2mms[22m[39m
[90mstderr[2m | tests/unit/components/skill-store-card.test.tsx[2m > [22m[
2mSkillStoreCard[2m > [22m[2mrenders skill name and description
[22m[39mreact-i18next:: useTranslation: You will need to pass in an i18next i
nstance by using initReactI18next { code: [32m'NO_I18NEXT_INSTANCE'[39m }

 [32m鉁?[39m tests/unit/components/skill-store-card.test.tsx [2m([22m[2m16 tests[22m[2m)[22m[33m 377[2mms[22m[39m
 [32m鉁?[39m tests/unit/components/skill-settings.test.tsx [2m([22m[2m10 tests[22m[2m)[22m[33m 7516[2mms[22m[39m
   [33m[2m鉁?[22m[39m SkillSettings[2m > [22mshows the preferred default platform order [33m547[2mms[22m[39m
   [33m[2m鉁?[22m[39m SkillSettings[2m > [22mreorders platforms through drag and drop [33m327[2mms[22m[39m
   [33m[2m鉁?[22m[39m SkillSettings[2m > [22madds a custom agent root and shows derived asset previews [33m1743[2mms[22m[39m
   [33m[2m鉁?[22m[39m SkillSettings[2m > [22mfills the custom agent root path from folder picker [33m972[2mms[22m[39m
   [33m[2m鉁?[22m[39m SkillSettings[2m > [22mrequires confirmation before deleting a custom agent [33m1512[2mms[22m[39m
   [33m[2m鉁?[22m[39m SkillSettings[2m > [22mupdates built-in agent override fields from the unified config section [33m818[2mms[22m[39m
   [33m[2m鉁?[22m[39m SkillSettings[2m > [22msaves cleared built-in override fields as defaults instead of keeping stale values [33m1051[2mms[22m[39m
 [32m鉁?[39m tests/unit/services/skill-store-search.test.ts [2m([22m[2m24 tests[22m[2m)[22m[90m 14[2mms[22m[39m
 [32m鉁?[39m tests/integration/components/main-content-context-move.integration.test.tsx [2m([22m[2m4 tests[22m[2m)[22m[33m 2797[2mms[22m[39m
   [33m[2m鉁?[22m[39m MainContent context move integration[2m > [22mmoves a prompt from the context menu into a selected folder [33m860[2mms[22m[39m
   [33m[2m鉁?[22m[39m MainContent context move integration[2m > [22mshows folder icons and nested submenu items in move menu [33m1248[2mms[22m[39m
   [33m[2m鉁?[22m[39m MainContent context move integration[2m > [22mduplicates a prompt from the context menu [33m557[2mms[22m[39m
 [32m鉁?[39m tests/unit/components/ai-test-workbench.test.tsx [2m([22m[2m7 tests[22m[2m)[22m[33m 1523[2mms[22m[39m
   [33m[2m鉁?[22m[39m AiTestModal workbench[2m > [22mrenders compare mode and attachment entry for text prompts [33m375[2mms[22m[39m
   [33m[2m鉁?[22m[39m AiTestModal workbench[2m > [22mpasses uploaded chat attachments to compare mode for text prompts [33m461[2mms[22m[39m
 [32m鉁?[39m tests/unit/components/skill-quick-install.test.tsx [2m([22m[2m3 tests[22m[2m)[22m[33m 1372[2mms[22m[39m
   [33m[2m鉁?[22m[39m SkillQuickInstall Component[2m > [22mcorrectly invokes symlink copy to project folders and triggers rescans upon clicking install [33m1155[2mms[22m[39m
 [32m鉁?[39m tests/unit/components/update-dialog.test.tsx [2m([22m[2m5 tests[22m[2m)[22m[33m 497[2mms[22m[39m
 [32m鉁?[39m tests/unit/stores/settings-ai-models.test.ts [2m([22m[2m8 tests[22m[2m)[22m[90m 184[2mms[22m[39m
[90mstderr[2m | tests/unit/services/idb-migration.test.ts[2m > [22m[2mmigr
ateLegacyIndexedDbToMainProcess[2m > [22m[2mdoes not write the done marker w
hen SQLite already has partial migrated data
[22m[39m[IDB migration] Main process already contains data but migration is i
ncomplete; refusing to merge legacy IndexedDB data non-atomically.

[90mstderr[2m | tests/unit/services/idb-migration.test.ts[2m > [22m[2mmigr
ateLegacyIndexedDbToMainProcess[2m > [22m[2mrefuses the old non-atomic fallb
ack path when migrateIdbBatch is unavailable
[22m[39m[IDB migration] migrateIdbBatch API is unavailable; refusing non-atom
ic migration.

 [32m鉁?[39m tests/unit/services/idb-migration.test.ts [2m([22m[2m5 tests[22m[2m)[22m[90m 130[2mms[22m[39m
 [32m鉁?[39m tests/unit/services/skill-identity.test.ts [2m([22m[2m8 tests[22m[2m)[22m[90m 16[2mms[22m[39m
[90mstdout[2m | tests/unit/components/prompt-modal-structure.test.tsx[2m > [22m[2mPrompt modal structure[2m > [22m[2mgenerates an AI rewrite draft and allows undoing it
[22m[39m[AI Service] Stream mode: [33mfalse[39m Callbacks provided: [33mfalse[39m

 [32m鉁?[39m tests/unit/main/skill-crud-ipc.test.ts [2m([22m[2m5 tests[22m[2m)[22m[90m 138[2mms[22m[39m
 [32m鉁?[39m tests/unit/components/security-settings.test.tsx [2m([22m[2m7 tests[22m[2m)[22m[33m 903[2mms[22m[39m
 [32m鉁?[39m tests/unit/services/database-backup-format.test.ts [2m([22m[2m10 tests[22m[2m)[22m[90m 6[2mms[22m[39m
[90mstdout[2m | tests/unit/components/prompt-modal-structure.test.tsx[2m > [22m[2mPrompt modal structure[2m > [22m[2msurfaces rewrite failures from the AI service
[22m[39m[AI Service] Stream mode: [33mfalse[39m Callbacks provided: [33mfalse[39m

 [32m鉁?[39m tests/unit/components/prompt-modal-structure.test.tsx [2m([22m[2m6 tests[22m[2m)[22m[33m 2297[2mms[22m[39m
   [33m[2m鉁?[22m[39m Prompt modal structure[2m > [22mkeeps create modal first screen focused on type and prompt content [33m561[2mms[22m[39m
   [33m[2m鉁?[22m[39m Prompt modal structure[2m > [22mgenerates an AI rewrite draft and allows undoing it [33m816[2mms[22m[39m
 [32m鉁?[39m tests/unit/services/database.test.ts [2m([22m[2m10 tests[22m[2m)[22m[90m 8[2mms[22m[39m
 [32m鉁?[39m tests/unit/services/ai-defaults.test.ts [2m([22m[2m9 tests[22m[2m)[22m[90m 6[2mms[22m[39m
 [32m鉁?[39m tests/unit/components/skill-store-installed-state.test.tsx [2m([22m[2m2 tests[22m[2m)[22m[33m 421[2mms[22m[39m
 [32m鉁?[39m tests/unit/components/data-recovery-dialog.test.tsx [2m([22m[2m4 tests[22m[2m)[22m[33m 616[2mms[22m[39m
[90mstdout[2m | tests/unit/components/prompt-quick-rewrite-dialog.test.tsx[2m > [22m[2mPromptQuickRewriteDialog[2m > [22m[2mrenders quick rewrite entry and previews generated draft
[22m[39m[AI Service] Stream mode: [33mfalse[39m Callbacks provided: [33mfalse[39m

[90mstdout[2m | tests/unit/components/prompt-quick-rewrite-dialog.test.tsx[2m > [22m[2mPromptQuickRewriteDialog[2m > [22m[2mapplies the draft and opens the editor when continue editing is selected
[22m[39m[AI Service] Stream mode: [33mfalse[39m Callbacks provided: [33mfalse[39m

 [32m鉁?[39m tests/unit/components/settings-page.test.tsx [2m([22m[2m7 tests[22m[2m)[22m[33m 1492[2mms[22m[39m
   [33m[2m鉁?[22m[39m SettingsPage[2m > [22mshows enabled badge on active cloud backup targets in the data submenu [33m608[2mms[22m[39m
   [33m[2m鉁?[22m[39m SettingsPage[2m > [22mlets the model service page own its provider middle column [33m329[2mms[22m[39m
[90mstdout[2m | tests/unit/components/prompt-quick-rewrite-dialog.test.tsx[2m > [22m[2mPromptQuickRewriteDialog[2m > [22m[2mshows errors when AI rewrite response is invalid
[22m[39m[AI Service] Stream mode: [33mfalse[39m Callbacks provided: [33mfalse[39m

 [32m鉁?[39m tests/unit/components/prompt-quick-rewrite-dialog.test.tsx [2m([22m[2m3 tests[22m[2m)[22m[33m 987[2mms[22m[39m
   [33m[2m鉁?[22m[39m PromptQuickRewriteDialog[2m > [22mrenders quick rewrite entry and previews generated draft [33m392[2mms[22m[39m
   [33m[2m鉁?[22m[39m PromptQuickRewriteDialog[2m > [22mapplies the draft and opens the editor when continue editing is selected [33m407[2mms[22m[39m
 [32m鉁?[39m tests/unit/main/security-ipc.test.ts [2m([22m[2m11 tests[22m[2m)[22m[33m 597[2mms[22m[39m
 [32m鉁?[39m tests/unit/stores/ui-columns.test.ts [2m([22m[2m12 tests[22m[2m)[22m[90m 70[2mms[22m[39m
 [32m鉁?[39m tests/unit/components/prompt-version-history-modal.test.tsx [2m([22m[2m4 tests[22m[2m)[22m[33m 1684[2mms[22m[39m
   [33m[2m鉁?[22m[39m VersionHistoryModal[2m > [22mkeeps the current pseudo-version and initial v1 snapshot protected [33m608[2mms[22m[39m
   [33m[2m鉁?[22m[39m VersionHistoryModal[2m > [22mdeletes a non-initial historical prompt version [33m501[2mms[22m[39m
   [33m[2m鉁?[22m[39m VersionHistoryModal[2m > [22mshows a table view with changed cells and opens a focused field diff [33m454[2mms[22m[39m
 [32m鉁?[39m tests/unit/services/skill-scan-status.test.ts [2m([22m[2m11 tests[22m[2m)[22m[90m 11[2mms[22m[39m
 [31m鉂?[39m tests/unit/main/skill-db.test.ts [2m([22m[2m8 tests[22m[2m | [22m[31m1 failed[39m[2m)[22m[90m 14[2mms[22m[39m
[31m   [31m脳[31m SkillDB[2m > [22mpersists and maps ownerUserId and visibility[90m 6[2mms[22m[31m[39m
[31m     鈫?Skill already exists: custom-skill[39m
 [32m鉁?[39m tests/unit/stores/settings-background-image.test.ts [2m([22m[2m9 tests[22m[2m)[22m[90m 190[2mms[22m[39m
 [32m鉁?[39m tests/unit/services/github-skill-store.test.ts [2m([22m[2m4 tests[22m[2m)[22m[90m 17[2mms[22m[39m
 [32m鉁?[39m tests/unit/stores/settings-github-token.test.ts [2m([22m[2m12 tests[22m[2m)[22m[90m 282[2mms[22m[39m
 [32m鉁?[39m tests/unit/services/clawhub-store.test.ts [2m([22m[2m5 tests[22m[2m)[22m[90m 9[2mms[22m[39m
 [32m鉁?[39m tests/unit/components/ai-workbench-base-fields.test.tsx [2m([22m[2m7 tests[22m[2m)[22m[33m 898[2mms[22m[39m
 [32m鉁?[39m tests/unit/hooks/useSmoothStream.test.ts [2m([22m[2m8 tests[22m[2m)[22m[90m 25[2mms[22m[39m
 [32m鉁?[39m tests/unit/main/recovery-candidates.test.ts [2m([22m[2m5 tests[22m[2m)[22m[33m 1164[2mms[22m[39m
   [33m[2m鉁?[22m[39m recovery-candidates[2m > [22mpreviews prompt data from a standalone database backup candidate [33m565[2mms[22m[39m
   [33m[2m鉁?[22m[39m recovery-candidates[2m > [22mpreviews prompt data from a unified data directory candidate [33m507[2mms[22m[39m
 [32m鉁?[39m tests/integration/components/main-content-large-dataset.integration.test.tsx [2m([22m[2m1 test[22m[2m)[22m[33m 6751[2mms[22m[39m
   [33m[2m鉁?[22m[39m MainContent large dataset integration[2m > [22mrenders large prompt datasets through virtualization without dropping rows [33m6751[2mms[22m[39m
 [32m鉁?[39m tests/unit/components/quick-add-utils.test.ts [2m([22m[2m10 tests[22m[2m)[22m[90m 5[2mms[22m[39m
 [32m鉁?[39m tests/integration/components/main-content-selection-restore.integration.test.tsx [2m([22m[2m2 tests[22m[2m)[22m[90m 108[2mms[22m[39m
 [32m鉁?[39m tests/unit/components/prompt-gallery-view.test.tsx [2m([22m[2m5 tests[22m[2m)[22m[33m 313[2mms[22m[39m
 [32m鉁?[39m tests/unit/components/about-settings.test.tsx [2m([22m[2m5 tests[22m[2m)[22m[33m 615[2mms[22m[39m
 [32m鉁?[39m tests/unit/services/skill-store-update.test.ts [2m([22m[2m7 tests[22m[2m)[22m[90m 18[2mms[22m[39m
 [32m鉁?[39m tests/unit/components/image-prompt-reverse-utils.test.ts [2m([22m[2m6 tests[22m[2m)[22m[90m 4[2mms[22m[39m
 [32m鉁?[39m tests/unit/services/backup-orchestrator.test.ts [2m([22m[2m7 tests[22m[2m)[22m[90m 8[2mms[22m[39m
 [32m鉁?[39m tests/unit/components/tag-manager-modal.test.tsx [2m([22m[2m4 tests[22m[2m)[22m[33m 418[2mms[22m[39m
 [32m鉁?[39m tests/unit/stores/settings-agent-roots.test.ts [2m([22m[2m6 tests[22m[2m)[22m[90m 146[2mms[22m[39m
 [32m鉁?[39m tests/unit/services/self-hosted-auth.test.ts [2m([22m[2m8 tests[22m[2m)[22m[90m 20[2mms[22m[39m
 [32m鉁?[39m tests/unit/main/github-token-setting.test.ts [2m([22m[2m18 tests[22m[2m)[22m[90m 131[2mms[22m[39m
 [32m鉁?[39m tests/unit/services/settings-snapshot.test.ts [2m([22m[2m3 tests[22m[2m)[22m[90m 4[2mms[22m[39m
 [32m鉁?[39m tests/unit/components/appearance-settings.test.tsx [2m([22m[2m4 tests[22m[2m)[22m[33m 389[2mms[22m[39m
[90mstderr[2m | tests/integration/components/skill-manager-large-dataset.inte
gration.test.tsx[2m > [22m[2mSkillManager large dataset integration[2m > [
22m[2mrenders only the first page for 1000 skills in gallery mode
[22m[39mFailed to load remote store skillhub: TypeError: __vite_ssr_import_10
__.useSettingsStore.getState is not a function
    at [90mD:\Pyprojects\PromptHub-main2\apps\desktop\[39msrc\renderer\compon
ents\skill\store-remote-sync.ts:701:14
    at [90mD:\Pyprojects\PromptHub-main2\apps\desktop\[39msrc\renderer\compon
ents\skill\store-remote-sync.ts:891:28
    at Object.current [90m(D:\Pyprojects\PromptHub-main2\apps\desktop\[39msrc
\renderer\components\skill\store-remote-sync.ts:986:7[90m)[39m
    at [90mD:\Pyprojects\PromptHub-main2\apps\desktop\[39msrc\renderer\compon
ents\skill\store-remote-sync.ts:1069:32
    at Array.map (<anonymous>)
    at configure [90m(D:\Pyprojects\PromptHub-main2\apps\desktop\[39msrc\rend
erer\components\skill\store-remote-sync.ts:1068:28[90m)[39m
[90m    at processTicksAndRejections (node:internal/process/task_queues:103:5)
[39m
Failed to load remote store community: TypeError: Cannot read properties of und
efined (reading 'replace')
    at Module.parseSkillsShLeaderboard [90m(D:\Pyprojects\PromptHub-main2\apps
\desktop\[39msrc\renderer\services\skills-sh-store.ts:271:31[90m)[39m
    at [90mD:\Pyprojects\PromptHub-main2\apps\desktop\[39msrc\renderer\compon
ents\skill\store-remote-sync.ts:574:18
[90m    at processTicksAndRejections (node:internal/process/task_queues:103:5)
[39m
    at [90mD:\Pyprojects\PromptHub-main2\apps\desktop\[39msrc\renderer\compon
ents\skill\store-remote-sync.ts:613:21
    at [90mD:\Pyprojects\PromptHub-main2\apps\desktop\[39msrc\renderer\compon
ents\skill\store-remote-sync.ts:883:22
    at Object.current [90m(D:\Pyprojects\PromptHub-main2\apps\desktop\[39msrc
\renderer\components\skill\store-remote-sync.ts:989:7[90m)[39m
    at async Promise.allSettled (index 2)
    at configure [90m(D:\Pyprojects\PromptHub-main2\apps\desktop\[39msrc\rend
erer\components\skill\store-remote-sync.ts:1067:9[90m)[39m

[90mstderr[2m | tests/integration/components/skill-manager-large-dataset.inte
gration.test.tsx[2m > [22m[2mSkillManager large dataset integration[2m > [
22m[2mrenders only the first page for 1000 skills in gallery mode
[22m[39mFailed to load remote store skillhub: TypeError: __vite_ssr_import_10
__.useSettingsStore.getState is not a function
    at [90mD:\Pyprojects\PromptHub-main2\apps\desktop\[39msrc\renderer\compon
ents\skill\store-remote-sync.ts:701:14
    at [90mD:\Pyprojects\PromptHub-main2\apps\desktop\[39msrc\renderer\compon
ents\skill\store-remote-sync.ts:891:28
    at Object.current [90m(D:\Pyprojects\PromptHub-main2\apps\desktop\[39msrc
\renderer\components\skill\store-remote-sync.ts:986:7[90m)[39m
    at [90mD:\Pyprojects\PromptHub-main2\apps\desktop\[39msrc\renderer\compon
ents\skill\store-remote-sync.ts:1049:37
    at Array.map (<anonymous>)
    at refreshStoreSources [90m(D:\Pyprojects\PromptHub-main2\apps\desktop\[3
9msrc\renderer\components\skill\store-remote-sync.ts:1044:25[90m)[39m
Failed to load remote store community: TypeError: Cannot read properties of und
efined (reading 'replace')
    at Module.parseSkillsShLeaderboard [90m(D:\Pyprojects\PromptHub-main2\apps
\desktop\[39msrc\renderer\services\skills-sh-store.ts:271:31[90m)[39m
    at [90mD:\Pyprojects\PromptHub-main2\apps\desktop\[39msrc\renderer\compon
ents\skill\store-remote-sync.ts:574:18
    at [90mD:\Pyprojects\PromptHub-main2\apps\desktop\[39msrc\renderer\compon
ents\skill\store-remote-sync.ts:613:21
    at [90mD:\Pyprojects\PromptHub-main2\apps\desktop\[39msrc\renderer\compon
ents\skill\store-remote-sync.ts:883:22
    at Object.current [90m(D:\Pyprojects\PromptHub-main2\apps\desktop\[39msrc
\renderer\components\skill\store-remote-sync.ts:989:7[90m)[39m
    at async Promise.allSettled (index 2)
    at refreshStoreSources [90m(D:\Pyprojects\PromptHub-main2\apps\desktop\[3
9msrc\renderer\components\skill\store-remote-sync.ts:1043:7[90m)[39m

 [32m鉁?[39m tests/integration/components/skill-manager-large-dataset.integration.test.tsx [2m([22m[2m1 test[22m[2m)[22m[90m 298[2mms[22m[39m
 [32m鉁?[39m tests/unit/components/modal.test.tsx [2m([22m[2m9 tests[22m[2m)[22m[90m 248[2mms[22m[39m
 [32m鉁?[39m tests/unit/components/renderer-i18n-smoke.test.tsx [2m([22m[2m2 tests[22m[2m)[22m[33m 521[2mms[22m[39m
   [33m[2m鉁?[22m[39m renderer i18n smoke[2m > [22mrenders critical lightweight components in english without chinese fallback text [33m514[2mms[22m[39m
 [32m鉁?[39m tests/unit/components/import-prompt-modal.test.tsx [2m([22m[2m5 tests[22m[2m)[22m[33m 497[2mms[22m[39m
 [32m鉁?[39m tests/unit/components/skill-preview-pane.test.tsx [2m([22m[2m4 tests[22m[2m)[22m[90m 94[2mms[22m[39m
 [32m鉁?[39m tests/unit/components/skill-batch-tag-dialog.test.tsx [2m([22m[2m5 tests[22m[2m)[22m[33m 717[2mms[22m[39m
   [33m[2m鉁?[22m[39m SkillBatchTagDialog[2m > [22minvokes onSubmit with the tag and 'add' mode by default [33m348[2mms[22m[39m
 [32m鉁?[39m tests/unit/stores/settings-sync-provider.test.ts [2m([22m[2m5 tests[22m[2m)[22m[90m 121[2mms[22m[39m
 [32m鉁?[39m tests/unit/components/column-resizer.test.tsx [2m([22m[2m7 tests[22m[2m)[22m[90m 194[2mms[22m[39m
 [32m鉁?[39m tests/unit/components/motion-primitives.test.tsx [2m([22m[2m8 tests[22m[2m)[22m[90m 45[2mms[22m[39m
 [32m鉁?[39m tests/unit/components/general-settings.test.tsx [2m([22m[2m5 tests[22m[2m)[22m[33m 749[2mms[22m[39m
 [32m鉁?[39m tests/unit/stores/settings-rules-sync.test.ts [2m([22m[2m2 tests[22m[2m)[22m[90m 109[2mms[22m[39m
 [32m鉁?[39m tests/unit/components/skill-batch-deploy-dialog.test.tsx [2m([22m[2m2 tests[22m[2m)[22m[33m 618[2mms[22m[39m
   [33m[2m鉁?[22m[39m SkillBatchDeployDialog install mode[2m > [22muses the symlink install API when the user selects symlink [33m403[2mms[22m[39m
 [32m鉁?[39m tests/unit/stores/prompt-save-sync.test.ts [2m([22m[2m4 tests[22m[2m)[22m[90m 5[2mms[22m[39m
 [32m鉁?[39m tests/unit/components/cli-settings.test.tsx [2m([22m[2m2 tests[22m[2m)[22m[90m 296[2mms[22m[39m
 [32m鉁?[39m tests/unit/components/quick-add-modal.test.tsx [2m([22m[2m1 test[22m[2m)[22m[33m 685[2mms[22m[39m
   [33m[2m鉁?[22m[39m QuickAddModal[2m > [22mswitches to AI generate mode and updates the prompt request copy [33m684[2mms[22m[39m
 [32m鉁?[39m tests/unit/components/context-menu.test.tsx [2m([22m[2m7 tests[22m[2m)[22m[90m 271[2mms[22m[39m
 [32m鉁?[39m tests/unit/components/confirm-dialog.test.tsx [2m([22m[2m7 tests[22m[2m)[22m[90m 251[2mms[22m[39m
 [32m鉁?[39m tests/unit/services/skill-platform-sync.test.ts [2m([22m[2m4 tests[22m[2m)[22m[90m 11[2mms[22m[39m
 [32m鉁?[39m tests/unit/stores/settings-desktop-workspace.test.ts [2m([22m[2m5 tests[22m[2m)[22m[90m 120[2mms[22m[39m
 [32m鉁?[39m tests/unit/main/skill-platform-ipc.test.ts [2m([22m[2m3 tests[22m[2m)[22m[90m 88[2mms[22m[39m
 [32m鉁?[39m tests/unit/components/available-models-list.test.tsx [2m([22m[2m3 tests[22m[2m)[22m[90m 144[2mms[22m[39m
 [32m鉁?[39m tests/unit/main/rule-db.test.ts [2m([22m[2m3 tests[22m[2m)[22m[90m 69[2mms[22m[39m
 [32m鉁?[39m tests/unit/services/ai-workbench-locales.test.ts [2m([22m[2m8 tests[22m[2m)[22m[90m 13[2mms[22m[39m
 [32m鉁?[39m tests/unit/services/periodic-auto-sync.test.ts [2m([22m[2m2 tests[22m[2m)[22m[90m 4[2mms[22m[39m
 [32m鉁?[39m tests/unit/services/skill-user-sidecar.test.ts [2m([22m[2m7 tests[22m[2m)[22m[90m 7[2mms[22m[39m
 [32m鉁?[39m tests/unit/components/textarea.test.tsx [2m([22m[2m7 tests[22m[2m)[22m[90m 37[2mms[22m[39m
 [32m鉁?[39m tests/unit/stores/skill-registry-selectors.test.ts [2m([22m[2m1 test[22m[2m)[22m[90m 5[2mms[22m[39m
 [32m鉁?[39m tests/unit/components/skill-version-history-modal.test.tsx [2m([22m[2m2 tests[22m[2m)[22m[33m 403[2mms[22m[39m
   [33m[2m鉁?[22m[39m SkillVersionHistoryModal[2m > [22mdeletes one skill snapshot from version history [33m379[2mms[22m[39m
[90mstderr[2m | tests/unit/components/prompt-list-header.test.tsx[2m > [22m
[2mPromptListHeader[2m > [22m[2mshows the prompt count
[22m[39mreact-i18next:: useTranslation: You will need to pass in an i18next i
nstance by using initReactI18next { code: [32m'NO_I18NEXT_INSTANCE'[39m }

 [31m鉂?[39m tests/unit/components/prompt-list-header.test.tsx [2m([22m[2m4 tests[22m[2m | [22m[31m1 failed[39m[2m)[22m[90m 259[2mms[22m[39m
[31m   [31m脳[31m PromptListHeader[2m > [22mshows the prompt count[90m 61[2mms[22m[31m[39m
[31m     鈫?Unable to find an element with the text: /42/. This could be because the text is broken up by multiple elements. In this case, you can provide a function for your text matcher to make your matcher more flexible.

Ignored nodes: comments, script, style
[36m<body>[31m
  [36m<div>[31m
    [36m<div[31m
      [33mclass[31m=[32m"prompt-list-header flex items-center justify-between gap-2 px-3 py-2 border-b border-border app-wallpaper-toolbar sticky top-0 z-20"[31m
    [36m>[31m
      [36m<span[31m
        [33mclass[31m=[32m"text-xs text-muted-foreground whitespace-nowrap"[31m
      [36m>[31m
        [0mprompt.promptCount[0m
      [36m</span>[31m
      [36m<div[31m
        [33mclass[31m=[32m"flex items-center gap-1"[31m
      [36m>[31m
        [36m<div[31m
          [33mclass[31m=[32m"relative"[31m
        [36m>[31m
          [36m<button[31m
            [33mclass[31m=[32m"flex items-center gap-1 px-2 py-1 text-xs rounded-md hover:bg-accent transition-colors"[31m
          [36m>[31m
            [36m<span[31m
              [33mclass[31m=[32m"text-muted-foreground"[31m
            [36m>[31m
              [0mprompt.sortNewest[0m
            [36m</span>[31m
            [36m<svg[31m
              [33mclass[31m=[32m"lucide lucide-chevron-down w-3.5 h-3.5 text-muted-foreground transition-transform"[31m
              [33mfill[31m=[32m"none"[31m
              [33mheight[31m=[32m"24"[31m
              [33mstroke[31m=[32m"currentColor"[31m
              [33mstroke-linecap[31m=[32m"round"[31m
              [33mstroke-linejoin[31m=[32m"round"[31m
              [33mstroke-width[31m=[32m"2"[31m
              [33mviewBox[31m=[32m"0 0 24 24"[31m
              [33mwidth[31m=[32m"24"[31m
              [33mxmlns[31m=[32m"http://www.w3.org/2000/svg"[31m
            [36m>[31m
              [36m<path[31m
                [33md[31m=[32m"m6 9 6 6 6-6"[31m
              [36m/>[31m
            [36m</svg>[31m
          [36m</button>[31m
        [36m</div>[31m
        [36m<div[31m
          [33mclass[31m=[32m"prompt-list-view-toggle relative flex items-center rounded-md border border-border overflow-hidden bg-muted/30"[31m
        [36m>[31m
          [36m<div[31m
            [33mclass[31m=[32m"absolute h-full bg-primary rounded-[3px] transition-all duration-base ease-out"[31m
            [33mstyle[31m=[32m"width: calc(25%); left: 0%;"[31m
          [36m/>[31m
          [36m<button[31m
            [33mclass[31m=[32m"relative z-10 p-1.5 transition-colors duration-base text-white"[31m
            [33mtitle[31m=[32m"prompt.viewCard"[31m
          [36m>[31m
            [36m<svg[31m
              [33mclass[31m=[32m"lucide lucide-layout-grid w-3.5 h-3.5"[31m
              [33mfill[31m=[32m"none"[31m
              [33mheight[31m=[32m"24"[31m
              [33mstroke[31m=[32m"currentColor"[31m
              [33mstroke-linecap[31m=[32m"round"[31m
              [33mstroke-linejoin[31m=[32m"round"[31m
              [33mstroke-width[31m=[32m"2"[31m
              [33mviewBox[31m=[32m"0 0 24 24"[31m
              [33mwidth[31m=[32m"24"[31m
              [33mxmlns[31m=[32m"http://www.w3.org/2000/svg"[31m
            [36m>[31m
              [36m<rect[31m
                [33mheight[31m=[32m"7"[31m
                [33mrx[31m=[32m"1"[31m
                [33mwidth[31m=[32m"7"[31m
                [33mx[31m=[32m"3"[31m
                [33my[31m=[32m"3"[31m
              [36m/>[31m
              [36m<rect[31m
                [33mheight[31m=[32m"7"[31m
                [33mrx[31m=[32m"1"[31m
                [33mwidth[31m=[32m"7"[31m
                [33mx[31m=[32m"14"[31m
                [33my[31m=[32m"3"[31m
              [36m/>[31m
              [36m<rect[31m
                [33mheight[31m=[32m"7"[31m
                [33mrx[31m=[32m"1"[31m
                [33mwidth[31m=[32m"7"[31m
                [33mx[31m=[32m"14"[31m
                [33my[31m=[32m"14"[31m
              [36m/>[31m
              [36m<rect[31m
                [33mheight[31m=[32m"7"[31m
                [33mrx[31m=[32m"1"[31m
                [33mwidth[31m=[32m"7"[31m
                [33mx[31m=[32m"3"[31m
                [33my[31m=[32m"14"[31m
              [36m/>[31m
            [36m</svg>[31m
          [36m</button>[31m
          [36m<button[31m
            [33mclass[31m=[32m"relative z-10 p-1.5 transition-colors duration-base text-muted-foreground hover:text-foreground"[31m
            [33mtitle[31m=[32m"鍥剧墖瑙嗗浘"[31m
          [36m>[31m
            [36m<svg[31m
              [33mclass[31m=[32m"lucide lucide-image w-3.5 h-3.5"[31m
              [33mfill[31m=[32m"none"[31m
              [33mheight[31m=[32m"24"[31m
              [33mstroke[31m=[32m"currentColor"[31m
              [33mstroke-linecap[31m=[32m"round"[31m
              [33mstroke-linejoin[31m=[32m"round"[31m
              [33mstroke-width[31m=[32m"2"[31m
              [33mviewBox[31m=[32m"0 0 24 24"[31m
              [33mwidth[31m=[32m"24"[31m
              [33mxmlns[31m=[32m"http://www.w3.org/2000/svg"[31m
            [36m>[31m
              [36m<rect[31m
                [33mheight[31m=[32m"18"[31m
                [33mrx[31m=[32m"2"[31m
                [33mry[31m=[32m"2"[31m
                [33mwidth[31m=[32m"18"[31m
                [33mx[31m=[32m"3"[31m
                [33my[31m=[32m"3"[31m
              [36m/>[31m
              [36m<circle[31m
                [33mcx[31m=[32m"9"[31m
                [33mcy[31m=[32m"9"[31m
                [33mr[31m=[32m"2"[31m
              [36m/>[31m
              [36m<path[31m
                [33md[31m=[32m"m21 15-3.086-3.086a2 2 0 0 0-2.828 0L6 21"[31m
              [36m/>[31m
            [36m</svg>[31m
          [36m</button>[31m
          [36m<button[31m
            [33mclass[31m=[32m"relative z-10 p-1.5 transition-colors duration-base text-muted-foreground hover:text-foreground"[31m
            [33mtitle[31m=[32m"鐪嬫澘瑙嗗浘"[31m
          [36m>[31m
            [36m<svg[31m
              [33mclass[31m=[32m"lucide lucide-columns3 w-3.5 h-3.5"[31m
              [33mfill[31m=[32m"none"[31m
              [33mheight[31m=[32m"24"[31m
              [33mstroke[31m=[32m"currentColor"[31m
              [33mstroke-linecap[31m=[32m"round"[31m
              [33mstroke-linejoin[31m=[32m"round"[31m
              [33mstroke-width[31m=[32m"2"[31m
              [33mviewBox[31m=[32m"0 0 24 24"[31m
              [33mwidth[31m=[32m"24"[31m
              [33mxmlns[31m=[32m"http://www.w3.org/2000/svg"[31m
            [36m>[31m
              [36m<rect[31m
                [33mheight[31m=[32m"18"[31m
                [33mrx[31m=[32m"2"[31m
                [33mwidth[31m=[32m"18"[31m
                [33mx[31m=[32m"3"[31m
                [33my[31m=[32m"3"[31m
              [36m/>[31m
              [36m<path[31m
                [33md[31m=[32m"M9 3v18"[31m
              [36m/>[31m
              [36m<path[31m
                [33md[31m=[32m"M15 3v18"[31m
              [36m/>[31m
            [36m</svg>[31m
          [36m</button>[31m
          [36m<button[31m
            [33mclass[31m=[32m"relative z-10 p-1.5 transition-colors duration-base text-muted-foreground hover:text-foreground"[31m
            [33mtitle[31m=[32m"prompt.viewList"[31m
          [36m>[31m
            [36m<svg[31m
              [33mclass[31m=[32m"lucide lucide-list w-3.5 h-3.5"[31m
              [33mfill[31m=[32m"none"[31m
              [33mheight[31m=[32m"24"[31m
              [33mstroke[31m=[32m"currentColor"[31m
              [33mstroke-linecap[31m=[32m"round"[31m
              [33mstroke-linejoin[31m=[32m"round"[31m
              [33mstroke-width[31m=[32m"2"[31m
              [33mviewBox[31m=[32m"0 0 24 24"[31m
              [33mwidth[31m=[32m"24"[31m
              [33mxmlns[31m=[32m"http://www.w3.org/2000/svg"[31m
            [36m>[31m
              [36m<path[31m
                [33md[31m=[32m"M3 12h.01"[31m
              [36m/>[31m
              [36m<path[31m
                [33md[31m=[32m"M3 18h.01"[31m
              [36m/>[31m
              [36m<path[31m
                [33md[31m=[32m"M3 6h.01"[31m
              [36m/>[31m
              [36m<path[31m
                [33md[31m=[32m"M8 12h13"[31m
              [36m/>[31m
              [36m<path[31m
                [33md[31m=[32m"M8 18h13"[31m
              [36m/>[31m
              [36m<path[31m
                [33md[31m=[32m"M8 6h13"[31m
              [36m/>[31m
            [36m</svg>[31m
          [36m</button>[31m
        [36m</div>[31m
      [36m</div>[31m
    [36m</div>[31m
  [36m</div>[31m
[36m</body>[31m[39m
[90mstderr[2m | tests/unit/components/column-config-menu.test.tsx[2m > [22m
[2mColumnConfigMenu[2m > [22m[2mrenders the trigger button closed by defaul
t
[22m[39mreact-i18next:: useTranslation: You will need to pass in an i18next i
nstance by using initReactI18next { code: [32m'NO_I18NEXT_INSTANCE'[39m }

 [32m鉁?[39m tests/unit/components/column-config-menu.test.tsx [2m([22m[2m4 tests[22m[2m)[22m[90m 209[2mms[22m[39m
 [32m鉁?[39m tests/unit/services/app-background.test.ts [2m([22m[2m5 tests[22m[2m)[22m[90m 4[2mms[22m[39m
 [32m鉁?[39m tests/unit/components/use-skill-platform.test.ts [2m([22m[2m3 tests[22m[2m)[22m[90m 3[2mms[22m[39m
 [32m鉁?[39m tests/unit/stores/settings-startup.test.ts [2m([22m[2m4 tests[22m[2m)[22m[90m 92[2mms[22m[39m
 [32m鉁?[39m tests/unit/components/ai-settings-legacy.test.tsx [2m([22m[2m1 test[22m[2m)[22m[33m 414[2mms[22m[39m
   [33m[2m鉁?[22m[39m AISettings legacy[2m > [22mpreserves apiProtocol when adding a Google chat model [33m413[2mms[22m[39m
 [32m鉁?[39m tests/unit/services/prompt-filter.test.ts [2m([22m[2m3 tests[22m[2m)[22m[90m 16[2mms[22m[39m
 [32m鉁?[39m tests/unit/main/shortcuts.test.ts [2m([22m[2m3 tests[22m[2m)[22m[90m 77[2mms[22m[39m
 [32m鉁?[39m tests/unit/components/project-skill-preview-sidebar-i18n.test.tsx [2m([22m[2m1 test[22m[2m)[22m[33m 381[2mms[22m[39m
   [33m[2m鉁?[22m[39m ProjectSkillPreviewSidebar i18n[2m > [22mrenders the project deployment panel in Simplified Chinese without English fallback text [33m380[2mms[22m[39m
 [32m鉁?[39m tests/unit/components/close-dialog.test.tsx [2m([22m[2m3 tests[22m[2m)[22m[90m 166[2mms[22m[39m
 [32m鉁?[39m tests/unit/main/skill-version-ipc.test.ts [2m([22m[2m2 tests[22m[2m)[22m[90m 123[2mms[22m[39m
 [32m鉁?[39m tests/unit/services/skill-filter.test.ts [2m([22m[2m4 tests[22m[2m)[22m[90m 3[2mms[22m[39m
 [32m鉁?[39m tests/unit/components/toast.test.tsx [2m([22m[2m4 tests[22m[2m)[22m[90m 187[2mms[22m[39m
[90mstderr[2m | tests/unit/main/settings-startup.test.ts[2m > [22m[2mgetMi
nimizeOnLaunchSetting (issue #115)[2m > [22m[2msurvives a malformed JSON val
ue without throwing
[22m[39mFailed to read minimizeOnLaunch setting: SyntaxError: Expected proper
ty name or '}' in JSON at position 1 (line 1 column 2)
    at JSON.parse (<anonymous>)
    at readBooleanSetting [90m(D:\Pyprojects\PromptHub-main2\apps\desktop\[39
msrc\main\settings\settings-readers.ts:14:17[90m)[39m
    at Module.getMinimizeOnLaunchSetting [90m(D:\Pyprojects\PromptHub-main2\ap
ps\desktop\[39msrc\main\settings\settings-readers.ts:22:10[90m)[39m
    at [90mD:\Pyprojects\PromptHub-main2\apps\desktop\[39mtests\unit\main\set
tings-startup.test.ts:63:12
    at file:///D:/Pyprojects/PromptHub-main2/node_modules/[4m.pnpm[24m/@vites
t+runner@2.1.9/node_modules/[4m@vitest/runner[24m/dist/index.js:146:14
    at file:///D:/Pyprojects/PromptHub-main2/node_modules/[4m.pnpm[24m/@vites
t+runner@2.1.9/node_modules/[4m@vitest/runner[24m/dist/index.js:533:11
    at runWithTimeout (file:///D:/Pyprojects/PromptHub-main2/node_modules/[4m.
pnpm[24m/@vitest+runner@2.1.9/node_modules/[4m@vitest/runner[24m/dist/index.
js:39:7)
    at runTest (file:///D:/Pyprojects/PromptHub-main2/node_modules/[4m.pnpm[2
4m/@vitest+runner@2.1.9/node_modules/[4m@vitest/runner[24m/dist/index.js:1056
:17)
[90m    at processTicksAndRejections (node:internal/process/task_queues:103:5)
[39m
    at runSuite (file:///D:/Pyprojects/PromptHub-main2/node_modules/[4m.pnpm[
24m/@vitest+runner@2.1.9/node_modules/[4m@vitest/runner[24m/dist/index.js:120
5:15)

 [32m鉁?[39m tests/unit/main/settings-startup.test.ts [2m([22m[2m6 tests[22m[2m)[22m[90m 84[2mms[22m[39m
 [32m鉁?[39m tests/unit/components/top-bar-agent-search.test.tsx [2m([22m[2m1 test[22m[2m)[22m[90m 42[2mms[22m[39m
 [32m鉁?[39m tests/unit/services/skill-locale-regression.test.ts [2m([22m[2m7 tests[22m[2m)[22m[90m 10[2mms[22m[39m
 [32m鉁?[39m tests/unit/services/renderer-i18n-hardcode-regression.test.ts [2m([22m[2m1 test[22m[2m)[22m[90m 109[2mms[22m[39m
 [32m鉁?[39m tests/unit/main/settings-ipc-ai-config.test.ts [2m([22m[2m2 tests[22m[2m)[22m[90m 3[2mms[22m[39m
 [32m鉁?[39m tests/unit/components/skill-safety-i18n.test.ts [2m([22m[2m2 tests[22m[2m)[22m[90m 3[2mms[22m[39m
 [31m鉂?[39m tests/unit/main/recovery-paths.test.ts [2m([22m[2m3 tests[22m[2m | [22m[31m1 failed[39m[2m)[22m[90m 10[2mms[22m[39m
[31m   [31m脳[31m recovery-paths[2m > [22mkeeps the existing macOS-style default path behavior on non-Windows platforms[90m 7[2mms[22m[31m[39m
[31m     鈫?expected [ Array(1) ] to deeply equal [ Array(1) ][39m
[90mstderr[2m | tests/unit/components/collapsible-thinking.test.tsx[2m > [2
2m[2mCollapsibleThinking[2m > [22m[2mrenders nothing when content is null a
nd not loading
[22m[39mreact-i18next:: useTranslation: You will need to pass in an i18next i
nstance by using initReactI18next { code: [32m'NO_I18NEXT_INSTANCE'[39m }

 [32m鉁?[39m tests/unit/components/collapsible-thinking.test.tsx [2m([22m[2m6 tests[22m[2m)[22m[90m 205[2mms[22m[39m
 [32m鉁?[39m tests/unit/services/skill-store-source.test.ts [2m([22m[2m5 tests[22m[2m)[22m[90m 5[2mms[22m[39m
 [32m鉁?[39m tests/unit/stores/folder-save-sync.test.ts [2m([22m[2m2 tests[22m[2m)[22m[90m 4[2mms[22m[39m
 [32m鉁?[39m tests/unit/components/skill-code-editor.test.tsx [2m([22m[2m3 tests[22m[2m)[22m[90m 279[2mms[22m[39m
[90mstderr[2m | tests/unit/components/unsaved-changes-dialog.test.tsx[2m > 
[22m[2mUnsavedChangesDialog[2m > [22m[2mdoes not render when closed
[22m[39mreact-i18next:: useTranslation: You will need to pass in an i18next i
nstance by using initReactI18next { code: [32m'NO_I18NEXT_INSTANCE'[39m }

 [32m鉁?[39m tests/unit/components/unsaved-changes-dialog.test.tsx [2m([22m[2m4 tests[22m[2m)[22m[90m 171[2mms[22m[39m
 [32m鉁?[39m tests/unit/components/skill-version-utils.test.ts [2m([22m[2m2 tests[22m[2m)[22m[90m 9[2mms[22m[39m
 [32m鉁?[39m tests/unit/components/prompt-copy-utils.test.ts [2m([22m[2m4 tests[22m[2m)[22m[90m 3[2mms[22m[39m
 [32m鉁?[39m tests/unit/services/skill-filter-large.test.ts [2m([22m[2m2 tests[22m[2m)[22m[90m 3[2mms[22m[39m
 [32m鉁?[39m tests/unit/components/language-settings.test.tsx [2m([22m[2m3 tests[22m[2m)[22m[33m 351[2mms[22m[39m
 [32m鉁?[39m tests/unit/components/background-image-backdrop.test.tsx [2m([22m[2m3 tests[22m[2m)[22m[90m 35[2mms[22m[39m
 [32m鉁?[39m tests/unit/components/folder-modal.test.tsx [2m([22m[2m1 test[22m[2m)[22m[90m 89[2mms[22m[39m
 [32m鉁?[39m tests/unit/main/skill-import-sanitize.test.ts [2m([22m[2m2 tests[22m[2m)[22m[90m 2[2mms[22m[39m
 [32m鉁?[39m tests/unit/components/input.test.tsx [2m([22m[2m5 tests[22m[2m)[22m[90m 34[2mms[22m[39m
 [32m鉁?[39m tests/unit/components/checkbox.test.tsx [2m([22m[2m5 tests[22m[2m)[22m[90m 136[2mms[22m[39m
[90mstderr[2m | tests/unit/components/image-preview-modal.test.tsx[2m > [22
m[2mImagePreviewModal[2m > [22m[2mrenders nothing when closed
[22m[39mreact-i18next:: useTranslation: You will need to pass in an i18next i
nstance by using initReactI18next { code: [32m'NO_I18NEXT_INSTANCE'[39m }

 [32m鉁?[39m tests/unit/components/image-preview-modal.test.tsx [2m([22m[2m5 tests[22m[2m)[22m[90m 149[2mms[22m[39m
 [32m鉁?[39m tests/unit/services/skill-normalize.test.ts [2m([22m[2m2 tests[22m[2m)[22m[90m 3[2mms[22m[39m
 [32m鉁?[39m tests/unit/components/prompt-modal-utils.test.ts [2m([22m[2m3 tests[22m[2m)[22m[90m 2[2mms[22m[39m
 [32m鉁?[39m tests/unit/services/ai-url-preview.test.ts [2m([22m[2m6 tests[22m[2m)[22m[90m 4[2mms[22m[39m
 [32m鉁?[39m tests/unit/services/issue-version-label.test.ts [2m([22m[2m5 tests[22m[2m)[22m[90m 3[2mms[22m[39m
 [32m鉁?[39m tests/unit/main/skill-db-versioning.test.ts [2m([22m[2m1 test[22m[2m)[22m[33m 540[2mms[22m[39m
   [33m[2m鉁?[22m[39m SkillDB versioning[2m > [22mpersists currentVersion when creating a snapshot [33m539[2mms[22m[39m
 [32m鉁?[39m tests/unit/components/skill-file-icons.test.ts [2m([22m[2m2 tests[22m[2m)[22m[90m 3[2mms[22m[39m
 [32m鉁?[39m tests/unit/components/Button.test.tsx [2m([22m[2m5 tests[22m[2m)[22m[90m 31[2mms[22m[39m
 [32m鉁?[39m tests/unit/services/skill-stats.test.ts [2m([22m[2m1 test[22m[2m)[22m[90m 11[2mms[22m[39m
 [32m鉁?[39m tests/unit/stores/settings-language.test.ts [2m([22m[2m2 tests[22m[2m)[22m[90m 77[2mms[22m[39m
 [32m鉁?[39m tests/unit/components/prompt-detail-modal.test.tsx [2m([22m[2m1 test[22m[2m)[22m[90m 238[2mms[22m[39m
[90mstdout[2m | tests/unit/main/skill-installer-platform.test.ts[2m > [22m[2mskill-installer-platform symlink install[2m > [22m[2mcopies the managed skill directory into the platform directory
[22m[39mSuccessfully installed skill directory for "demo-skill" to Claude Code at \platform\skills\demo-skill

[90mstdout[2m | tests/unit/main/skill-installer-platform.test.ts[2m > [22m[2mskill-installer-platform symlink install[2m > [22m[2mdereferences a root symlink source when copy-installing to a platform
[22m[39mSuccessfully installed skill directory for "linked-demo" to Claude Code at \platform\skills\linked-demo

[90mstdout[2m | tests/unit/main/skill-installer-platform.test.ts[2m > [22m[2mskill-installer-platform symlink install[2m > [22m[2mregisters Cherry Studio installs through its database-backed adapter
[22m[39mSuccessfully registered skill directory for "demo-skill" in Cherry Studio

[90mstdout[2m | tests/unit/main/skill-installer-platform.test.ts[2m > [22m[2mskill-installer-platform symlink install[2m > [22m[2mallows symlink installs for custom agents
[22m[39mSymlinked "demo-skill" repo directory 鈫?Team Agents: \prompthub\skills\demo-skill 鈫?\platform\skills\demo-skill

[90mstdout[2m | tests/unit/main/skill-installer-platform.test.ts[2m > [22m[2mskill-installer-platform symlink install[2m > [22m[2mfalls back to Cherry Studio copy registration when DB-backed symlink creation is not permitted
[22m[39mSuccessfully registered skill directory for "demo-skill" in Cherry Studio

[90mstderr[2m | tests/unit/main/skill-installer-platform.test.ts[2m > [22m
[2mskill-installer-platform symlink install[2m > [22m[2mfalls back to Cherry
 Studio copy registration when DB-backed symlink creation is not permitted
[22m[39mSymlink install unsupported for "demo-skill" on Cherry Studio; fallin
g back to copy install. Reason: EPERM: operation not permitted

[90mstdout[2m | tests/unit/main/skill-installer-platform.test.ts[2m > [22m[2mskill-installer-platform symlink install[2m > [22m[2mfalls back to copy install when symlink creation returns EPERM
[22m[39mSuccessfully installed skill directory for "demo-skill" to Claude Code at \platform\skills\demo-skill

[90mstderr[2m | tests/unit/main/skill-installer-platform.test.ts[2m > [22m
[2mskill-installer-platform symlink install[2m > [22m[2mfalls back to copy i
nstall when symlink creation returns EPERM
[22m[39mSymlink install unsupported for "demo-skill" on Claude Code; falling 
back to copy install. Reason: EPERM: operation not permitted

[90mstdout[2m | tests/unit/main/skill-installer-platform.test.ts[2m > [22m[2mskill-installer-platform symlink install[2m > [22m[2msymlinks the whole skill directory into the platform directory
[22m[39mSymlinked "demo-skill" repo directory 鈫?Claude Code: \prompthub\skills\demo-skill 鈫?\platform\skills\demo-skill

[90mstdout[2m | tests/unit/main/skill-installer-platform.test.ts[2m > [22m[2mskill-installer-platform symlink install[2m > [22m[2mfalls back to copy install for UNKNOWN errors (Windows without Developer Mode)
[22m[39mSuccessfully installed skill directory for "demo-skill" to Claude Code at \platform\skills\demo-skill

[90mstderr[2m | tests/unit/main/skill-installer-platform.test.ts[2m > [22m
[2mskill-installer-platform symlink install[2m > [22m[2mfalls back to copy i
nstall for UNKNOWN errors (Windows without Developer Mode)
[22m[39mSymlink install unsupported for "demo-skill" on Claude Code; falling 
back to copy install. Reason: UNKNOWN: unknown symlink failure

[90mstderr[2m | tests/unit/main/skill-installer-platform.test.ts[2m > [22m
[2mskill-installer-platform symlink install[2m > [22m[2mrethrows with an act
ionable error message when no fallback applies
[22m[39mFailed to create symlink for "demo-skill" to Claude Code: Error: disk
 is full
    at [90mD:\Pyprojects\PromptHub-main2\apps\desktop\[39mtests\unit\main\ski
ll-installer-platform.test.ts:356:37
    at file:///D:/Pyprojects/PromptHub-main2/node_modules/[4m.pnpm[24m/@vites
t+runner@2.1.9/node_modules/[4m@vitest/runner[24m/dist/index.js:146:14
    at file:///D:/Pyprojects/PromptHub-main2/node_modules/[4m.pnpm[24m/@vites
t+runner@2.1.9/node_modules/[4m@vitest/runner[24m/dist/index.js:533:11
    at runWithTimeout (file:///D:/Pyprojects/PromptHub-main2/node_modules/[4m.
pnpm[24m/@vitest+runner@2.1.9/node_modules/[4m@vitest/runner[24m/dist/index.
js:39:7)
    at runTest (file:///D:/Pyprojects/PromptHub-main2/node_modules/[4m.pnpm[2
4m/@vitest+runner@2.1.9/node_modules/[4m@vitest/runner[24m/dist/index.js:1056
:17)
[90m    at processTicksAndRejections (node:internal/process/task_queues:103:5)
[39m
    at runSuite (file:///D:/Pyprojects/PromptHub-main2/node_modules/[4m.pnpm[
24m/@vitest+runner@2.1.9/node_modules/[4m@vitest/runner[24m/dist/index.js:120
5:15)
    at runSuite (file:///D:/Pyprojects/PromptHub-main2/node_modules/[4m.pnpm[
24m/@vitest+runner@2.1.9/node_modules/[4m@vitest/runner[24m/dist/index.js:120
5:15)
    at runFiles (file:///D:/Pyprojects/PromptHub-main2/node_modules/[4m.pnpm[
24m/@vitest+runner@2.1.9/node_modules/[4m@vitest/runner[24m/dist/index.js:126
2:5)
    at startTests (file:///D:/Pyprojects/PromptHub-main2/node_modules/[4m.pnpm
[24m/@vitest+runner@2.1.9/node_modules/[4m@vitest/runner[24m/dist/index.js:1
271:3) {
  code: [32m'ENOSPC'[39m
}

[90mstdout[2m | tests/unit/main/skill-installer-platform.test.ts[2m > [22m[2mskill-installer-platform symlink install[2m > [22m[2minstalls same-name variants into the shared logical platform directory
[22m[39mSuccessfully installed skill directory for "writer" to Claude Code at \platform\skills\writer

[90mstdout[2m | tests/unit/main/skill-installer-platform.test.ts[2m > [22m[2mskill-installer-platform symlink install[2m > [22m[2mrecords activation state for symlink installs so UI reads installed status
[22m[39mSymlinked "writer" repo directory 鈫?Claude Code: /prompthub/skills/skill-a 鈫?\platform\skills\writer

[90mstdout[2m | tests/unit/main/skill-installer-platform.test.ts[2m > [22m[2mskill-installer-platform symlink install[2m > [22m[2muninstalls the shared logical platform directory and clears activation
[22m[39mSuccessfully uninstalled SKILL.md for "writer" from Claude Code

[90mstderr[2m | tests/unit/main/skill-installer-platform.test.ts[2m > [22m
[2mskill-installer-platform symlink install[2m > [22m[2mpropagates Cherry St
udio built-in uninstall rejection without clearing activation or deleting files
[22m[39mFailed to uninstall SKILL.md from Cherry Studio: Error: Cannot uninst
all Cherry Studio built-in skill
    at [90mD:\Pyprojects\PromptHub-main2\apps\desktop\[39mtests\unit\main\ski
ll-installer-platform.test.ts:589:26
    at file:///D:/Pyprojects/PromptHub-main2/node_modules/[4m.pnpm[24m/@vites
t+runner@2.1.9/node_modules/[4m@vitest/runner[24m/dist/index.js:146:14
    at file:///D:/Pyprojects/PromptHub-main2/node_modules/[4m.pnpm[24m/@vites
t+runner@2.1.9/node_modules/[4m@vitest/runner[24m/dist/index.js:533:11
    at runWithTimeout (file:///D:/Pyprojects/PromptHub-main2/node_modules/[4m.
pnpm[24m/@vitest+runner@2.1.9/node_modules/[4m@vitest/runner[24m/dist/index.
js:39:7)
    at runTest (file:///D:/Pyprojects/PromptHub-main2/node_modules/[4m.pnpm[2
4m/@vitest+runner@2.1.9/node_modules/[4m@vitest/runner[24m/dist/index.js:1056
:17)
[90m    at processTicksAndRejections (node:internal/process/task_queues:103:5)
[39m
    at runSuite (file:///D:/Pyprojects/PromptHub-main2/node_modules/[4m.pnpm[
24m/@vitest+runner@2.1.9/node_modules/[4m@vitest/runner[24m/dist/index.js:120
5:15)
    at runSuite (file:///D:/Pyprojects/PromptHub-main2/node_modules/[4m.pnpm[
24m/@vitest+runner@2.1.9/node_modules/[4m@vitest/runner[24m/dist/index.js:120
5:15)
    at runFiles (file:///D:/Pyprojects/PromptHub-main2/node_modules/[4m.pnpm[
24m/@vitest+runner@2.1.9/node_modules/[4m@vitest/runner[24m/dist/index.js:126
2:5)
    at startTests (file:///D:/Pyprojects/PromptHub-main2/node_modules/[4m.pnpm
[24m/@vitest+runner@2.1.9/node_modules/[4m@vitest/runner[24m/dist/index.js:1
271:3)

[90mstdout[2m | tests/unit/main/skill-installer-platform.test.ts[2m > [22m[2mskill-installer-platform symlink install[2m > [22m[2mremoves the platform target for copy or symlink installs without deleting the PromptHub source
[22m[39mSuccessfully uninstalled SKILL.md for "writer" from Claude Code

 [31m鉂?[39m tests/unit/main/skill-installer-platform.test.ts [2m([22m[2m20 tests[22m[2m | [22m[31m12 failed[39m[2m)[22m[90m 38[2mms[22m[39m
[31m   [31m脳[31m skill-installer-platform symlink install[2m > [22mcopies the managed skill directory into the platform directory[90m 14[2mms[22m[31m[39m
[31m     鈫?expected "spy" to be called with arguments: [ Anything, 鈥?2) ][90m

Received: 

[1m  1st spy call:

[22m[2m  Array [[22m
[32m-   Anything,[90m
[32m-   "/platform/skills/demo-skill",[90m
[32m-   ObjectContaining {[90m
[32m-     "filter": Any<Function>,[90m
[31m+   "/prompthub/skills/demo-skill",[90m
[31m+   "\\platform\\skills\\demo-skill",[90m
[31m+   Object {[90m
[31m+     "filter": [Function filter],[90m
[2m      "recursive": true,[22m
[2m    },[22m
[2m  ][22m
[31m[90m

Number of calls: [1m1[22m
[31m[39m
[31m   [31m脳[31m skill-installer-platform symlink install[2m > [22mdereferences a root symlink source when copy-installing to a platform[90m 2[2mms[22m[31m[39m
[31m     鈫?expected "spy" to be called with arguments: [ Array(3) ][90m

Received: 

[1m  1st spy call:

[22m[2m  Array [[22m
[2m    "/external/skills/linked-demo",[22m
[32m-   "/platform/skills/linked-demo",[90m
[32m-   ObjectContaining {[90m
[32m-     "filter": Any<Function>,[90m
[31m+   "\\platform\\skills\\linked-demo",[90m
[31m+   Object {[90m
[31m+     "filter": [Function filter],[90m
[2m      "recursive": true,[22m
[2m    },[22m
[2m  ][22m
[31m[90m

Number of calls: [1m1[22m
[31m[39m
[31m   [31m脳[31m skill-installer-platform symlink install[2m > [22mfalls back to copy install when symlink creation returns EPERM[90m 1[2mms[22m[31m[39m
[31m     鈫?expected "spy" to be called with arguments: [ Array(3) ][90m

Received: 

[1m  1st spy call:

[22m[2m  Array [[22m
[32m-   "/prompthub/skills/demo-skill",[90m
[32m-   "/platform/skills/demo-skill",[90m
[31m+   "\\prompthub\\skills\\demo-skill",[90m
[31m+   "\\platform\\skills\\demo-skill",[90m
[2m    "dir",[22m
[2m  ][22m
[31m[90m

Number of calls: [1m1[22m
[31m[39m
[31m   [31m脳[31m skill-installer-platform symlink install[2m > [22msymlinks the whole skill directory into the platform directory[90m 1[2mms[22m[31m[39m
[31m     鈫?expected "spy" to be called with arguments: [ Array(2) ][90m

Received: 

[1m  1st spy call:

[22m[2m  Array [[22m
[32m-   "/prompthub/skills/demo-skill",[90m
[31m+   "\\prompthub\\skills\\demo-skill",[90m
[2m    Object {[22m
[2m      "recursive": true,[22m
[2m    },[22m
[2m  ][22m

[1m  2nd spy call:

[22m[2m  Array [[22m
[32m-   "/prompthub/skills/demo-skill",[90m
[31m+   "/platform/skills",[90m
[2m    Object {[22m
[2m      "recursive": true,[22m
[2m    },[22m
[2m  ][22m
[31m[90m

Number of calls: [1m2[22m
[31m[39m
[31m   [31m脳[31m skill-installer-platform symlink install[2m > [22mfalls back to copy install for UNKNOWN errors (Windows without Developer Mode)[90m 1[2mms[22m[31m[39m
[31m     鈫?expected "spy" to be called with arguments: [ Array(3) ][90m

Received: 

[1m  1st spy call:

[22m[2m  Array [[22m
[32m-   "/prompthub/skills/demo-skill",[90m
[32m-   "/platform/skills/demo-skill",[90m
[32m-   ObjectContaining {[90m
[32m-     "filter": Any<Function>,[90m
[31m+   "\\prompthub\\skills\\demo-skill",[90m
[31m+   "\\platform\\skills\\demo-skill",[90m
[31m+   Object {[90m
[31m+     "filter": [Function filter],[90m
[2m      "recursive": true,[22m
[2m    },[22m
[2m  ][22m
[31m[90m

Number of calls: [1m1[22m
[31m[39m
[31m   [31m脳[31m skill-installer-platform symlink install[2m > [22minstalls same-name variants into the shared logical platform directory[90m 1[2mms[22m[31m[39m
[31m     鈫?expected "spy" to be called with arguments: [ '/prompthub/skills/skill-a', 鈥?2) ][90m

Received: 

[1m  1st spy call:

[22m[2m  Array [[22m
[2m    "/prompthub/skills/skill-a",[22m
[32m-   "/platform/skills/writer",[90m
[32m-   ObjectContaining {[90m
[32m-     "filter": Any<Function>,[90m
[31m+   "\\platform\\skills\\writer",[90m
[31m+   Object {[90m
[31m+     "filter": [Function filter],[90m
[2m      "recursive": true,[22m
[2m    },[22m
[2m  ][22m
[31m[90m

Number of calls: [1m1[22m
[31m[39m
[31m   [31m脳[31m skill-installer-platform symlink install[2m > [22mrecords activation state for symlink installs so UI reads installed status[90m 1[2mms[22m[31m[39m
[31m     鈫?expected "spy" to be called with arguments: [ '/prompthub/skills/skill-a', 鈥?2) ][90m

Received: 

[1m  1st spy call:

[22m[2m  Array [[22m
[2m    "/prompthub/skills/skill-a",[22m
[32m-   "/platform/skills/writer",[90m
[31m+   "\\platform\\skills\\writer",[90m
[2m    "dir",[22m
[2m  ][22m
[31m[90m

Number of calls: [1m1[22m
[31m[39m
[31m   [31m脳[31m skill-installer-platform symlink install[2m > [22mchecks install status using logical platform directory plus activation state[90m 3[2mms[22m[31m[39m
[31m     鈫?expected false to be true // Object.is equality[39m
[31m   [31m脳[31m skill-installer-platform symlink install[2m > [22mreports whether active platform installs are copies or symlinks[90m 2[2mms[22m[31m[39m
[31m     鈫?expected { installed: false } to deeply equal { installed: true, mode: 'symlink' }[39m
[31m   [31m脳[31m skill-installer-platform symlink install[2m > [22mreports Cherry Studio platform installs as symlinks when the registered folder is a link[90m 1[2mms[22m[31m[39m
[31m     鈫?expected { installed: true, mode: 'copy' } to deeply equal { installed: true, mode: 'symlink' }[39m
[31m   [31m脳[31m skill-installer-platform symlink install[2m > [22muninstalls the shared logical platform directory and clears activation[90m 1[2mms[22m[31m[39m
[31m     鈫?expected "spy" to be called with arguments: [ '/platform/skills/writer', 鈥?1) ][90m

Received: 

[1m  1st spy call:

[22m[2m  Array [[22m
[32m-   "/platform/skills/writer",[90m
[31m+   "\\platform\\skills\\writer",[90m
[2m    Object {[22m
[2m      "force": true,[22m
[2m      "recursive": true,[22m
[2m    },[22m
[2m  ][22m
[31m[90m

Number of calls: [1m1[22m
[31m[39m
[31m   [31m脳[31m skill-installer-platform symlink install[2m > [22mremoves the platform target for copy or symlink installs without deleting the PromptHub source[90m 1[2mms[22m[31m[39m
[31m     鈫?expected "spy" to be called with arguments: [ '/platform/skills/writer', 鈥?1) ][90m

Received: 

[1m  1st spy call:

[22m[2m  Array [[22m
[32m-   "/platform/skills/writer",[90m
[31m+   "\\platform\\skills\\writer",[90m
[2m    Object {[22m
[2m      "force": true,[22m
[2m      "recursive": true,[22m
[2m    },[22m
[2m  ][22m
[31m[90m

Number of calls: [1m1[22m
[31m[39m
 [32m鉁?[39m tests/unit/services/skill-registry-builtins.test.ts [2m([22m[2m2 tests[22m[2m)[22m[90m 3[2mms[22m[39m
[90mstdout[2m | tests/unit/main/data-layout-migration.test.ts[2m > [22m[2mdata-layout-migration[2m > [22m[2mmigrates legacy root entries into data/config and writes a marker after snapshotting
[22m[39m[data-layout-migration] Moved "workspace" 鈫?"data"
[data-layout-migration] Moved "skills" 鈫?"data\skills"
[data-layout-migration] Moved "images" 鈫?"data\assets\images"
[data-layout-migration] Moved "prompthub.db" 鈫?"data\prompthub.db"
[data-layout-migration] Moved "shortcuts.json" 鈫?"config\shortcuts.json"

 [32m鉁?[39m tests/unit/components/select.test.tsx [2m([22m[2m1 test[22m[2m)[22m[90m 299[2mms[22m[39m
[90mstdout[2m | tests/unit/main/data-layout-migration.test.ts[2m > [22m[2mdata-layout-migration[2m > [22m[2mmigrates a legacy root database into the unified data directory
[22m[39m[data-layout-migration] Moved "prompthub.db" 鈫?"data\prompthub.db"

[90mstdout[2m | tests/unit/main/data-layout-migration.test.ts[2m > [22m[2mdata-layout-migration[2m > [22m[2mpreserves skills and skill versions when migrating a legacy root database
[22m[39m[data-layout-migration] Moved "prompthub.db" 鈫?"data\prompthub.db"

[90mstderr[2m | tests/unit/main/data-layout-migration.test.ts[2m > [22m[2m
data-layout-migration[2m > [22m[2mpreserves the source directory when the ta
rget already has conflicting files
[22m[39m[data-layout-migration] Failed to move "skills": Error: [data-layout-
migration] File verification failed for "C:\Users\ADMINI~1\AppData\Local\Temp\d
ata-layout-migration-ZQL32L\PromptHub\skills\demo\SKILL.md": source size 12 but
 target size 24.
    at ensureSameFileContents [90m(D:\Pyprojects\PromptHub-main2\apps\desktop\
[39msrc\main\services\data-layout-migration.ts:104:11[90m)[39m
    at copyDirRecursive [90m(D:\Pyprojects\PromptHub-main2\apps\desktop\[39ms
rc\main\services\data-layout-migration.ts:160:5[90m)[39m
    at copyDirRecursive [90m(D:\Pyprojects\PromptHub-main2\apps\desktop\[39ms
rc\main\services\data-layout-migration.ts:150:17[90m)[39m
    at moveDirectory [90m(D:\Pyprojects\PromptHub-main2\apps\desktop\[39msrc\
main\services\data-layout-migration.ts:217:3[90m)[39m
    at Module.migrateLegacyDataLayout [90m(D:\Pyprojects\PromptHub-main2\apps\
desktop\[39msrc\main\services\data-layout-migration.ts:511:9[90m)[39m
    at [90mD:\Pyprojects\PromptHub-main2\apps\desktop\[39mtests\unit\main\dat
a-layout-migration.test.ts:317:20
    at file:///D:/Pyprojects/PromptHub-main2/node_modules/[4m.pnpm[24m/@vites
t+runner@2.1.9/node_modules/[4m@vitest/runner[24m/dist/index.js:533:5
    at runTest (file:///D:/Pyprojects/PromptHub-main2/node_modules/[4m.pnpm[2
4m/@vitest+runner@2.1.9/node_modules/[4m@vitest/runner[24m/dist/index.js:1056
:11)
    at runSuite (file:///D:/Pyprojects/PromptHub-main2/node_modules/[4m.pnpm[
24m/@vitest+runner@2.1.9/node_modules/[4m@vitest/runner[24m/dist/index.js:120
5:15)
    at runSuite (file:///D:/Pyprojects/PromptHub-main2/node_modules/[4m.pnpm[
24m/@vitest+runner@2.1.9/node_modules/[4m@vitest/runner[24m/dist/index.js:120
5:15)

 [32m鉁?[39m tests/unit/components/web-workspace-settings.test.tsx [2m([22m[2m1 test[22m[2m)[22m[90m 42[2mms[22m[39m
[90mstdout[2m | tests/unit/main/data-layout-migration.test.ts[2m > [22m[2mdata-layout-migration[2m > [22m[2mretries residual entries even when a migration marker already exists
[22m[39m[data-layout-migration] Moved "skills" 鈫?"data\skills"

[90mstdout[2m | tests/unit/main/data-layout-migration.test.ts[2m > [22m[2mdata-layout-migration[2m > [22m[2mcontinues migrating root database when an old marker lacks dbLayoutVersion
[22m[39m[data-layout-migration] Moved "prompthub.db" 鈫?"data\prompthub.db"

[90mstderr[2m | tests/unit/main/data-layout-migration.test.ts[2m > [22m[2m
data-layout-migration[2m > [22m[2mtreats conflicting root/data databases as 
a migration failure and keeps the root db
[22m[39m[data-layout-migration] Failed to move "prompthub.db": Error: [data-l
ayout-migration] Refusing to migrate database: target "C:\Users\ADMINI~1\AppDat
a\Local\Temp\data-layout-migration-YPnFXw\PromptHub\data\prompthub.db" already 
exists with different content.
    at moveDatabaseFile [90m(D:\Pyprojects\PromptHub-main2\apps\desktop\[39ms
rc\main\services\data-layout-migration.ts:273:11[90m)[39m
    at Module.migrateLegacyDataLayout [90m(D:\Pyprojects\PromptHub-main2\apps\
desktop\[39msrc\main\services\data-layout-migration.ts:513:9[90m)[39m
    at [90mD:\Pyprojects\PromptHub-main2\apps\desktop\[39mtests\unit\main\dat
a-layout-migration.test.ts:437:20
    at file:///D:/Pyprojects/PromptHub-main2/node_modules/[4m.pnpm[24m/@vites
t+runner@2.1.9/node_modules/[4m@vitest/runner[24m/dist/index.js:533:5
    at runTest (file:///D:/Pyprojects/PromptHub-main2/node_modules/[4m.pnpm[2
4m/@vitest+runner@2.1.9/node_modules/[4m@vitest/runner[24m/dist/index.js:1056
:11)
    at runSuite (file:///D:/Pyprojects/PromptHub-main2/node_modules/[4m.pnpm[
24m/@vitest+runner@2.1.9/node_modules/[4m@vitest/runner[24m/dist/index.js:120
5:15)
    at runSuite (file:///D:/Pyprojects/PromptHub-main2/node_modules/[4m.pnpm[
24m/@vitest+runner@2.1.9/node_modules/[4m@vitest/runner[24m/dist/index.js:120
5:15)
    at runFiles (file:///D:/Pyprojects/PromptHub-main2/node_modules/[4m.pnpm[
24m/@vitest+runner@2.1.9/node_modules/[4m@vitest/runner[24m/dist/index.js:126
2:5)
    at startTests (file:///D:/Pyprojects/PromptHub-main2/node_modules/[4m.pnpm
[24m/@vitest+runner@2.1.9/node_modules/[4m@vitest/runner[24m/dist/index.js:1
271:3)
    at file:///D:/Pyprojects/PromptHub-main2/node_modules/[4m.pnpm[24m/vitest
@2.1.9_@types+node@24.12.4_jsdom@27.3.0/node_modules/[4mvitest[24m/dist/chunk
s/runBaseTests.3qpJUEJM.js:126:11

 [31m鉂?[39m tests/unit/main/data-layout-migration.test.ts [2m([22m[2m10 tests[22m[2m | [22m[31m2 failed[39m[2m)[22m[33m 1391[2mms[22m[39m
   [33m[2m鉁?[22m[39m data-layout-migration[2m > [22mpreserves skills and skill versions when migrating a legacy root database [33m724[2mms[22m[39m
[31m   [31m脳[31m data-layout-migration[2m > [22mkeeps using the legacy root database until db layout migration is marked complete[90m 28[2mms[22m[31m[39m
[31m     鈫?expected 'C:\Users\ADMINI~1\AppData\Local\Temp\鈥? to be 'C:\Users\ADMINI~1\AppData\Local\Temp\鈥? // Object.is equality[39m
[31m   [31m脳[31m data-layout-migration[2m > [22mtreats conflicting root/data databases as a migration failure and keeps the root db[90m 89[2mms[22m[31m[39m
[31m     鈫?expected 'C:\Users\ADMINI~1\AppData\Local\Temp\鈥? to be 'C:\Users\ADMINI~1\AppData\Local\Temp\鈥? // Object.is equality[39m
 [32m鉁?[39m tests/unit/services/platform-visibility.test.ts [2m([22m[2m2 tests[22m[2m)[22m[90m 2[2mms[22m[39m
[90mstderr[2m | tests/unit/hooks/use-prompt-media-manager.test.ts[2m > [22m
[2musePromptMediaManager[2m > [22m[2mshows a dedicated message when self-ho
sted web blocks internal image URLs
[22m[39mFailed to upload image from URL: Error: Access to internal network ad
dresses is not allowed
    at [90mD:\Pyprojects\PromptHub-main2\apps\desktop\[39mtests\unit\hooks\us
e-prompt-media-manager.test.ts:11:28
    at file:///D:/Pyprojects/PromptHub-main2/node_modules/[4m.pnpm[24m/@vites
t+runner@2.1.9/node_modules/[4m@vitest/runner[24m/dist/index.js:146:14
    at runWithTimeout (file:///D:/Pyprojects/PromptHub-main2/node_modules/[4m.
pnpm[24m/@vitest+runner@2.1.9/node_modules/[4m@vitest/runner[24m/dist/index.
js:39:7)
    at callSuiteHook (file:///D:/Pyprojects/PromptHub-main2/node_modules/[4m.p
npm[24m/@vitest+runner@2.1.9/node_modules/[4m@vitest/runner[24m/dist/index.j
s:964:28)
[90m    at processTicksAndRejections (node:internal/process/task_queues:103:5)
[39m
    at runTest (file:///D:/Pyprojects/PromptHub-main2/node_modules/[4m.pnpm[2
4m/@vitest+runner@2.1.9/node_modules/[4m@vitest/runner[24m/dist/index.js:1040
:30)
    at runSuite (file:///D:/Pyprojects/PromptHub-main2/node_modules/[4m.pnpm[
24m/@vitest+runner@2.1.9/node_modules/[4m@vitest/runner[24m/dist/index.js:120
5:15)
    at runSuite (file:///D:/Pyprojects/PromptHub-main2/node_modules/[4m.pnpm[
24m/@vitest+runner@2.1.9/node_modules/[4m@vitest/runner[24m/dist/index.js:120
5:15)
    at runFiles (file:///D:/Pyprojects/PromptHub-main2/node_modules/[4m.pnpm[
24m/@vitest+runner@2.1.9/node_modules/[4m@vitest/runner[24m/dist/index.js:126
2:5)
    at startTests (file:///D:/Pyprojects/PromptHub-main2/node_modules/[4m.pnpm
[24m/@vitest+runner@2.1.9/node_modules/[4m@vitest/runner[24m/dist/index.js:1
271:3)

 [32m鉁?[39m tests/unit/hooks/use-prompt-media-manager.test.ts [2m([22m[2m1 test[22m[2m)[22m[90m 16[2mms[22m[39m
[90mstdout[2m | tests/unit/main/updater.test.ts[2m > [22m[2mUpdater Service (Main Process)[2m > [22m[2mshould configure autoUpdater defaults
[22m[39m[Updater] Platform: win32, Arch: x64, currentVersion: 1.0.0

[90mstdout[2m | tests/unit/main/updater.test.ts[2m > [22m[2mUpdater Service (Main Process)[2m > [22m[2mshould not mutate autoUpdater.channel on Windows x64
[22m[39m[Updater] Platform: win32, Arch: x64, currentVersion: 1.0.0

[90mstdout[2m | tests/unit/main/updater.test.ts[2m > [22m[2mUpdater Service (Main Process)[2m > [22m[2mshould not mutate autoUpdater.channel on Windows arm64
[22m[39m[Updater] Platform: win32, Arch: arm64, currentVersion: 1.0.0

[90mstdout[2m | tests/unit/main/updater.test.ts[2m > [22m[2mUpdater Service (Main Process)[2m > [22m[2mshould NOT change channel on macOS
[22m[39m[Updater] Platform: darwin, Arch: x64, currentVersion: 1.0.0

[90mstdout[2m | tests/unit/main/updater.test.ts[2m > [22m[2mUpdater Service (Main Process)[2m > [22m[2mshould send "available" status to window when update found
[22m[39m[Updater] Platform: win32, Arch: x64, currentVersion: 1.0.0
Update available: 1.0.1

[90mstdout[2m | tests/unit/main/updater.test.ts[2m > [22m[2mUpdater Service (Main Process)[2m > [22m[2mshould send "downloading" status with progress
[22m[39m[Updater] Platform: win32, Arch: x64, currentVersion: 1.0.0
Download progress: 50.00%

[90mstdout[2m | tests/unit/main/updater.test.ts[2m > [22m[2mUpdater Service (Main Process)[2m > [22m[2muses the stable release feed by default when checking for updates
[22m[39m[Updater] Using official stable source for check

[90mstdout[2m | tests/unit/main/updater.test.ts[2m > [22m[2mUpdater Service (Main Process)[2m > [22m[2muses the preview prerelease feed only after joining preview channel
[22m[39m[Updater] Using official preview source for check

[90mstdout[2m | tests/unit/main/updater.test.ts[2m > [22m[2mUpdater Service (Main Process)[2m > [22m[2mkeeps preview checks on prerelease feeds even when a newer stable release exists
[22m[39m[Updater] Using official preview source for check

[90mstdout[2m | tests/unit/main/updater.test.ts[2m > [22m[2mUpdater Service (Main Process)[2m > [22m[2mdowngrades are surfaced as not-available instead of available
[22m[39m[Updater] Platform: win32, Arch: x64, currentVersion: 1.0.0
[Updater] Ignoring downgrade/non-upgrade candidate 0.9.9 for current 1.0.0

 [32m鉁?[39m tests/unit/main/updater.test.ts [2m([22m[2m13 tests[22m[2m | [22m[33m2 skipped[39m[2m)[22m[90m 20[2mms[22m[39m
 [32m鉁?[39m tests/unit/services/i18n-init.test.ts [2m([22m[2m2 tests[22m[2m)[22m[90m 243[2mms[22m[39m
 [32m鉁?[39m tests/unit/components/prompt-quick-rewrite-trigger.test.tsx [2m([22m[2m1 test[22m[2m)[22m[90m 225[2mms[22m[39m
 [32m鉁?[39m tests/unit/main/rules-ipc.test.ts [2m([22m[2m6 tests[22m[2m)[22m[90m 56[2mms[22m[39m
 [32m鉁?[39m tests/unit/main/cherry-studio-skill-platform.test.ts [2m([22m[2m16 tests[22m[2m)[22m[33m 3284[2mms[22m[39m
   [33m[2m鉁?[22m[39m cherry-studio-skill-platform[2m > [22mupdates an existing symlink install to the new source while preserving the DB row [33m322[2mms[22m[39m
   [33m[2m鉁?[22m[39m cherry-studio-skill-platform[2m > [22muninstalls the registry row, copied folder, and enabled agent symlink [33m308[2mms[22m[39m
[90mstderr[2m | tests/unit/main/image-ipc.test.ts[2m > [22m[2mimage IPC[2
m > [22m[2monly saves image paths that came from the file picker
[22m[39mFailed to save image /Users/demo/Pictures/other.png: Error: Image pat
h was not selected through the file picker
    at Object.image:save [90m(D:\Pyprojects\PromptHub-main2\apps\desktop\[39m
src\main\ipc\image.ipc.ts:283:19[90m)[39m
[90m    at processTicksAndRejections (node:internal/process/task_queues:103:5)
[39m
    at [90mD:\Pyprojects\PromptHub-main2\apps\desktop\[39mtests\unit\main\ima
ge-ipc.test.ts:184:5
    at file:///D:/Pyprojects/PromptHub-main2/node_modules/[4m.pnpm[24m/@vites
t+runner@2.1.9/node_modules/[4m@vitest/runner[24m/dist/index.js:533:5
    at runTest (file:///D:/Pyprojects/PromptHub-main2/node_modules/[4m.pnpm[2
4m/@vitest+runner@2.1.9/node_modules/[4m@vitest/runner[24m/dist/index.js:1056
:11)
    at runSuite (file:///D:/Pyprojects/PromptHub-main2/node_modules/[4m.pnpm[
24m/@vitest+runner@2.1.9/node_modules/[4m@vitest/runner[24m/dist/index.js:120
5:15)
    at runSuite (file:///D:/Pyprojects/PromptHub-main2/node_modules/[4m.pnpm[
24m/@vitest+runner@2.1.9/node_modules/[4m@vitest/runner[24m/dist/index.js:120
5:15)
    at runFiles (file:///D:/Pyprojects/PromptHub-main2/node_modules/[4m.pnpm[
24m/@vitest+runner@2.1.9/node_modules/[4m@vitest/runner[24m/dist/index.js:126
2:5)
    at startTests (file:///D:/Pyprojects/PromptHub-main2/node_modules/[4m.pnpm
[24m/@vitest+runner@2.1.9/node_modules/[4m@vitest/runner[24m/dist/index.js:1
271:3)
    at file:///D:/Pyprojects/PromptHub-main2/node_modules/[4m.pnpm[24m/vitest
@2.1.9_@types+node@24.12.4_jsdom@27.3.0/node_modules/[4mvitest[24m/dist/chunk
s/runBaseTests.3qpJUEJM.js:126:11

[90mstderr[2m | tests/unit/main/image-ipc.test.ts[2m > [22m[2mimage IPC[2
m > [22m[2monly saves video paths that came from the file picker
[22m[39mFailed to save video /Users/demo/Movies/other.mp4: Error: Video path 
was not selected through the file picker
    at Object.video:save [90m(D:\Pyprojects\PromptHub-main2\apps\desktop\[39m
src\main\ipc\image.ipc.ts:516:19[90m)[39m
[90m    at processTicksAndRejections (node:internal/process/task_queues:103:5)
[39m
    at [90mD:\Pyprojects\PromptHub-main2\apps\desktop\[39mtests\unit\main\ima
ge-ipc.test.ts:214:5
    at file:///D:/Pyprojects/PromptHub-main2/node_modules/[4m.pnpm[24m/@vites
t+runner@2.1.9/node_modules/[4m@vitest/runner[24m/dist/index.js:533:5
    at runTest (file:///D:/Pyprojects/PromptHub-main2/node_modules/[4m.pnpm[2
4m/@vitest+runner@2.1.9/node_modules/[4m@vitest/runner[24m/dist/index.js:1056
:11)
    at runSuite (file:///D:/Pyprojects/PromptHub-main2/node_modules/[4m.pnpm[
24m/@vitest+runner@2.1.9/node_modules/[4m@vitest/runner[24m/dist/index.js:120
5:15)
    at runSuite (file:///D:/Pyprojects/PromptHub-main2/node_modules/[4m.pnpm[
24m/@vitest+runner@2.1.9/node_modules/[4m@vitest/runner[24m/dist/index.js:120
5:15)
    at runFiles (file:///D:/Pyprojects/PromptHub-main2/node_modules/[4m.pnpm[
24m/@vitest+runner@2.1.9/node_modules/[4m@vitest/runner[24m/dist/index.js:126
2:5)
    at startTests (file:///D:/Pyprojects/PromptHub-main2/node_modules/[4m.pnpm
[24m/@vitest+runner@2.1.9/node_modules/[4m@vitest/runner[24m/dist/index.js:1
271:3)
    at file:///D:/Pyprojects/PromptHub-main2/node_modules/[4m.pnpm[24m/vitest
@2.1.9_@types+node@24.12.4_jsdom@27.3.0/node_modules/[4mvitest[24m/dist/chunk
s/runBaseTests.3qpJUEJM.js:126:11

[90mstderr[2m | tests/unit/main/image-ipc.test.ts[2m > [22m[2mimage IPC[2
m > [22m[2mrejects unsupported video extensions even when selected by the pic
ker
[22m[39mFailed to save video /Users/demo/Movies/not-actually-video.txt: Error
: Unsupported video type
    at Object.video:save [90m(D:\Pyprojects\PromptHub-main2\apps\desktop\[39m
src\main\ipc\image.ipc.ts:523:19[90m)[39m
[90m    at processTicksAndRejections (node:internal/process/task_queues:103:5)
[39m
    at [90mD:\Pyprojects\PromptHub-main2\apps\desktop\[39mtests\unit\main\ima
ge-ipc.test.ts:243:5
    at file:///D:/Pyprojects/PromptHub-main2/node_modules/[4m.pnpm[24m/@vites
t+runner@2.1.9/node_modules/[4m@vitest/runner[24m/dist/index.js:533:5
    at runTest (file:///D:/Pyprojects/PromptHub-main2/node_modules/[4m.pnpm[2
4m/@vitest+runner@2.1.9/node_modules/[4m@vitest/runner[24m/dist/index.js:1056
:11)
    at runSuite (file:///D:/Pyprojects/PromptHub-main2/node_modules/[4m.pnpm[
24m/@vitest+runner@2.1.9/node_modules/[4m@vitest/runner[24m/dist/index.js:120
5:15)
    at runSuite (file:///D:/Pyprojects/PromptHub-main2/node_modules/[4m.pnpm[
24m/@vitest+runner@2.1.9/node_modules/[4m@vitest/runner[24m/dist/index.js:120
5:15)
    at runFiles (file:///D:/Pyprojects/PromptHub-main2/node_modules/[4m.pnpm[
24m/@vitest+runner@2.1.9/node_modules/[4m@vitest/runner[24m/dist/index.js:126
2:5)
    at startTests (file:///D:/Pyprojects/PromptHub-main2/node_modules/[4m.pnpm
[24m/@vitest+runner@2.1.9/node_modules/[4m@vitest/runner[24m/dist/index.js:1
271:3)
    at file:///D:/Pyprojects/PromptHub-main2/node_modules/[4m.pnpm[24m/vitest
@2.1.9_@types+node@24.12.4_jsdom@27.3.0/node_modules/[4mvitest[24m/dist/chunk
s/runBaseTests.3qpJUEJM.js:126:11

[90mstderr[2m | tests/unit/main/image-ipc.test.ts[2m > [22m[2mimage IPC[2
m > [22m[2mblocks redirected downloads before writing files when the target h
ost is not public
[22m[39mFailed to download image https://example.com/wallpaper.png: Error: Ac
cess to internal network addresses is not allowed
    at Proxy.<anonymous> [90m(D:\Pyprojects\PromptHub-main2\apps\desktop\[39m
tests\unit\main\image-ipc.test.ts:254:15[90m)[39m
    at Proxy.mockCall (file:///D:/Pyprojects/PromptHub-main2/node_modules/[4m.
pnpm[24m/@vitest+spy@2.1.9/node_modules/[4m@vitest/spy[24m/dist/index.js:61:
17)
    at Proxy.spy (file:///D:/Pyprojects/PromptHub-main2/node_modules/[4m.pnpm
[24m/tinyspy@3.0.2/node_modules/[4mtinyspy[24m/dist/index.js:45:80)
    at downloadImageBuffer [90m(D:\Pyprojects\PromptHub-main2\apps\desktop\[3
9msrc\main\ipc\image.ipc.ts:103:33[90m)[39m
    at [90mD:\Pyprojects\PromptHub-main2\apps\desktop\[39msrc\main\ipc\image.
ipc.ts:134:16
    at EventEmitter.request.end [90m(D:\Pyprojects\PromptHub-main2\apps\deskto
p\[39mtests\unit\main\image-ipc.test.ts:121:7[90m)[39m
    at [90mD:\Pyprojects\PromptHub-main2\apps\desktop\[39msrc\main\ipc\image.
ipc.ts:196:13
    at new Promise (<anonymous>)
    at downloadImageBuffer [90m(D:\Pyprojects\PromptHub-main2\apps\desktop\[3
9msrc\main\ipc\image.ipc.ts:106:10[90m)[39m
[90m    at processTicksAndRejections (node:internal/process/task_queues:103:5)
[39m

 [31m鉂?[39m tests/unit/main/image-ipc.test.ts [2m([22m[2m4 tests[22m[2m | [22m[31m2 failed[39m[2m)[22m[90m 147[2mms[22m[39m
[31m   [31m脳[31m image IPC[2m > [22monly saves image paths that came from the file picker[90m 105[2mms[22m[31m[39m
[31m     鈫?expected "spy" to be called with arguments: [ 鈥?2) ][90m

Received: 

[1m  1st spy call:

[22m[2m  Array [[22m
[32m-   "/Users/demo/Pictures/allowed.png",[90m
[32m-   "/tmp/prompthub-images/saved-image.png",[90m
[31m+   "D:\\Users\\demo\\Pictures\\allowed.png",[90m
[31m+   "\\tmp\\prompthub-images\\saved-image.png",[90m
[2m  ][22m
[31m[90m

Number of calls: [1m1[22m
[31m[39m
[31m   [31m脳[31m image IPC[2m > [22monly saves video paths that came from the file picker[90m 11[2mms[22m[31m[39m
[31m     鈫?expected "spy" to be called with arguments: [ 鈥?2) ][90m

Received: 

[1m  1st spy call:

[22m[2m  Array [[22m
[32m-   "/Users/demo/Movies/allowed.mp4",[90m
[32m-   "/tmp/prompthub-videos/saved-video.mp4",[90m
[31m+   "D:\\Users\\demo\\Movies\\allowed.mp4",[90m
[31m+   "\\tmp\\prompthub-videos\\saved-video.mp4",[90m
[2m  ][22m
[31m[90m

Number of calls: [1m1[22m
[31m[39m
(node:37576) Warning: Setting the NODE_TLS_REJECT_UNAUTHORIZED environment vari
able to '0' makes TLS connections and HTTPS requests insecure by disabling cert
ificate verification.
(Use `node --trace-warnings ...` to show where the warning was created)
[90mstdout[2m | tests/unit/main/updater-real-scenario.test.ts[2m > [22m[2m鑷姩鏇存柊 - 鐪熷疄鍦烘櫙娴嬭瘯锛堣皟鐢ㄧ湡瀹炰唬鐮侊級[2m > [22m[2mgetChangelogForVersionRange - 鐪熷疄浠ｇ爜娴嬭瘯[2m > [22m[2m浠?0.2.9 鍗囩骇鍒?0.3.3 搴旇鍙樉绀?0.3.0, 0.3.1, 0.3.2, 0.3.3 鐨勬洿鏂版棩蹇?[22m[39m[Updater] Reading CHANGELOG from: D:\Pyprojects\PromptHub-main2\CHANGELOG.md
=== 鏇存柊鏃ュ織鍐呭 ===
## [0.3.3] - 2025-12-27

### 鏂板姛鑳?/ Added

- 馃搨 **澶氬眰绾ф枃浠跺す鏀寔**锛氭敮鎸佹枃浠跺す澶氱骇宓屽锛岄€氳繃鎷栨嫿鍗冲彲杞绘澗绠＄悊澶嶆潅鐨勭洰褰曠粨鏋?(Closes #14)
  - **Multi-level Folder Support**: Added support for multi-level folder nesting with intuitive drag-and-drop management (Closes #14)
- 馃殌 **GitHub 闀滃儚婧愬姞閫?*锛氭柊澧炲涓?GitHub 鍔犻€熼暅鍍忔簮锛屾樉钁楁彁鍗囧浗鍐呯敤鎴蜂笅杞芥洿鏂扮殑閫熷害
  - **GitHub Mirror Support**: Added multiple GitHub accelerator mirrors to significantly speed up update downloads for users in restricted regions

### 淇 / Fixed

- 馃 **妯″瀷淇**锛氶€傞厤 Google Gemini API 鐨勫師鐢熷搷搴旀牸寮忥紝淇鏃犳硶鑾峰彇妯″瀷鍒楄〃鐨勯棶棰?(#24)
  - **Model API Fix**: Adapted to native API response format, fixing model list fetching issues (#24)
- 馃帹 **鏂囦欢澶逛氦浜掍慨澶?*锛氫慨澶嶉紶鏍囩Щ鍏ヤ晶杈规爮鏃舵墍鏈夋枃浠跺す鎿嶄綔鎸夐挳鍚屾椂鏄剧ず鐨?UI 闂
  - **UI Interaction Fix**: Fixed issue where all folder action buttons were displayed simultaneously on sidebar hover
- 馃寪 **澶氳瑷€瀹屽杽**锛氬悓姝ュ苟琛ュ叏浜嗘棩銆佺箒涓€佸痉銆佹硶銆佽タ璇腑缂哄け鐨勭炕璇戦敭鍊?  - **i18n Completion**: Synchronized and completed missing translation keys for JA, ZH-TW, DE, FR, and ES

### 浼樺寲 / Changed

- 馃敡 **TypeScript 绫诲瀷澧炲己**锛氫慨澶嶅澶?TS 绫诲瀷閿欒锛屾彁鍗囦唬鐮佸仴澹€?  - **TS Type Enhancement**: Fixed multiple TypeScript errors for better code stability

---

## [0.3.2] - 2025-12-22

### 浼樺寲 / Changed

- 馃攳 **鎼滅储灞曠ず浼樺寲**锛氫紭鍖栨悳绱㈢粨鏋滃睍绀洪€昏緫锛屾彁鍗囨悳绱綋楠?  - **Search Display Optimization**: Improved search results display logic for better user experience
- 馃帹 **鏂囦欢澶瑰浘鏍囨墿灞?*锛氭枃浠跺す鍥炬爣閫夋嫨鍣ㄦ柊澧?60+ Lucide 鍥炬爣锛屾敮鎸?Emoji/Icon 鍙屾ā寮忓垏鎹?  - **Folder Icon Expansion**: Added 60+ Lucide icons with Emoji/Icon mode switcher
- 馃搨 **渚ц竟鏍忓竷灞€浼樺寲**锛氭枃浠跺す灏戞椂鏍囩绱ц窡鏂囦欢澶癸紝鏂囦欢澶瑰鏃舵爣绛惧浐瀹氬簳閮紝婊氬姩鏉￠殣钘?  - **Sidebar Layout Optimization**: Tags follow folders when few, fixed at bottom when many, hidden scrollbar
- 馃棏锔?**鍒犻櫎鏂囦欢澶圭‘璁?*锛氬垹闄ゅ寘鍚?Prompt 鐨勬枃浠跺す鏃讹紝寮瑰嚭鑷畾涔夌‘璁ゅ璇濇锛屾敮鎸佷粎鍒犻櫎鏂囦欢澶规垨鍒犻櫎鎵€鏈夊唴瀹?  - **Folder Deletion Confirmation**: Custom dialog when deleting folders with prompts, choose to keep or delete contents
- 鈿狅笍 **鏂囦欢澶瑰悕绉版娴?*锛氬垱寤烘枃浠跺す鏃舵娴嬮噸澶嶅悕绉帮紝寮瑰嚭纭瀵硅瘽妗?  - **Duplicate Name Detection**: Warns when creating folders with existing names

---

## [0.3.1] - 2025-12-20

### 浼樺寲 / Changed

- 馃攳 **鎼滅储浣撻獙浼樺寲**锛氬紩鍏ユ潈閲嶈瘎鍒嗘満鍒讹紝浼樺厛鍖归厤鏍囬锛屽ぇ骞呮彁鍗囨悳绱㈠噯纭害 (Closes #18)
  - **Search Logic Improvement**: Introduced weighted scoring system prioritizing title matches for better accuracy (Closes #18)
- 馃 **棰勫埗渚涘簲鍟嗕紭鍖?*锛氭牳瀵瑰苟淇鎵€鏈夐鍒?AI 渚涘簲鍟嗗湴鍧€锛岀‘淇濋粯璁よ繛鎺ラ€氱敤 (Closes #19)
  - **Preset Providers Fix**: Verified and corrected all preset AI API endpoints for better connectivity (Closes #19)
- 馃帹 **鍒嗙被鍥炬爣璇嗗埆**锛氫紭鍖栨ā鍨嬪垪琛ㄧ殑渚涘簲鍟嗗浘鏍囪瘑鍒€昏緫锛屾敮鎸佽瘑鍒墜鍔ㄦ坊鍔犵殑妯″瀷
  - **Icon Recognition**: Improved icon detection logic for manually added models in the settings list
- 馃摑 **API 鍦板潃鎻愮ず**锛氬湪杈撳叆妗嗗鍔?# 绂佺敤鑷姩濉厖鐨勫紩瀵兼彁绀猴紝鎿嶄綔鏇撮€忔槑
  - **API URL Hint**: Added guidance for using '#' to disable auto-fill in API endpoint settings

---

## [0.3.0] - 2025-12-18

### 浼樺寲 / Changed

- 馃攧 **妫€鏌ユ洿鏂颁紭鍖?*锛氱偣鍑绘鏌ユ洿鏂伴兘浼氱湡姝ｅ彂璧疯姹傦紝涓嶅啀浣跨敤缂撳瓨
  - **Update Check Improvement**: Every manual check now forces a fresh request without caching
- 鈴?**鍛ㄦ湡鎬ф鏌ユ洿鏂?*锛氬惎鐢ㄨ嚜鍔ㄦ鏌ュ悗锛屾瘡灏忔椂鑷姩妫€鏌ヤ竴娆℃柊鐗堟湰
  - **Periodic Update Check**: Auto-check runs every hour when enabled
- 馃帹 **鏇存柊鎻愮ず鏍峰紡浼樺寲**锛氱Щ闄ら棯鐑佸姩鐢伙紝浣跨敤涓婚鑹茶櫄绾胯竟妗嗭紝涓庢柊寤烘寜閽鍔犻棿璺?  - **Update Indicator Style**: Removed pulse animation, uses theme color with dashed border
- 馃搻 **鏇存柊瀵硅瘽妗嗗澶?*锛氬璇濇灏哄浠?max-w-md 澧炲ぇ鍒?max-w-xl锛屾洿鏂版棩蹇楀尯鍩熸洿澶?  - **Larger Update Dialog**: Increased dialog size for better readability
- 馃摑 **绮剧‘鐗堟湰鏇存柊鏃ュ織**锛氭洿鏂版棩蹇楃幇鍦ㄧ簿纭樉绀轰粠褰撳墠鐗堟湰鍒版柊鐗堟湰鍖洪棿鍐呯殑鎵€鏈夋洿鏂板唴瀹?  - **Precise Changelog**: Release notes now show all changes between current and new version
=== 缁撴潫 ===

[90mstdout[2m | tests/unit/main/updater-real-scenario.test.ts[2m > [22m[2m鑷姩鏇存柊 - 鐪熷疄鍦烘櫙娴嬭瘯锛堣皟鐢ㄧ湡瀹炰唬鐮侊級[2m > [22m[2mgetChangelogForVersionRange - 鐪熷疄浠ｇ爜娴嬭瘯[2m > [22m[2m浠?0.2.9 鍗囩骇鍒?0.3.0 搴旇鍙樉绀?0.3.0 鐨勬洿鏂版棩蹇?[22m[39m[Updater] Reading CHANGELOG from: D:\Pyprojects\PromptHub-main2\CHANGELOG.md

[90mstdout[2m | tests/unit/main/updater-real-scenario.test.ts[2m > [22m[2m鑷姩鏇存柊 - 鐪熷疄鍦烘櫙娴嬭瘯锛堣皟鐢ㄧ湡瀹炰唬鐮侊級[2m > [22m[2mgetChangelogForVersionRange - 鐪熷疄浠ｇ爜娴嬭瘯[2m > [22m[2m宸茬粡鏄渶鏂扮増鏈椂搴旇杩斿洖绌哄瓧绗︿覆
[22m[39m[Updater] Reading CHANGELOG from: D:\Pyprojects\PromptHub-main2\CHANGELOG.md

[90mstdout[2m | tests/unit/main/updater-real-scenario.test.ts[2m > [22m[2m鑷姩鏇存柊 - 鐪熷疄鍦烘櫙娴嬭瘯锛堣皟鐢ㄧ湡瀹炰唬鐮侊級[2m > [22m[2mgetChangelogForVersionRange - 鐪熷疄浠ｇ爜娴嬭瘯[2m > [22m[2m鏇存柊鏃ュ織鍐呭搴旇鍖呭惈瀹為檯鐨勫姛鑳芥弿杩?[22m[39m[Updater] Reading CHANGELOG from: D:\Pyprojects\PromptHub-main2\CHANGELOG.md

 [32m鉁?[39m tests/unit/components/skill-icon-picker.test.tsx [2m([22m[2m1 test[22m[2m)[22m[90m 51[2mms[22m[39m
 [32m鉁?[39m tests/unit/components/skill-batch-utils.test.ts [2m([22m[2m4 tests[22m[2m)[22m[90m 8[2mms[22m[39m
 [31m鉂?[39m tests/unit/main/skill-installer-remote.test.ts [2m([22m[2m29 tests[22m[2m | [22m[31m1 failed[39m[2m)[22m[90m 23[2mms[22m[39m
[31m   [31m脳[31m skill-installer-remote[2m > [22mdoes not let the private network option bypass localhost hostnames[90m 6[2mms[22m[31m[39m
[31m     鈫?expected [Function] to throw error matching /Access to local network addresses is 鈥? but got 'Cannot read properties of undefined (鈥?[39m
[90mstdout[2m | tests/unit/main/updater-real-scenario.test.ts[2m > [22m[2m鑷姩鏇存柊 - 鐪熷疄鍦烘櫙娴嬭瘯锛堣皟鐢ㄧ湡瀹炰唬鐮侊級[2m > [22m[2m鏇存柊閾炬帴楠岃瘉[2m > [22m[2mlatest.yml 搴旇鍙互璁块棶
[22m[39mlatest.yml 鐘舵€佺爜: 302

 [32m鉁?[39m tests/unit/main/upgrade-backup-startup.test.ts [2m([22m[2m6 tests[22m[2m)[22m[90m 273[2mms[22m[39m
[90mstdout[2m | tests/unit/main/updater-real-scenario.test.ts[2m > [22m[2m鑷姩鏇存柊 - 鐪熷疄鍦烘櫙娴嬭瘯锛堣皟鐢ㄧ湡瀹炰唬鐮侊級[2m > [22m[2m鏇存柊閾炬帴楠岃瘉[2m > [22m[2mWindows x64 瀹夎鍖呴摼鎺ュ簲璇ュ彲浠ヨ闂?[22m[39mWindows x64 瀹夎鍖?(https://github.com/legeling/PromptHub/releases/download/v0.6.0/PromptHub-Setup-0.6.0-x64.exe) 鐘舵€佺爜: 404

[90mstderr[2m | tests/unit/main/updater-real-scenario.test.ts[2m > [22m[2m
鑷姩鏇存柊 - 鐪熷疄鍦烘櫙娴嬭瘯锛堣皟鐢ㄧ湡瀹炰唬鐮侊級[2m > [22m[2m鏇存柊閾炬帴楠岃瘉[2m > [22m[2mWindows 
x64 瀹夎鍖呴摼鎺ュ簲璇ュ彲浠ヨ闂?[22m[39m璀﹀憡: 褰撳墠鐗堟湰 0.6.0 鐨勫畨瑁呭寘鍙兘灏氭湭鍙戝竷

 [32m鉁?[39m tests/unit/main/updater-real-scenario.test.ts [2m([22m[2m9 tests[22m[2m)[22m[33m 1335[2mms[22m[39m
   [33m[2m鉁?[22m[39m 鑷姩鏇存柊 - 鐪熷疄鍦烘櫙娴嬭瘯锛堣皟鐢ㄧ湡瀹炰唬鐮侊級[2m > [22m鏇存柊閾炬帴楠岃瘉[2m > [22mlatest.yml 搴旇鍙互璁块棶 [33m876[2mms[22m[39m
   [33m[2m鉁?[22m[39m 鑷姩鏇存柊 - 鐪熷疄鍦烘櫙娴嬭瘯锛堣皟鐢ㄧ湡瀹炰唬鐮侊級[2m > [22m鏇存柊閾炬帴楠岃瘉[2m > [22mWindows x64 瀹夎鍖呴摼鎺ュ簲璇ュ彲浠ヨ闂?[33m446[2mms[22m[39m
 [32m鉁?[39m tests/unit/main/windows-installer-config.test.ts [2m([22m[2m2 tests[22m[2m)[22m[90m 5[2mms[22m[39m
 [32m鉁?[39m tests/unit/main/upgrade-backup-restore.test.ts [2m([22m[2m6 tests[22m[2m)[22m[33m 751[2mms[22m[39m
 [31m鉂?[39m tests/unit/main/skill-installer-repo.test.ts [2m([22m[2m5 tests[22m[2m | [22m[31m4 failed[39m[2m)[22m[90m 19[2mms[22m[39m
[31m   [31m脳[31m skill-installer-repo variant container[2m > [22mstores managed repos inside a stable variant container[90m 8[2mms[22m[31m[39m
[31m     鈫?expected '\prompthub\skills\skill-1' to be '/prompthub/skills/skill-1' // Object.is equality[39m
[31m   [31m脳[31m skill-installer-repo variant container[2m > [22mprefers human-readable managed container names with a short stable suffix[90m 1[2mms[22m[31m[39m
[31m     鈫?expected '\prompthub\skills\clouddrive2-cli--3c鈥? to be '/prompthub/skills/clouddrive2-cli--3c鈥? // Object.is equality[39m
[31m   [31m脳[31m skill-installer-repo variant container[2m > [22mwrites SKILL.md into the repo subdirectory and sidecar metadata into .prompthub[90m 6[2mms[22m[31m[39m
[31m     鈫?expected "spy" to be called with arguments: [ 鈥?2) ][90m

Received: 

[1m  1st spy call:

[22m[2m  Array [[22m
[32m-   "/prompthub/skills/writer--7dc211f6",[90m
[31m+   "\\prompthub\\skills\\writer--7dc211f6",[90m
[2m    Object {[22m
[2m      "recursive": true,[22m
[2m    },[22m
[2m  ][22m

[1m  2nd spy call:

[22m[2m  Array [[22m
[32m-   "/prompthub/skills/writer--7dc211f6",[90m
[31m+   "\\prompthub\\skills\\writer--7dc211f6\\.prompthub",[90m
[2m    Object {[22m
[2m      "recursive": true,[22m
[2m    },[22m
[2m  ][22m

[1m  3rd spy call:

[22m[2m  Array [[22m
[32m-   "/prompthub/skills/writer--7dc211f6",[90m
[31m+   "\\prompthub\\skills\\writer--7dc211f6\\repo",[90m
[2m    Object {[22m
[2m      "recursive": true,[22m
[2m    },[22m
[2m  ][22m

[1m  4th spy call:

[22m[2m  Array [[22m
[32m-   "/prompthub/skills/writer--7dc211f6",[90m
[31m+   "\\prompthub\\skills\\writer--7dc211f6\\.prompthub",[90m
[2m    Object {[22m
[2m      "recursive": true,[22m
[2m    },[22m
[2m  ][22m
[31m[90m

Number of calls: [1m4[22m
[31m[39m
[31m   [31m脳[31m skill-installer-repo variant container[2m > [22mmaterializes requested symlink mode inside the managed data repo[90m 1[2mms[22m[31m[39m
[31m     鈫?expected "spy" to be called with arguments: [ '/external/writer', 鈥?2) ][90m

Received: 

[1m  1st spy call:

[22m[2m  Array [[22m
[2m    "/external/writer",[22m
[32m-   "/prompthub/skills/writer--7dc211f6/repo",[90m
[32m-   ObjectContaining {[90m
[32m-     "filter": Any<Function>,[90m
[31m+   "\\prompthub\\skills\\writer--7dc211f6\\repo",[90m
[31m+   Object {[90m
[31m+     "filter": [Function filter],[90m
[2m      "recursive": true,[22m
[2m    },[22m
[2m  ][22m
[31m[90m

Number of calls: [1m1[22m
[31m[39m
 [32m鉁?[39m tests/unit/components/variable-input-modal.test.tsx [2m([22m[2m1 test[22m[2m)[22m[90m 73[2mms[22m[39m
[90mstderr[2m | tests/unit/main/updater-install.test.ts[2m > [22m[2mupdate
r install backup[2m > [22m[2mreturns a blocking error when the automatic bac
kup fails
[22m[39m[Updater] Failed to create upgrade backup: Error: disk full while cop
ying data
    at [90mD:\Pyprojects\PromptHub-main2\apps\desktop\[39mtests\unit\main\upd
ater-install.test.ts:122:7
    at file:///D:/Pyprojects/PromptHub-main2/node_modules/[4m.pnpm[24m/@vites
t+runner@2.1.9/node_modules/[4m@vitest/runner[24m/dist/index.js:146:14
    at file:///D:/Pyprojects/PromptHub-main2/node_modules/[4m.pnpm[24m/@vites
t+runner@2.1.9/node_modules/[4m@vitest/runner[24m/dist/index.js:533:11
    at runWithTimeout (file:///D:/Pyprojects/PromptHub-main2/node_modules/[4m.
pnpm[24m/@vitest+runner@2.1.9/node_modules/[4m@vitest/runner[24m/dist/index.
js:39:7)
    at runTest (file:///D:/Pyprojects/PromptHub-main2/node_modules/[4m.pnpm[2
4m/@vitest+runner@2.1.9/node_modules/[4m@vitest/runner[24m/dist/index.js:1056
:17)
[90m    at processTicksAndRejections (node:internal/process/task_queues:103:5)
[39m
    at runSuite (file:///D:/Pyprojects/PromptHub-main2/node_modules/[4m.pnpm[
24m/@vitest+runner@2.1.9/node_modules/[4m@vitest/runner[24m/dist/index.js:120
5:15)
    at runSuite (file:///D:/Pyprojects/PromptHub-main2/node_modules/[4m.pnpm[
24m/@vitest+runner@2.1.9/node_modules/[4m@vitest/runner[24m/dist/index.js:120
5:15)
    at runFiles (file:///D:/Pyprojects/PromptHub-main2/node_modules/[4m.pnpm[
24m/@vitest+runner@2.1.9/node_modules/[4m@vitest/runner[24m/dist/index.js:126
2:5)
    at startTests (file:///D:/Pyprojects/PromptHub-main2/node_modules/[4m.pnpm
[24m/@vitest+runner@2.1.9/node_modules/[4m@vitest/runner[24m/dist/index.js:1
271:3)

 [32m鉁?[39m tests/unit/main/updater-install.test.ts [2m([22m[2m3 tests[22m[2m | [22m[33m1 skipped[39m[2m)[22m[90m 9[2mms[22m[39m
 [32m鉁?[39m tests/unit/main/backup-ipc.test.ts [2m([22m[2m4 tests[22m[2m)[22m[90m 92[2mms[22m[39m
 [32m鉁?[39m tests/unit/main/runtime-paths.test.ts [2m([22m[2m6 tests[22m[2m)[22m[90m 71[2mms[22m[39m
 [32m鉁?[39m tests/unit/services/platform-visibility-integration.test.ts [2m([22m[2m1 test[22m[2m)[22m[90m 3[2mms[22m[39m
 [32m鉁?[39m tests/unit/components/local-image.test.tsx [2m([22m[2m1 test[22m[2m)[22m[90m 40[2mms[22m[39m
 [32m鉁?[39m tests/unit/main/prompt-ipc-idb-migration.test.ts [2m([22m[2m1 test[22m[2m)[22m[90m 109[2mms[22m[39m
 [32m鉁?[39m tests/unit/components/skill-icon.test.tsx [2m([22m[2m1 test[22m[2m)[22m[90m 153[2mms[22m[39m
 [32m鉁?[39m tests/unit/components/platform-icon.test.tsx [2m([22m[2m1 test[22m[2m)[22m[90m 175[2mms[22m[39m
 [32m鉁?[39m tests/unit/main/shell-open-path.test.ts [2m([22m[2m3 tests[22m[2m)[22m[90m 6[2mms[22m[39m
 [32m鉁?[39m tests/unit/main/skill-installer-export.test.ts [2m([22m[2m2 tests[22m[2m)[22m[90m 4[2mms[22m[39m
 [32m鉁?[39m tests/unit/main/ipc-index.test.ts [2m([22m[2m1 test[22m[2m)[22m[90m 216[2mms[22m[39m
 [32m鉁?[39m tests/unit/main/devtools-policy.test.ts [2m([22m[2m3 tests[22m[2m)[22m[90m 3[2mms[22m[39m
[90mstdout[2m | tests/unit/main/database-migration-locks.test.ts[2m > [22m[2mdatabase migration locking regression[2m > [22m[2mdrops the legacy skills name index during migration without hitting table locks
[22m[39m[DB] Pre-migration backup created: C:\Users\ADMINI~1\AppData\Local\Temp\prompthub-db-migration-qf75TV\prompthub.db.backup-2026-06-20T14-49-07-242Z
Migrating: Adding source_url column to skills table
Migrating: Adding source_id column to skills table
Migrating: Adding source_label column to skills table
Migrating: Adding source_branch column to skills table
Migrating: Adding source_directory column to skills table
Migrating: Adding canonical_skill_path column to skills table
Migrating: Adding directory_fingerprint column to skills table
Migrating: Adding icon_url column to skills table
Migrating: Adding icon_emoji column to skills table
Migrating: Adding icon_background column to skills table
Migrating: Adding category column to skills table
Migrating: Adding is_builtin column to skills table
Migrating: Adding registry_slug column to skills table
Migrating: Adding content_url column to skills table
Migrating: Adding installed_content_hash column to skills table
Migrating: Adding installed_version column to skills table
Migrating: Adding installed_at column to skills table
Migrating: Adding updated_from_store_at column to skills table
Migrating: Adding prerequisites column to skills table
Migrating: Adding compatibility column to skills table
Migrating: Adding original_tags column to skills table
Migrating: Adding current_version column to skills table
Migrating: Adding version_tracking_enabled column to skills table
Migrating: Adding local_repo_path column to skills table
Migrating: Adding safety_level column to skills table
Migrating: Adding safety_score column to skills table
Migrating: Adding safety_report column to skills table
Migrating: Adding safety_scanned_at column to skills table
Migrating: Adding approval_status column to skills table
Migrating: Adding owner_user_id column to skills table
Migrating: Adding visibility column to skills table
Migrated: Backfilled original_tags for existing skills
Migrating: Aligning prompt current_version with latest stored version
Database initialized at: C:\Users\ADMINI~1\AppData\Local\Temp\prompthub-db-migration-qf75TV\prompthub.db

[90mstdout[2m | tests/unit/main/database-migration-locks.test.ts[2m > [22m[2mdatabase migration locking regression[2m > [22m[2mdoes not create pre-migration backups when the schema is already current
[22m[39mMigrating: Aligning prompt current_version with latest stored version
Database initialized at: C:\Users\ADMINI~1\AppData\Local\Temp\prompthub-db-current-p1w3wo\prompthub.db
Database initialized at: C:\Users\ADMINI~1\AppData\Local\Temp\prompthub-db-current-p1w3wo\prompthub.db

[90mstdout[2m | tests/unit/main/database-migration-locks.test.ts[2m > [22m[2mdatabase migration locking regression[2m > [22m[2madds prompt hierarchy columns when migrating an older prompts table
[22m[39m[DB] Pre-migration backup created: C:\Users\ADMINI~1\AppData\Local\Temp\prompthub-db-prompt-tree-XNnnWu\prompthub.db.backup-2026-06-20T14-49-08-329Z
Migrating: Adding is_pinned column to prompts table
Migrating: Adding source column to prompts table
Migrating: Adding notes column to prompts table
Migrating: Adding prompt_type column to prompts table
Migrating: Adding system_prompt_en column to prompts table
Migrating: Adding user_prompt_en column to prompts table
Migrating: Adding videos column to prompts table
Migrating: Adding last_ai_response column to prompts table
Migrating: Adding owner_user_id column to prompts table
Migrating: Adding visibility column to prompts table
Migrating: Adding parent_id column to prompts table
Migrating: Adding sort_order column to prompts table
Migrating: Aligning prompt current_version with latest stored version
Database initialized at: C:\Users\ADMINI~1\AppData\Local\Temp\prompthub-db-prompt-tree-XNnnWu\prompthub.db

 [32m鉁?[39m tests/unit/main/database-migration-locks.test.ts [2m([22m[2m5 tests[22m[2m)[22m[33m 1958[2mms[22m[39m
   [33m[2m鉁?[22m[39m database migration locking regression[2m > [22mdrops the legacy skills name index during migration without hitting table locks [33m504[2mms[22m[39m
   [33m[2m鉁?[22m[39m database migration locking regression[2m > [22mdoes not create pre-migration backups when the schema is already current [33m604[2mms[22m[39m
   [33m[2m鉁?[22m[39m database migration locking regression[2m > [22madds prompt hierarchy columns when migrating an older prompts table [33m426[2mms[22m[39m
   [33m[2m鉁?[22m[39m database migration locking regression[2m > [22mdoes not report clearing a stale lock when no lock exists [33m395[2mms[22m[39m
 [32m鉁?[39m tests/unit/main/skill-db-source-id.test.ts [2m([22m[2m3 tests[22m[2m)[22m[33m 1008[2mms[22m[39m
   [33m[2m鉁?[22m[39m SkillDB source id uniqueness[2m > [22mallows same-name skills to coexist when source ids differ [33m468[2mms[22m[39m

[31m鈳幆鈳幆鈳幆[1m[7m Failed Tests 29 [27m[22m鈳幆鈳幆鈳幆鈳?[39m

[31m[1m[7m FAIL [27m[22m[39m tests/unit/components/prompt-list-header.tes
t.tsx[2m > [22mPromptListHeader[2m > [22mshows the prompt count
[31m[1mTestingLibraryElementError[22m[39m: Unable to find an element with t
he text: /42/. This could be because the text is broken up by multiple elements
. In this case, you can provide a function for your text matcher to make your m
atcher more flexible.

Ignored nodes: comments, script, style
[36m<body>[39m
  [36m<div>[39m
    [36m<div[39m
      [33mclass[39m=[32m"prompt-list-header flex items-center justify-betwee
n gap-2 px-3 py-2 border-b border-border app-wallpaper-toolbar sticky top-0 z-2
0"[39m
    [36m>[39m
      [36m<span[39m
        [33mclass[39m=[32m"text-xs text-muted-foreground whitespace-nowrap"
[39m
      [36m>[39m
        [0mprompt.promptCount[0m
      [36m</span>[39m
      [36m<div[39m
        [33mclass[39m=[32m"flex items-center gap-1"[39m
      [36m>[39m
        [36m<div[39m
          [33mclass[39m=[32m"relative"[39m
        [36m>[39m
          [36m<button[39m
            [33mclass[39m=[32m"flex items-center gap-1 px-2 py-1 text-xs rou
nded-md hover:bg-accent transition-colors"[39m
          [36m>[39m
            [36m<span[39m
              [33mclass[39m=[32m"text-muted-foreground"[39m
            [36m>[39m
              [0mprompt.sortNewest[0m
            [36m</span>[39m
            [36m<svg[39m
              [33mclass[39m=[32m"lucide lucide-chevron-down w-3.5 h-3.5 text
-muted-foreground transition-transform"[39m
              [33mfill[39m=[32m"none"[39m
              [33mheight[39m=[32m"24"[39m
              [33mstroke[39m=[32m"currentColor"[39m
              [33mstroke-linecap[39m=[32m"round"[39m
              [33mstroke-linejoin[39m=[32m"round"[39m
              [33mstroke-width[39m=[32m"2"[39m
              [33mviewBox[39m=[32m"0 0 24 24"[39m
              [33mwidth[39m=[32m"24"[39m
              [33mxmlns[39m=[32m"http://www.w3.org/2000/svg"[39m
            [36m>[39m
              [36m<path[39m
                [33md[39m=[32m"m6 9 6 6 6-6"[39m
              [36m/>[39m
            [36m</svg>[39m
          [36m</button>[39m
        [36m</div>[39m
        [36m<div[39m
          [33mclass[39m=[32m"prompt-list-view-toggle relative flex items-cen
ter rounded-md border border-border overflow-hidden bg-muted/30"[39m
        [36m>[39m
          [36m<div[39m
            [33mclass[39m=[32m"absolute h-full bg-primary rounded-[3px] tran
sition-all duration-base ease-out"[39m
            [33mstyle[39m=[32m"width: calc(25%); left: 0%;"[39m
          [36m/>[39m
          [36m<button[39m
            [33mclass[39m=[32m"relative z-10 p-1.5 transition-colors duratio
n-base text-white"[39m
            [33mtitle[39m=[32m"prompt.viewCard"[39m
          [36m>[39m
            [36m<svg[39m
              [33mclass[39m=[32m"lucide lucide-layout-grid w-3.5 h-3.5"[39m
              [33mfill[39m=[32m"none"[39m
              [33mheight[39m=[32m"24"[39m
              [33mstroke[39m=[32m"currentColor"[39m
              [33mstroke-linecap[39m=[32m"round"[39m
              [33mstroke-linejoin[39m=[32m"round"[39m
              [33mstroke-width[39m=[32m"2"[39m
              [33mviewBox[39m=[32m"0 0 24 24"[39m
              [33mwidth[39m=[32m"24"[39m
              [33mxmlns[39m=[32m"http://www.w3.org/2000/svg"[39m
            [36m>[39m
              [36m<rect[39m
                [33mheight[39m=[32m"7"[39m
                [33mrx[39m=[32m"1"[39m
                [33mwidth[39m=[32m"7"[39m
                [33mx[39m=[32m"3"[39m
                [33my[39m=[32m"3"[39m
              [36m/>[39m
              [36m<rect[39m
                [33mheight[39m=[32m"7"[39m
                [33mrx[39m=[32m"1"[39m
                [33mwidth[39m=[32m"7"[39m
                [33mx[39m=[32m"14"[39m
                [33my[39m=[32m"3"[39m
              [36m/>[39m
              [36m<rect[39m
                [33mheight[39m=[32m"7"[39m
                [33mrx[39m=[32m"1"[39m
                [33mwidth[39m=[32m"7"[39m
                [33mx[39m=[32m"14"[39m
                [33my[39m=[32m"14"[39m
              [36m/>[39m
              [36m<rect[39m
                [33mheight[39m=[32m"7"[39m
                [33mrx[39m=[32m"1"[39m
                [33mwidth[39m=[32m"7"[39m
                [33mx[39m=[32m"3"[39m
                [33my[39m=[32m"14"[39m
              [36m/>[39m
            [36m</svg>[39m
          [36m</button>[39m
          [36m<button[39m
            [33mclass[39m=[32m"relative z-10 p-1.5 transition-colors duratio
n-base text-muted-foreground hover:text-foreground"[39m
            [33mtitle[39m=[32m"鍥剧墖瑙嗗浘"[39m
          [36m>[39m
            [36m<svg[39m
              [33mclass[39m=[32m"lucide lucide-image w-3.5 h-3.5"[39m
              [33mfill[39m=[32m"none"[39m
              [33mheight[39m=[32m"24"[39m
              [33mstroke[39m=[32m"currentColor"[39m
              [33mstroke-linecap[39m=[32m"round"[39m
              [33mstroke-linejoin[39m=[32m"round"[39m
              [33mstroke-width[39m=[32m"2"[39m
              [33mviewBox[39m=[32m"0 0 24 24"[39m
              [33mwidth[39m=[32m"24"[39m
              [33mxmlns[39m=[32m"http://www.w3.org/2000/svg"[39m
            [36m>[39m
              [36m<rect[39m
                [33mheight[39m=[32m"18"[39m
                [33mrx[39m=[32m"2"[39m
                [33mry[39m=[32m"2"[39m
                [33mwidth[39m=[32m"18"[39m
                [33mx[39m=[32m"3"[39m
                [33my[39m=[32m"3"[39m
              [36m/>[39m
              [36m<circle[39m
                [33mcx[39m=[32m"9"[39m
                [33mcy[39m=[32m"9"[39m
                [33mr[39m=[32m"2"[39m
              [36m/>[39m
              [36m<path[39m
                [33md[39m=[32m"m21 15-3.086-3.086a2 2 0 0 0-2.828 0L6 21"[3
9m
              [36m/>[39m
            [36m</svg>[39m
          [36m</button>[39m
          [36m<button[39m
            [33mclass[39m=[32m"relative z-10 p-1.5 transition-colors duratio
n-base text-muted-foreground hover:text-foreground"[39m
            [33mtitle[39m=[32m"鐪嬫澘瑙嗗浘"[39m
          [36m>[39m
            [36m<svg[39m
              [33mclass[39m=[32m"lucide lucide-columns3 w-3.5 h-3.5"[39m
              [33mfill[39m=[32m"none"[39m
              [33mheight[39m=[32m"24"[39m
              [33mstroke[39m=[32m"currentColor"[39m
              [33mstroke-linecap[39m=[32m"round"[39m
              [33mstroke-linejoin[39m=[32m"round"[39m
              [33mstroke-width[39m=[32m"2"[39m
              [33mviewBox[39m=[32m"0 0 24 24"[39m
              [33mwidth[39m=[32m"24"[39m
              [33mxmlns[39m=[32m"http://www.w3.org/2000/svg"[39m
            [36m>[39m
              [36m<rect[39m
                [33mheight[39m=[32m"18"[39m
                [33mrx[39m=[32m"2"[39m
                [33mwidth[39m=[32m"18"[39m
                [33mx[39m=[32m"3"[39m
                [33my[39m=[32m"3"[39m
              [36m/>[39m
              [36m<path[39m
                [33md[39m=[32m"M9 3v18"[39m
              [36m/>[39m
              [36m<path[39m
                [33md[39m=[32m"M15 3v18"[39m
              [36m/>[39m
            [36m</svg>[39m
          [36m</button>[39m
          [36m<button[39m
            [33mclass[39m=[32m"relative z-10 p-1.5 transition-colors duratio
n-base text-muted-foreground hover:text-foreground"[39m
            [33mtitle[39m=[32m"prompt.viewList"[39m
          [36m>[39m
            [36m<svg[39m
              [33mclass[39m=[32m"lucide lucide-list w-3.5 h-3.5"[39m
              [33mfill[39m=[32m"none"[39m
              [33mheight[39m=[32m"24"[39m
              [33mstroke[39m=[32m"currentColor"[39m
              [33mstroke-linecap[39m=[32m"round"[39m
              [33mstroke-linejoin[39m=[32m"round"[39m
              [33mstroke-width[39m=[32m"2"[39m
              [33mviewBox[39m=[32m"0 0 24 24"[39m
              [33mwidth[39m=[32m"24"[39m
              [33mxmlns[39m=[32m"http://www.w3.org/2000/svg"[39m
            [36m>[39m
              [36m<path[39m
                [33md[39m=[32m"M3 12h.01"[39m
              [36m/>[39m
              [36m<path[39m
                [33md[39m=[32m"M3 18h.01"[39m
              [36m/>[39m
              [36m<path[39m
                [33md[39m=[32m"M3 6h.01"[39m
              [36m/>[39m
              [36m<path[39m
                [33md[39m=[32m"M8 12h13"[39m
              [36m/>[39m
              [36m<path[39m
                [33md[39m=[32m"M8 18h13"[39m
              [36m/>[39m
              [36m<path[39m
                [33md[39m=[32m"M8 6h13"[39m
              [36m/>[39m
            [36m</svg>[39m
          [36m</button>[39m
        [36m</div>[39m
      [36m</div>[39m
    [36m</div>[39m
  [36m</div>[39m
[36m</body>[39m
[90m [2m鉂?[22m Object.getElementError ../../node_modules/.pnpm/@testing-libra
ry+dom@10.4.1/node_modules/@testing-library/dom/dist/config.js:[2m37:19[22m[
39m
[90m [2m鉂?[22m ../../node_modules/.pnpm/@testing-library+dom@10.4.1/node_modu
les/@testing-library/dom/dist/query-helpers.js:[2m76:38[22m[39m
[90m [2m鉂?[22m ../../node_modules/.pnpm/@testing-library+dom@10.4.1/node_modu
les/@testing-library/dom/dist/query-helpers.js:[2m52:17[22m[39m
[90m [2m鉂?[22m ../../node_modules/.pnpm/@testing-library+dom@10.4.1/node_modu
les/@testing-library/dom/dist/query-helpers.js:[2m95:19[22m[39m
[36m [2m鉂?[22m tests/unit/components/prompt-list-header.test.tsx:[2m25:19[2
2m[39m
    [90m 23| [39m    [34mrender[39m([33m<[39m[33mPromptListHeader[39m 
[33mcount[39m[33m=[39m[33m{[39m[34m42[39m[33m}[39m [33m/[39m[33m>[
39m)[33m;[39m
    [90m 24| [39m    [90m// The count is interpolated through i18n; assert t
he number appea[39m鈥?    [90m 25| [39m    [34mexpect[39m(screen[33m.[39m
[34mgetByText[39m([36m/42/[39m))[33m.[39m[34mtoBeInTheDocument[39m()[3
3m;[39m
    [90m   | [39m                  [31m^[39m
    [90m 26| [39m  })[33m;[39m
    [90m 27| [39m

[31m[2m鈳幆鈳幆鈳幆鈳幆鈳幆鈳幆鈳幆鈳幆鈳幆鈳幆鈳幆鈳痆1/29]鈳?[22m[39m

[31m[1m[7m FAIL [27m[22m[39m tests/unit/components/skill-projects-view.te
st.tsx[2m > [22mSkillProjectsView[2m > [22mprefills project name from the s
elected root path and auto scans after creation
[31m[1mTestingLibraryElementError[22m[39m: Unable to find an accessible ele
ment with the role "button" and name "Add Project"

Here are the accessible roles:

  heading:

  Name "Projects":
  [36m<h2[39m
    [33mclass[39m=[32m"text-lg font-semibold text-foreground"[39m
  [36m/>[39m

  --------------------------------------------------
  paragraph:

  Name "":
  [36m<p[39m
    [33mclass[39m=[32m"mt-1 line-clamp-2 text-xs text-muted-foreground"[39m
  [36m/>[39m

  --------------------------------------------------
  button:

  Name "Projects":
  [36m<button[39m
    [33mclass[39m=[32m"inline-flex h-9 shrink-0 items-center gap-1.5 rounded
-lg border border-border app-wallpaper-surface px-3 text-xs text-muted-foregrou
nd transition-colors hover:bg-accent hover:text-foreground"[39m
    [33mtitle[39m=[32m"Add Project"[39m
    [33mtype[39m=[32m"button"[39m
  [36m/>[39m

  --------------------------------------------------

Ignored nodes: comments, script, style
[36m<body>[39m
  [36m<div>[39m
    [36m<div[39m
      [33mclass[39m=[32m"flex h-full min-h-0 overflow-hidden"[39m
    [36m>[39m
      [36m<div[39m
        [33mclass[39m=[32m"w-80 shrink-0 border-r border-border app-wallpape
r-panel-strong"[39m
      [36m>[39m
        [36m<div[39m
          [33mclass[39m=[32m"h-[132px] border-b border-border app-wallpaper-
panel-strong"[39m
        [36m>[39m
          [36m<div[39m
            [33mclass[39m=[32m"flex h-full items-start justify-between gap-4
 px-4 py-4"[39m
          [36m>[39m
            [36m<div[39m
              [33mclass[39m=[32m"min-w-0"[39m
            [36m>[39m
              [36m<h2[39m
                [33mclass[39m=[32m"text-lg font-semibold text-foreground"[3
9m
              [36m>[39m
                [0mProjects[0m
              [36m</h2>[39m
              [36m<p[39m
                [33mclass[39m=[32m"mt-1 line-clamp-2 text-xs text-muted-fore
ground"[39m
              [36m>[39m
                [0mView and manage project-local skills.[0m
              [36m</p>[39m
            [36m</div>[39m
            [36m<button[39m
              [33mclass[39m=[32m"inline-flex h-9 shrink-0 items-center gap-1
.5 rounded-lg border border-border app-wallpaper-surface px-3 text-xs text-mute
d-foreground transition-colors hover:bg-accent hover:text-foreground"[39m
              [33mtitle[39m=[32m"Add Project"[39m
              [33mtype[39m=[32m"button"[39m
            [36m>[39m
              [36m<svg[39m
                [33mclass[39m=[32m"lucide lucide-folder-plus h-3.5 w-3.5"[3
9m
                [33mfill[39m=[32m"none"[39m
                [33mheight[39m=[32m"24"[39m
                [33mstroke[39m=[32m"currentColor"[39m
                [33mstroke-linecap[39m=[32m"round"[39m
                [33mstroke-linejoin[39m=[32m"round"[39m
                [33mstroke-width[39m=[32m"2"[39m
                [33mviewBox[39m=[32m"0 0 24 24"[39m
                [33mwidth[39m=[32m"24"[39m
                [33mxmlns[39m=[32m"http://www.w3.org/2000/svg"[39m
              [36m>[39m
                [36m<path[39m
                  [33md[39m=[32m"M12 10v6"[39m
                [36m/>[39m
                [36m<path[39m
                  [33md[39m=[32m"M9 13h6"[39m
                [36m/>[39m
                [36m<path[39m
                  [33md[39m=[32m"M20 20a2 2 0 0 0 2-2V8a2 2 0 0 0-2-2h-7.9a2
 2 0 0 1-1.69-.9L9.6 3.9A2 2 0 0 0 7.93 3H4a2 2 0 0 0-2 2v13a2 2 0 0 0 2 2Z"[3
9m
                [36m/>[39m
              [36m</svg>[39m
              [0mProjects[0m
            [36m</button>[39m
          [36m</div>[39m
        [36m</div>[39m
        [36m<div[39m
          [33mclass[39m=[32m"space-y-2 overflow-y-auto p-3"[39m
        [36m>[39m
          [36m<div[39m
            [33mclass[39m=[32m"rounded-2xl border border-dashed border-borde
r px-4 py-8 text-center text-sm text-muted-foreground"[39m
          [36m>[39m
            [36m<svg[39m
              [33mclass[39m=[32m"lucide lucide-folder mx-auto mb-3 h-10 w-10
 opacity-30"[39m
              [33mfill[39m=[32m"none"[39m
              [33mheight[39m=[32m"24"[39m
              [33mstroke[39m=[32m"currentColor"[39m
              [33mstroke-linecap[39m=[32m"round"[39m
              [33mstroke-linejoin[39m=[32m"round"[39m
              [33mstroke-width[39m=[32m"2"[39m
              [33mviewBox[39m=[32m"0 0 24 24"[39m
              [33mwidth[39m=[32m"24"[39m
              [33mxmlns[39m=[32m"http://www.w3.org/2000/svg"[39m
            [36m>[39m
              [36m<path[39m
                [33md[39m=[32m"M20 20a2 2 0 0 0 2-2V8a2 2 0 0 0-2-2h-7.9a2 2
 0 0 1-1.69-.9L9.6 3.9A2 2 0 0 0 7.93 3H4a2 2 0 0 0-2 2v13a2 2 0 0 0 2 2Z"[39m
              [36m/>[39m
            [36m</svg>[39m
            [36m<div[39m
              [33mclass[39m=[32m"font-medium text-foreground"[39m
            [36m>[39m
              [0mNo projects yet[0m
            [36m</div>[39m
            [36m<div[39m
              [33mclass[39m=[32m"mt-1 text-xs text-muted-foreground"[39m
            [36m>[39m
              [0mAdd a project root to scan and manage project-local skills.[
0m
            [36m</div>[39m
          [36m</div>[39m
        [36m</div>[39m
      [36m</div>[39m
      [36m<div[39m
        [33mclass[39m=[32m"flex min-w-0 flex-1 overflow-hidden"[39m
      [36m>[39m
        [36m<div[39m
          [33mclass[39m=[32m"flex flex-1 items-center justify-center p-6 tex
t-center text-muted-foreground"[39m
        [36m>[39m
          [36m<div>[39m
            [36m<svg[39m
              [33mclass[39m=[32m"lucide lucide-folder mx-auto mb-4 h-12 w-12
 opacity-30"[39m
              [33mfill[39m=[32m"none"[39m
              [33mheight[39m=[32m"24"[39m
              [33mstroke[39m=[32m"currentColor"[39m
              [33mstroke-linecap[39m=[32m"round"[39m
              [33mstroke-linejoin[39m=[32m"round"[39m
              [33mstroke-width[39m=[32m"2"[39m
              [33mviewBox[39m=[32m"0 0 24 24"[39m
              [33mwidth[39m=[32m"24"[39m
              [33mxmlns[39m=[32m"http://www.w3.org/2000/svg"[39m
            [36m>[39m
              [36m<path[39m
                [33md[39m=[32m"M20 20a2 2 0 0 0 2-2V8a2 2 0 0 0-2-2h-7.9a2 2
 0 0 1-1.69-.9L9.6 3.9A2 2 0 0 0 7.93 3H4a2 2 0 0 0-2 2v13a2 2 0 0 0 2 2Z"[39m
              [36m/>[39m
            [36m</svg>[39m
            [36m<div[39m
              [33mclass[39m=[32m"text-lg font-semibold text-foreground"[39m
            [36m>[39m
              [0mSelect a Project[0m
            [36m</div>[39m
            [36m<div[39m
              [33mclass[39m=[32m"mt-2 text-sm text-muted-foreground"[39m
            [36m>[39m
              [0mChoose a registered project on the left or add a new one to s
tart scanning project-local skills.[0m
            [36m</div>[39m
          [36m</div>[39m
        [36m</div>[39m
      [36m</div>[39m
    [36m</div>[39m
  [36m</div>[39m
[36m</body>[39m
[90m [2m鉂?[22m Object.getElementError ../../node_modules/.pnpm/@testing-libra
ry+dom@10.4.1/node_modules/@testing-library/dom/dist/config.js:[2m37:19[22m[
39m
[90m [2m鉂?[22m ../../node_modules/.pnpm/@testing-library+dom@10.4.1/node_modu
les/@testing-library/dom/dist/query-helpers.js:[2m76:38[22m[39m
[90m [2m鉂?[22m ../../node_modules/.pnpm/@testing-library+dom@10.4.1/node_modu
les/@testing-library/dom/dist/query-helpers.js:[2m52:17[22m[39m
[90m [2m鉂?[22m ../../node_modules/.pnpm/@testing-library+dom@10.4.1/node_modu
les/@testing-library/dom/dist/query-helpers.js:[2m95:19[22m[39m
[36m [2m鉂?[22m tests/unit/components/skill-projects-view.test.tsx:[2m658:28
[22m[39m
    [90m656| [39m    })[33m;[39m
    [90m657| [39m
    [90m658| [39m    fireEvent[33m.[39m[34mclick[39m(screen[33m.[39m[3
4mgetByRole[39m([32m"button"[39m[33m,[39m { name[33m:[39m [32m"Add Proj
ect"[39m }鈥?    [90m   | [39m                           [31m^[39m
    [90m659| [39m
    [90m660| [39m    [35mconst[39m rootPathLabel [33m=[39m screen[33m.[
39m[34mgetByText[39m([32m"Project Root Path"[39m)[33m;[39m

[31m[2m鈳幆鈳幆鈳幆鈳幆鈳幆鈳幆鈳幆鈳幆鈳幆鈳幆鈳幆鈳痆2/29]鈳?[22m[39m

[31m[1m[7m FAIL [27m[22m[39m tests/unit/components/skill-store-remote.tes
t.tsx[2m > [22mSkillStore remote loading[2m > [22mshows a spinner on the st
ore card while quick install is pending
[31m[1mAssertionError[22m: expected "spy" to be called with arguments: [ Obj
ectContaining{鈥 ][90m

Received: 

[1m  1st spy call:

[22m[2m  Array [[22m
[32m-   ObjectContaining {[90m
[31m+   Object {[90m
[31m+     "author": "icelemon",[90m
[31m+     "category": "dev",[90m
[31m+     "compatibility": Array [[90m
[31m+       "claude",[90m
[31m+       "cursor",[90m
[31m+     ],[90m
[31m+     "content": "# icelemon",[90m
[31m+     "description": "Gitea scanned store skill",[90m
[31m+     "install_name": "icelemon-skill",[90m
[31m+     "name": "icelemon-skill",[90m
[31m+     "slug": "icelemon-skill",[90m
[31m+     "source_branch": "main",[90m
[2m      "source_id": "source-icelemon-gitea",[22m
[31m+     "source_label": "Gitea Pending Repo",[90m
[31m+     "source_url": "https://gitea.example.com/icelemon/skills/tree/main",
[90m
[31m+     "tags": Array [[90m
[31m+       "dev",[90m
[31m+     ],[90m
[31m+     "version": "1.0.0",[90m
[2m    },[22m
[31m+   undefined,[90m
[2m  ][22m
[31m[90m

Number of calls: [1m1[22m
[31m[39m
[36m [2m鉂?[22m tests/unit/components/skill-store-remote.test.tsx:[2m2511:34
[22m[39m
    [90m2509| [39m    });
    [90m2510| [39m
    [90m2511| [39m    expect(installRegistrySkill).toHaveBeenCalledWith(
    [90m   | [39m                                 [31m^[39m
    [90m2512| [39m      expect.objectContaining({ source_id: "source-icelemon
-gitea" }),
    [90m2513| [39m    );

[31m[2m鈳幆鈳幆鈳幆鈳幆鈳幆鈳幆鈳幆鈳幆鈳幆鈳幆鈳幆鈳痆3/29]鈳?[22m[39m

[31m[1m[7m FAIL [27m[22m[39m tests/unit/components/skill-store-remote.tes
t.tsx[2m > [22mSkillStore remote loading[2m > [22mrequires explicit confirm
ation before installing a high-risk skill
[31m[1mAssertionError[22m: expected "spy" to be called with arguments: [ Obj
ectContaining {"slug": "pdf"} ][90m

Received: 

[1m  1st spy call:

[22m[2m  Array [[22m
[32m-   ObjectContaining {[90m
[31m+   Object {[90m
[31m+     "category": "office",[90m
[31m+     "compatibility": Array [[90m
[31m+       "claude",[90m
[31m+     ],[90m
[31m+     "content": "# PDF",[90m
[31m+     "description": "PDF helper",[90m
[31m+     "name": "PDF",[90m
[2m      "slug": "pdf",[22m
[31m+     "source_label": undefined,[90m
[31m+     "tags": Array [[90m
[31m+       "pdf",[90m
[31m+     ],[90m
[31m+     "version": "1.0.0",[90m
[2m    },[22m
[31m+   undefined,[90m
[2m  ][22m
[31m[90m

Number of calls: [1m1[22m
[31m[39m
[36m [2m鉂?[22m tests/unit/components/skill-store-remote.test.tsx:[2m3045:34
[22m[39m
    [90m3043| [39m    });
    [90m3044| [39m
    [90m3045| [39m    expect(installRegistrySkill).toHaveBeenCalledWith(
    [90m   | [39m                                 [31m^[39m
    [90m3046| [39m      expect.objectContaining({ slug: "pdf" }),
    [90m3047| [39m    );

[31m[2m鈳幆鈳幆鈳幆鈳幆鈳幆鈳幆鈳幆鈳幆鈳幆鈳幆鈳幆鈳痆4/29]鈳?[22m[39m

[31m[1m[7m FAIL [27m[22m[39m tests/unit/main/data-layout-migration.test.t
s[2m > [22mdata-layout-migration[2m > [22mkeeps using the legacy root datab
ase until db layout migration is marked complete
[31m[1mAssertionError[22m: expected 'C:\Users\ADMINI~1\AppData\Local\Temp\鈥?
 to be 'C:\Users\ADMINI~1\AppData\Local\Temp\鈥? // Object.is equality[39m

Expected: [32m"C:\Users\ADMINI~1\AppData\Local\Temp\data-layout-migration-9Rrj
Xw\PromptHub\prompthub.db"[39m
Received: [31m"C:\Users\ADMINI~1\AppData\Local\Temp\data-layout-migration-9Rrj
Xw\PromptHub\[7musers\Administrator\data\[27mprompthub.db"[39m

[36m [2m鉂?[22m tests/unit/main/data-layout-migration.test.ts:[2m419:31[22m
[39m
    [90m417| [39m    [34mconfigureRuntimePaths[39m({ userDataPath })[33m;
[39m
    [90m418| [39m
    [90m419| [39m    [34mexpect[39m([34mgetDatabasePath[39m())[33m.[39m
[34mtoBe[39m(path[33m.[39m[34mjoin[39m(userDataPath[33m,[39m [32m"prom
pthub.[39m鈥?    [90m   | [39m                              [31m^[39m
    [90m420| [39m  })[33m;[39m
    [90m421| [39m

[31m[2m鈳幆鈳幆鈳幆鈳幆鈳幆鈳幆鈳幆鈳幆鈳幆鈳幆鈳幆鈳痆5/29]鈳?[22m[39m

[31m[1m[7m FAIL [27m[22m[39m tests/unit/main/data-layout-migration.test.t
s[2m > [22mdata-layout-migration[2m > [22mtreats conflicting root/data data
bases as a migration failure and keeps the root db
[31m[1mAssertionError[22m: expected 'C:\Users\ADMINI~1\AppData\Local\Temp\鈥?
 to be 'C:\Users\ADMINI~1\AppData\Local\Temp\鈥? // Object.is equality[39m

Expected: [32m"C:\Users\ADMINI~1\AppData\Local\Temp\data-layout-migration-YPnF
Xw\PromptHub\prompthub.db"[39m
Received: [31m"C:\Users\ADMINI~1\AppData\Local\Temp\data-layout-migration-YPnF
Xw\PromptHub\[7musers\Administrator\data\[27mprompthub.db"[39m

[36m [2m鉂?[22m tests/unit/main/data-layout-migration.test.ts:[2m442:31[22m
[39m
    [90m440| [39m    [34mexpect[39m(result[33m.[39mfailedEntries)[33m.[
39m[34mtoContain[39m([32m"prompthub.db"[39m)[33m;[39m
    [90m441| [39m    [34mconfigureRuntimePaths[39m({ userDataPath })[33m;
[39m
    [90m442| [39m    [34mexpect[39m([34mgetDatabasePath[39m())[33m.[39m
[34mtoBe[39m(path[33m.[39m[34mjoin[39m(userDataPath[33m,[39m [32m"prom
pthub.[39m鈥?    [90m   | [39m                              [31m^[39m
    [90m443| [39m    [34mexpect[39m(fs[33m.[39m[34mreadFileSync[39m(pat
h[33m.[39m[34mjoin[39m(userDataPath[33m,[39m [32m"prompthub.db"[39m)[3
3m,[39m [32m"u[39m鈥?    [90m444| [39m      [32m"root-db"[39m[33m,[39m

[31m[2m鈳幆鈳幆鈳幆鈳幆鈳幆鈳幆鈳幆鈳幆鈳幆鈳幆鈳幆鈳痆6/29]鈳?[22m[39m

[31m[1m[7m FAIL [27m[22m[39m tests/unit/main/data-path.test.ts[2m > [22
mdata path bootstrap[2m > [22malways uses PromptHub as the historical default
 userData directory name
[31m[1mAssertionError[22m: expected '\Users\alice\Library\Application Supp鈥?
 to be '/Users/alice/Library/Application Supp鈥? // Object.is equality[39m

Expected: [32m"[7m/[27mUsers[7m/[27malice[7m/[27mLibrary[7m/[27mApplic
ation Support[7m/[27mPromptHub"[39m
Received: [31m"[7m\[27mUsers[7m\[27malice[7m\[27mLibrary[7m\[27mApplic
ation Support[7m\[27mPromptHub"[39m

[36m [2m鉂?[22m tests/unit/main/data-path.test.ts:[2m61:7[22m[39m
    [90m 59| [39m        [32m"darwin"[39m[33m,[39m
    [90m 60| [39m      )[33m,[39m
    [90m 61| [39m    )[33m.[39m[34mtoBe[39m([32m"/Users/alice/Library/Ap
plication Support/PromptHub"[39m)[33m;[39m
    [90m   | [39m      [31m^[39m
    [90m 62| [39m  })[33m;[39m
    [90m 63| [39m

[31m[2m鈳幆鈳幆鈳幆鈳幆鈳幆鈳幆鈳幆鈳幆鈳幆鈳幆鈳幆鈳痆7/29]鈳?[22m[39m

[31m[1m[7m FAIL [27m[22m[39m tests/unit/main/image-ipc.test.ts[2m > [22
mimage IPC[2m > [22monly saves image paths that came from the file picker
[31m[1mAssertionError[22m: expected "spy" to be called with arguments: [ 鈥?2
) ][90m

Received: 

[1m  1st spy call:

[22m[2m  Array [[22m
[32m-   "/Users/demo/Pictures/allowed.png",[90m
[32m-   "/tmp/prompthub-images/saved-image.png",[90m
[31m+   "D:\\Users\\demo\\Pictures\\allowed.png",[90m
[31m+   "\\tmp\\prompthub-images\\saved-image.png",[90m
[2m  ][22m
[31m[90m

Number of calls: [1m1[22m
[31m[39m
[36m [2m鉂?[22m tests/unit/main/image-ipc.test.ts:[2m196:26[22m[39m
    [90m194| [39m      handlers[[33mIPC_CHANNELS[39m[33m.[39m[33mIMAGE_S
AVE[39m]([35mnull[39m[33m,[39m [[32m"/Users/demo/Pictures/a[39m鈥?    [9
0m195| [39m    )[33m.[39mresolves[33m.[39m[34mtoEqual[39m([[32m"saved-i
mage.png"[39m])[33m;[39m
    [90m196| [39m    [34mexpect[39m(copyFileMock)[33m.[39m[34mtoHaveBeen
CalledWith[39m(
    [90m   | [39m                         [31m^[39m
    [90m197| [39m      [32m"/Users/demo/Pictures/allowed.png"[39m[33m,[39
m
    [90m198| [39m      [32m"/tmp/prompthub-images/saved-image.png"[39m[33m
,[39m

[31m[2m鈳幆鈳幆鈳幆鈳幆鈳幆鈳幆鈳幆鈳幆鈳幆鈳幆鈳幆鈳痆8/29]鈳?[22m[39m

[31m[1m[7m FAIL [27m[22m[39m tests/unit/main/image-ipc.test.ts[2m > [22
mimage IPC[2m > [22monly saves video paths that came from the file picker
[31m[1mAssertionError[22m: expected "spy" to be called with arguments: [ 鈥?2
) ][90m

Received: 

[1m  1st spy call:

[22m[2m  Array [[22m
[32m-   "/Users/demo/Movies/allowed.mp4",[90m
[32m-   "/tmp/prompthub-videos/saved-video.mp4",[90m
[31m+   "D:\\Users\\demo\\Movies\\allowed.mp4",[90m
[31m+   "\\tmp\\prompthub-videos\\saved-video.mp4",[90m
[2m  ][22m
[31m[90m

Number of calls: [1m1[22m
[31m[39m
[36m [2m鉂?[22m tests/unit/main/image-ipc.test.ts:[2m226:26[22m[39m
    [90m224| [39m      handlers[[33mIPC_CHANNELS[39m[33m.[39m[33mVIDEO_S
AVE[39m]([35mnull[39m[33m,[39m [[32m"/Users/demo/Movies/all[39m鈥?    [9
0m225| [39m    )[33m.[39mresolves[33m.[39m[34mtoEqual[39m([[32m"saved-v
ideo.mp4"[39m])[33m;[39m
    [90m226| [39m    [34mexpect[39m(copyFileMock)[33m.[39m[34mtoHaveBeen
CalledWith[39m(
    [90m   | [39m                         [31m^[39m
    [90m227| [39m      [32m"/Users/demo/Movies/allowed.mp4"[39m[33m,[39m
    [90m228| [39m      [32m"/tmp/prompthub-videos/saved-video.mp4"[39m[33m
,[39m

[31m[2m鈳幆鈳幆鈳幆鈳幆鈳幆鈳幆鈳幆鈳幆鈳幆鈳幆鈳幆鈳痆9/29]鈳?[22m[39m

[31m[1m[7m FAIL [27m[22m[39m tests/unit/main/recovery-paths.test.ts[2m >
 [22mrecovery-paths[2m > [22mkeeps the existing macOS-style default path beh
avior on non-Windows platforms
[31m[1mAssertionError[22m: expected [ Array(1) ] to deeply equal [ Array(1) 
][39m

[32m- Expected[39m
[31m+ Received[39m

[2m  Array [[22m
[32m-   "/Users/alice/Library/Application Support/prompthub",[39m
[31m+   "\\Users\\alice\\Library\\Application Support\\prompthub",[39m
[2m  ][22m

[36m [2m鉂?[22m tests/unit/main/recovery-paths.test.ts:[2m51:21[22m[39m
    [90m 49| [39m    })[33m;[39m
    [90m 50| [39m
    [90m 51| [39m    [34mexpect[39m(results)[33m.[39m[34mtoEqual[39m([
[32m"/Users/alice/Library/Application Support[39m鈥?    [90m   | [39m        
            [31m^[39m
    [90m 52| [39m  })[33m;[39m
    [90m 53| [39m})[33m;[39m

[31m[2m鈳幆鈳幆鈳幆鈳幆鈳幆鈳幆鈳幆鈳幆鈳幆鈳幆鈳幆[10/29]鈳?[22m[39m

[31m[1m[7m FAIL [27m[22m[39m tests/unit/main/skill-db.test.ts[2m > [22m
SkillDB[2m > [22mpersists and maps ownerUserId and visibility
[31m[1mError[22m: Skill already exists: custom-skill[39m
[36m [2m鉂?[22m SkillDB.create ../../packages/db/src/skill.ts:[2m160:13[22m
[39m
    [90m158| [39m        )[33m;[39m
    [90m159| [39m      }
    [90m160| [39m      [35mthrow[39m [35mnew[39m [33mError[39m(
    [90m   | [39m            [31m^[39m
    [90m161| [39m        data[33m.[39msource_id
    [90m162| [39m          [33m?[39m [32m`Skill source already exists: [3
9m[36m${[39mdata[33m.[39msource_id[36m}[39m[32m`[39m
[90m [2m鉂?[22m tests/unit/main/skill-db.test.ts:[2m234:16[22m[39m

[31m[2m鈳幆鈳幆鈳幆鈳幆鈳幆鈳幆鈳幆鈳幆鈳幆鈳幆鈳幆[11/29]鈳?[22m[39m

[31m[1m[7m FAIL [27m[22m[39m tests/unit/main/skill-installer-platform.tes
t.ts[2m > [22mskill-installer-platform symlink install[2m > [22mcopies the 
managed skill directory into the platform directory
[31m[1mAssertionError[22m: expected "spy" to be called with arguments: [ Any
thing, 鈥?2) ][90m

Received: 

[1m  1st spy call:

[22m[2m  Array [[22m
[32m-   Anything,[90m
[32m-   "/platform/skills/demo-skill",[90m
[32m-   ObjectContaining {[90m
[32m-     "filter": Any<Function>,[90m
[31m+   "/prompthub/skills/demo-skill",[90m
[31m+   "\\platform\\skills\\demo-skill",[90m
[31m+   Object {[90m
[31m+     "filter": [Function filter],[90m
[2m      "recursive": true,[22m
[2m    },[22m
[2m  ][22m
[31m[90m

Number of calls: [1m1[22m
[31m[39m
[36m [2m鉂?[22m tests/unit/main/skill-installer-platform.test.ts:[2m119:24[2
2m[39m
    [90m117| [39m      [32m"# skill"[39m[33m,[39m
    [90m118| [39m    )[33m;[39m
    [90m119| [39m    [34mexpect[39m(fsMocks[33m.[39mcp)[33m.[39m[34mto
HaveBeenCalledWith[39m(
    [90m   | [39m                       [31m^[39m
    [90m120| [39m      expect[33m.[39m[34manything[39m()[33m,[39m
    [90m121| [39m      [32m"/platform/skills/demo-skill"[39m[33m,[39m

[31m[2m鈳幆鈳幆鈳幆鈳幆鈳幆鈳幆鈳幆鈳幆鈳幆鈳幆鈳幆[12/29]鈳?[22m[39m

[31m[1m[7m FAIL [27m[22m[39m tests/unit/main/skill-installer-platform.tes
t.ts[2m > [22mskill-installer-platform symlink install[2m > [22mdereference
s a root symlink source when copy-installing to a platform
[31m[1mAssertionError[22m: expected "spy" to be called with arguments: [ Arr
ay(3) ][90m

Received: 

[1m  1st spy call:

[22m[2m  Array [[22m
[2m    "/external/skills/linked-demo",[22m
[32m-   "/platform/skills/linked-demo",[90m
[32m-   ObjectContaining {[90m
[32m-     "filter": Any<Function>,[90m
[31m+   "\\platform\\skills\\linked-demo",[90m
[31m+   Object {[90m
[31m+     "filter": [Function filter],[90m
[2m      "recursive": true,[22m
[2m    },[22m
[2m  ][22m
[31m[90m

Number of calls: [1m1[22m
[31m[39m
[36m [2m鉂?[22m tests/unit/main/skill-installer-platform.test.ts:[2m138:24[2
2m[39m
    [90m136| [39m
    [90m137| [39m    [34mexpect[39m(fsMocks[33m.[39msymlink)[33m.[39mno
t[33m.[39m[34mtoHaveBeenCalled[39m()[33m;[39m
    [90m138| [39m    [34mexpect[39m(fsMocks[33m.[39mcp)[33m.[39m[34mto
HaveBeenCalledWith[39m(
    [90m   | [39m                       [31m^[39m
    [90m139| [39m      [32m"/external/skills/linked-demo"[39m[33m,[39m
    [90m140| [39m      [32m"/platform/skills/linked-demo"[39m[33m,[39m

[31m[2m鈳幆鈳幆鈳幆鈳幆鈳幆鈳幆鈳幆鈳幆鈳幆鈳幆鈳幆[13/29]鈳?[22m[39m

[31m[1m[7m FAIL [27m[22m[39m tests/unit/main/skill-installer-platform.tes
t.ts[2m > [22mskill-installer-platform symlink install[2m > [22mfalls back 
to copy install when symlink creation returns EPERM
[31m[1mAssertionError[22m: expected "spy" to be called with arguments: [ Arr
ay(3) ][90m

Received: 

[1m  1st spy call:

[22m[2m  Array [[22m
[32m-   "/prompthub/skills/demo-skill",[90m
[32m-   "/platform/skills/demo-skill",[90m
[31m+   "\\prompthub\\skills\\demo-skill",[90m
[31m+   "\\platform\\skills\\demo-skill",[90m
[2m    "dir",[22m
[2m  ][22m
[31m[90m

Number of calls: [1m1[22m
[31m[39m
[36m [2m鉂?[22m tests/unit/main/skill-installer-platform.test.ts:[2m281:29[2
2m[39m
    [90m279| [39m    )[33m;[39m
    [90m280| [39m
    [90m281| [39m    [34mexpect[39m(fsMocks[33m.[39msymlink)[33m.[39m[
34mtoHaveBeenCalledWith[39m(
    [90m   | [39m                            [31m^[39m
    [90m282| [39m      [32m"/prompthub/skills/demo-skill"[39m[33m,[39m
    [90m283| [39m      [32m"/platform/skills/demo-skill"[39m[33m,[39m

[31m[2m鈳幆鈳幆鈳幆鈳幆鈳幆鈳幆鈳幆鈳幆鈳幆鈳幆鈳幆[14/29]鈳?[22m[39m

[31m[1m[7m FAIL [27m[22m[39m tests/unit/main/skill-installer-platform.tes
t.ts[2m > [22mskill-installer-platform symlink install[2m > [22msymlinks th
e whole skill directory into the platform directory
[31m[1mAssertionError[22m: expected "spy" to be called with arguments: [ Arr
ay(2) ][90m

Received: 

[1m  1st spy call:

[22m[2m  Array [[22m
[32m-   "/prompthub/skills/demo-skill",[90m
[31m+   "\\prompthub\\skills\\demo-skill",[90m
[2m    Object {[22m
[2m      "recursive": true,[22m
[2m    },[22m
[2m  ][22m

[1m  2nd spy call:

[22m[2m  Array [[22m
[32m-   "/prompthub/skills/demo-skill",[90m
[31m+   "/platform/skills",[90m
[2m    Object {[22m
[2m      "recursive": true,[22m
[2m    },[22m
[2m  ][22m
[31m[90m

Number of calls: [1m2[22m
[31m[39m
[36m [2m鉂?[22m tests/unit/main/skill-installer-platform.test.ts:[2m308:27[2
2m[39m
    [90m306| [39m    )[33m;[39m
    [90m307| [39m
    [90m308| [39m    [34mexpect[39m(fsMocks[33m.[39mmkdir)[33m.[39m[34
mtoHaveBeenCalledWith[39m([32m"/prompthub/skills/demo[39m鈥?    [90m   | [3
9m                          [31m^[39m
    [90m309| [39m      recursive[33m:[39m [35mtrue[39m[33m,[39m
    [90m310| [39m    })[33m;[39m

[31m[2m鈳幆鈳幆鈳幆鈳幆鈳幆鈳幆鈳幆鈳幆鈳幆鈳幆鈳幆[15/29]鈳?[22m[39m

[31m[1m[7m FAIL [27m[22m[39m tests/unit/main/skill-installer-platform.tes
t.ts[2m > [22mskill-installer-platform symlink install[2m > [22mfalls back 
to copy install for UNKNOWN errors (Windows without Developer Mode)
[31m[1mAssertionError[22m: expected "spy" to be called with arguments: [ Arr
ay(3) ][90m

Received: 

[1m  1st spy call:

[22m[2m  Array [[22m
[32m-   "/prompthub/skills/demo-skill",[90m
[32m-   "/platform/skills/demo-skill",[90m
[32m-   ObjectContaining {[90m
[32m-     "filter": Any<Function>,[90m
[31m+   "\\prompthub\\skills\\demo-skill",[90m
[31m+   "\\platform\\skills\\demo-skill",[90m
[31m+   Object {[90m
[31m+     "filter": [Function filter],[90m
[2m      "recursive": true,[22m
[2m    },[22m
[2m  ][22m
[31m[90m

Number of calls: [1m1[22m
[31m[39m
[36m [2m鉂?[22m tests/unit/main/skill-installer-platform.test.ts:[2m340:24[2
2m[39m
    [90m338| [39m    )[33m;[39m
    [90m339| [39m
    [90m340| [39m    [34mexpect[39m(fsMocks[33m.[39mcp)[33m.[39m[34mto
HaveBeenCalledWith[39m(
    [90m   | [39m                       [31m^[39m
    [90m341| [39m      [32m"/prompthub/skills/demo-skill"[39m[33m,[39m
    [90m342| [39m      [32m"/platform/skills/demo-skill"[39m[33m,[39m

[31m[2m鈳幆鈳幆鈳幆鈳幆鈳幆鈳幆鈳幆鈳幆鈳幆鈳幆鈳幆[16/29]鈳?[22m[39m

[31m[1m[7m FAIL [27m[22m[39m tests/unit/main/skill-installer-platform.tes
t.ts[2m > [22mskill-installer-platform symlink install[2m > [22minstalls sa
me-name variants into the shared logical platform directory
[31m[1mAssertionError[22m: expected "spy" to be called with arguments: [ '/p
rompthub/skills/skill-a', 鈥?2) ][90m

Received: 

[1m  1st spy call:

[22m[2m  Array [[22m
[2m    "/prompthub/skills/skill-a",[22m
[32m-   "/platform/skills/writer",[90m
[32m-   ObjectContaining {[90m
[32m-     "filter": Any<Function>,[90m
[31m+   "\\platform\\skills\\writer",[90m
[31m+   Object {[90m
[31m+     "filter": [Function filter],[90m
[2m      "recursive": true,[22m
[2m    },[22m
[2m  ][22m
[31m[90m

Number of calls: [1m1[22m
[31m[39m
[36m [2m鉂?[22m tests/unit/main/skill-installer-platform.test.ts:[2m377:24[2
2m[39m
    [90m375| [39m    )[33m;[39m
    [90m376| [39m
    [90m377| [39m    [34mexpect[39m(fsMocks[33m.[39mcp)[33m.[39m[34mto
HaveBeenCalledWith[39m(
    [90m   | [39m                       [31m^[39m
    [90m378| [39m      [32m"/prompthub/skills/skill-a"[39m[33m,[39m
    [90m379| [39m      [32m"/platform/skills/writer"[39m[33m,[39m

[31m[2m鈳幆鈳幆鈳幆鈳幆鈳幆鈳幆鈳幆鈳幆鈳幆鈳幆鈳幆[17/29]鈳?[22m[39m

[31m[1m[7m FAIL [27m[22m[39m tests/unit/main/skill-installer-platform.tes
t.ts[2m > [22mskill-installer-platform symlink install[2m > [22mrecords act
ivation state for symlink installs so UI reads installed status
[31m[1mAssertionError[22m: expected "spy" to be called with arguments: [ '/p
rompthub/skills/skill-a', 鈥?2) ][90m

Received: 

[1m  1st spy call:

[22m[2m  Array [[22m
[2m    "/prompthub/skills/skill-a",[22m
[32m-   "/platform/skills/writer",[90m
[31m+   "\\platform\\skills\\writer",[90m
[2m    "dir",[22m
[2m  ][22m
[31m[90m

Number of calls: [1m1[22m
[31m[39m
[36m [2m鉂?[22m tests/unit/main/skill-installer-platform.test.ts:[2m401:29[2
2m[39m
    [90m399| [39m    )[33m;[39m
    [90m400| [39m
    [90m401| [39m    [34mexpect[39m(fsMocks[33m.[39msymlink)[33m.[39m[
34mtoHaveBeenCalledWith[39m(
    [90m   | [39m                            [31m^[39m
    [90m402| [39m      [32m"/prompthub/skills/skill-a"[39m[33m,[39m
    [90m403| [39m      [32m"/platform/skills/writer"[39m[33m,[39m

[31m[2m鈳幆鈳幆鈳幆鈳幆鈳幆鈳幆鈳幆鈳幆鈳幆鈳幆鈳幆[18/29]鈳?[22m[39m

[31m[1m[7m FAIL [27m[22m[39m tests/unit/main/skill-installer-platform.tes
t.ts[2m > [22mskill-installer-platform symlink install[2m > [22mchecks inst
all status using logical platform directory plus activation state
[31m[1mAssertionError[22m: expected false to be true // Object.is equality[
39m

[32m- Expected[39m
[31m+ Received[39m

[32m- true[39m
[31m+ false[39m

[36m [2m鉂?[22m tests/unit/main/skill-installer-platform.test.ts:[2m440:50[2
2m[39m
    [90m438| [39m    )[33m;[39m
    [90m439| [39m
    [90m440| [39m    [34mexpect[39m([33mObject[39m[33m.[39m[34mvalues
[39m(status)[33m.[39m[34mevery[39m([33mBoolean[39m))[33m.[39m[34mtoBe
[39m([35mtrue[39m)[33m;[39m
    [90m   | [39m                                                 [31m^[39m
    [90m441| [39m  })[33m;[39m
    [90m442| [39m

[31m[2m鈳幆鈳幆鈳幆鈳幆鈳幆鈳幆鈳幆鈳幆鈳幆鈳幆鈳幆[19/29]鈳?[22m[39m

[31m[1m[7m FAIL [27m[22m[39m tests/unit/main/skill-installer-platform.tes
t.ts[2m > [22mskill-installer-platform symlink install[2m > [22mreports whe
ther active platform installs are copies or symlinks
[31m[1mAssertionError[22m: expected { installed: false } to deeply equal { i
nstalled: true, mode: 'symlink' }[39m

[32m- Expected[39m
[31m+ Received[39m

[2m  Object {[22m
[32m-   "installed": true,[39m
[32m-   "mode": "symlink",[39m
[31m+   "installed": false,[39m
[2m  }[22m

[36m [2m鉂?[22m tests/unit/main/skill-installer-platform.test.ts:[2m481:27[2
2m[39m
    [90m479| [39m    )[33m;[39m
    [90m480| [39m
    [90m481| [39m    [34mexpect[39m(status[33m.[39mclaude)[33m.[39m[34
mtoEqual[39m({ installed[33m:[39m [35mtrue[39m[33m,[39m mode[33m:[39m 
[32m"symlink"[39m }鈥?    [90m   | [39m                          [31m^[39m
    [90m482| [39m    [34mexpect[39m(
    [90m483| [39m      [33mObject[39m[33m.[39m[34mvalues[39m(status)[3
3m.[39m[34msome[39m(

[31m[2m鈳幆鈳幆鈳幆鈳幆鈳幆鈳幆鈳幆鈳幆鈳幆鈳幆鈳幆[20/29]鈳?[22m[39m

[31m[1m[7m FAIL [27m[22m[39m tests/unit/main/skill-installer-platform.tes
t.ts[2m > [22mskill-installer-platform symlink install[2m > [22mreports Che
rry Studio platform installs as symlinks when the registered folder is a link
[31m[1mAssertionError[22m: expected { installed: true, mode: 'copy' } to dee
ply equal { installed: true, mode: 'symlink' }[39m

[32m- Expected[39m
[31m+ Received[39m

[2m  Object {[22m
[2m    "installed": true,[22m
[32m-   "mode": "symlink",[39m
[31m+   "mode": "copy",[39m
[2m  }[22m

[36m [2m鉂?[22m tests/unit/main/skill-installer-platform.test.ts:[2m522:37[2
2m[39m
    [90m520| [39m    )[33m;[39m
    [90m521| [39m
    [90m522| [39m    [34mexpect[39m(status[[32m"cherry-studio"[39m])[33m
.[39m[34mtoEqual[39m({
    [90m   | [39m                                    [31m^[39m
    [90m523| [39m      installed[33m:[39m [35mtrue[39m[33m,[39m
    [90m524| [39m      mode[33m:[39m [32m"symlink"[39m[33m,[39m

[31m[2m鈳幆鈳幆鈳幆鈳幆鈳幆鈳幆鈳幆鈳幆鈳幆鈳幆鈳幆[21/29]鈳?[22m[39m

[31m[1m[7m FAIL [27m[22m[39m tests/unit/main/skill-installer-platform.tes
t.ts[2m > [22mskill-installer-platform symlink install[2m > [22muninstalls 
the shared logical platform directory and clears activation
[31m[1mAssertionError[22m: expected "spy" to be called with arguments: [ '/p
latform/skills/writer', 鈥?1) ][90m

Received: 

[1m  1st spy call:

[22m[2m  Array [[22m
[32m-   "/platform/skills/writer",[90m
[31m+   "\\platform\\skills\\writer",[90m
[2m    Object {[22m
[2m      "force": true,[22m
[2m      "recursive": true,[22m
[2m    },[22m
[2m  ][22m
[31m[90m

Number of calls: [1m1[22m
[31m[39m
[36m [2m鉂?[22m tests/unit/main/skill-installer-platform.test.ts:[2m577:24[2
2m[39m
    [90m575| [39m    )[33m;[39m
    [90m576| [39m
    [90m577| [39m    [34mexpect[39m(fsMocks[33m.[39mrm)[33m.[39m[34mto
HaveBeenCalledWith[39m([32m"/platform/skills/writer"[39m[33m,[39m鈥?    [9
0m   | [39m                       [31m^[39m
    [90m578| [39m      recursive[33m:[39m [35mtrue[39m[33m,[39m
    [90m579| [39m      force[33m:[39m [35mtrue[39m[33m,[39m

[31m[2m鈳幆鈳幆鈳幆鈳幆鈳幆鈳幆鈳幆鈳幆鈳幆鈳幆鈳幆[22/29]鈳?[22m[39m

[31m[1m[7m FAIL [27m[22m[39m tests/unit/main/skill-installer-platform.tes
t.ts[2m > [22mskill-installer-platform symlink install[2m > [22mremoves the
 platform target for copy or symlink installs without deleting the PromptHub so
urce
[31m[1mAssertionError[22m: expected "spy" to be called with arguments: [ '/p
latform/skills/writer', 鈥?1) ][90m

Received: 

[1m  1st spy call:

[22m[2m  Array [[22m
[32m-   "/platform/skills/writer",[90m
[31m+   "\\platform\\skills\\writer",[90m
[2m    Object {[22m
[2m      "force": true,[22m
[2m      "recursive": true,[22m
[2m    },[22m
[2m  ][22m
[31m[90m

Number of calls: [1m1[22m
[31m[39m
[36m [2m鉂?[22m tests/unit/main/skill-installer-platform.test.ts:[2m634:24[2
2m[39m
    [90m632| [39m
    [90m633| [39m    [34mexpect[39m(fsMocks[33m.[39mrm)[33m.[39m[34mto
HaveBeenCalledTimes[39m([34m1[39m)[33m;[39m
    [90m634| [39m    [34mexpect[39m(fsMocks[33m.[39mrm)[33m.[39m[34mto
HaveBeenCalledWith[39m([32m"/platform/skills/writer"[39m[33m,[39m鈥?    [9
0m   | [39m                       [31m^[39m
    [90m635| [39m      recursive[33m:[39m [35mtrue[39m[33m,[39m
    [90m636| [39m      force[33m:[39m [35mtrue[39m[33m,[39m

[31m[2m鈳幆鈳幆鈳幆鈳幆鈳幆鈳幆鈳幆鈳幆鈳幆鈳幆鈳幆[23/29]鈳?[22m[39m

[31m[1m[7m FAIL [27m[22m[39m tests/unit/main/skill-installer-remote-git-p
ackage.test.ts[2m > [22mSkillInstaller.saveRemoteGitSkillToLocalRepoBySkillId
[2m > [22muses a real local git clone fixture and excludes internal dirs and 
symlinks
[31m[1mAssertionError[22m: expected [ 'SKILL.md', 'assets/icon.png', 鈥?3) ] 
to deeply equal [ 'SKILL.md', 'assets/icon.png', 鈥?2) ][39m

[32m- Expected[39m
[31m+ Received[39m

[2m  Array [[22m
[2m    "SKILL.md",[22m
[2m    "assets/icon.png",[22m
[31m+   "guide-link.md",[39m
[2m    "references/guide.md",[22m
[2m    "scripts/setup.sh",[22m
[2m  ][22m

[36m [2m鉂?[22m tests/unit/main/skill-installer-remote-git-package.test.ts:[2
m222:5[22m[39m
    [90m220| [39m      )[33m;[39m
    [90m221| [39m
    [90m222| [39m    [35mawait[39m [34mexpect[39m([34mlistRelativeFiles
[39m(repoPath))[33m.[39mresolves[33m.[39m[34mtoEqual[39m([
    [90m   | [39m    [31m^[39m
    [90m223| [39m      [32m"SKILL.md"[39m[33m,[39m
    [90m224| [39m      [32m"assets/icon.png"[39m[33m,[39m

[31m[2m鈳幆鈳幆鈳幆鈳幆鈳幆鈳幆鈳幆鈳幆鈳幆鈳幆鈳幆[24/29]鈳?[22m[39m

[31m[1m[7m FAIL [27m[22m[39m tests/unit/main/skill-installer-remote.test.
ts[2m > [22mskill-installer-remote[2m > [22mdoes not let the private networ
k option bypass localhost hostnames
[31m[1mAssertionError[22m: expected [Function] to throw error matching /Acce
ss to local network addresses is 鈥? but got 'Cannot read properties of undefine
d (鈥?[39m

[32m- Expected:[39m 
/Access to local network addresses is not allowed/

[31m+ Received:[39m 
"Cannot read properties of undefined (reading 'length')"

[36m [2m鉂?[22m tests/unit/main/skill-installer-remote.test.ts:[2m132:5[22m
[39m
    [90m130| [39m
    [90m131| [39m  [34mit[39m([32m"does not let the private network option
 bypass localhost hostnam[39m鈥?    [90m132| [39m    [35mawait[39m [34mexp
ect[39m(
    [90m   | [39m    [31m^[39m
    [90m133| [39m      [34mresolvePublicAddress[39m([32m"localhost"[39m[
33m,[39m { allowPrivateNetwork[33m:[39m [35mtrue[39m })[33m,[39m
    [90m134| [39m    )[33m.[39mrejects[33m.[39m[34mtoThrow[39m([36m/Ac
cess to local network addresses is not allowe[39m鈥?
[31m[2m鈳幆鈳幆鈳幆鈳幆鈳幆鈳幆鈳幆鈳幆鈳幆鈳幆鈳幆[25/29]鈳?[22m[39m

[31m[1m[7m FAIL [27m[22m[39m tests/unit/main/skill-installer-repo.test.ts
[2m > [22mskill-installer-repo variant container[2m > [22mstores managed re
pos inside a stable variant container
[31m[1mAssertionError[22m: expected '\prompthub\skills\skill-1' to be '/prom
pthub/skills/skill-1' // Object.is equality[39m

Expected: [32m"[7m/[27mprompthub[7m/[27mskills[7m/[27mskill-1"[39m
Received: [31m"[7m\[27mprompthub[7m\[27mskills[7m\[27mskill-1"[39m

[36m [2m鉂?[22m tests/unit/main/skill-installer-repo.test.ts:[2m82:60[22m[3
9m
    [90m 80| [39m
    [90m 81| [39m  [34mit[39m([32m"stores managed repos inside a stable va
riant container"[39m[33m,[39m () [33m=>[39m {
    [90m 82| [39m    [34mexpect[39m([34mgetLocalRepoContainerPathForSkillI
d[39m([32m"skill-1"[39m))[33m.[39m[34mtoBe[39m(
    [90m   | [39m                                                           
[31m^[39m
[2m Test Files [22m [1m[31m12 failed[39m[22m[2m | [22m[1m[32m185 passed[39m[22m[90m (197)[39m
[2m      Tests [22m [1m[31m29 failed[39m[22m[2m | [22m[1m[32m1812 passed[39m[22m[2m | [22m[33m3 skipped[39m[90m (1844)[39m
[2m   Start at [22m 22:46:53
[2m   Duration [22m 135.50s[2m (transform 19.31s, setup 518.16s, collect 120.47s, tests 252.35s, environment 1426.17s, prepare 127.04s)[22m

    [90m 83| [39m      [32m"/prompthub/skills/skill-1"[39m[33m,[39m
    [90m 84| [39m    )[33m;[39m

[31m[2m鈳幆鈳幆鈳幆鈳幆鈳幆鈳幆鈳幆鈳幆鈳幆鈳幆鈳幆[26/29]鈳?[22m[39m

[31m[1m[7m FAIL [27m[22m[39m tests/unit/main/skill-installer-repo.test.ts
[2m > [22mskill-installer-repo variant container[2m > [22mprefers human-rea
dable managed container names with a short stable suffix
[31m[1mAssertionError[22m: expected '\prompthub\skills\clouddrive2-cli--3c鈥?
 to be '/prompthub/skills/clouddrive2-cli--3c鈥? // Object.is equality[39m

Expected: [32m"[7m/[27mprompthub[7m/[27mskills[7m/[27mclouddrive2-cli--3
c7d25c0"[39m
Received: [31m"[7m\[27mprompthub[7m\[27mskills[7m\[27mclouddrive2-cli--3
c7d25c0"[39m

[36m [2m鉂?[22m tests/unit/main/skill-installer-repo.test.ts:[2m97:7[22m[39
m
    [90m 95| [39m        source_id[33m:[39m [32m"source-clouddrive2-main"
[39m[33m,[39m
    [90m 96| [39m      })[33m,[39m
    [90m 97| [39m    )[33m.[39m[34mtoBe[39m([32m"/prompthub/skills/cloud
drive2-cli--3c7d25c0"[39m)[33m;[39m
    [90m   | [39m      [31m^[39m
    [90m 98| [39m    [34mexpect[39m(
    [90m 99| [39m      [34mgetPreferredLocalRepoPathForSkill[39m({

[31m[2m鈳幆鈳幆鈳幆鈳幆鈳幆鈳幆鈳幆鈳幆鈳幆鈳幆鈳幆[27/29]鈳?[22m[39m

[31m[1m[7m FAIL [27m[22m[39m tests/unit/main/skill-installer-repo.test.ts
[2m > [22mskill-installer-repo variant container[2m > [22mwrites SKILL.md i
nto the repo subdirectory and sidecar metadata into .prompthub
[31m[1mAssertionError[22m: expected "spy" to be called with arguments: [ 鈥?2
) ][90m

Received: 

[1m  1st spy call:

[22m[2m  Array [[22m
[32m-   "/prompthub/skills/writer--7dc211f6",[90m
[31m+   "\\prompthub\\skills\\writer--7dc211f6",[90m
[2m    Object {[22m
[2m      "recursive": true,[22m
[2m    },[22m
[2m  ][22m

[1m  2nd spy call:

[22m[2m  Array [[22m
[32m-   "/prompthub/skills/writer--7dc211f6",[90m
[31m+   "\\prompthub\\skills\\writer--7dc211f6\\.prompthub",[90m
[2m    Object {[22m
[2m      "recursive": true,[22m
[2m    },[22m
[2m  ][22m

[1m  3rd spy call:

[22m[2m  Array [[22m
[32m-   "/prompthub/skills/writer--7dc211f6",[90m
[31m+   "\\prompthub\\skills\\writer--7dc211f6\\repo",[90m
[2m    Object {[22m
[2m      "recursive": true,[22m
[2m    },[22m
[2m  ][22m

[1m  4th spy call:

[22m[2m  Array [[22m
[32m-   "/prompthub/skills/writer--7dc211f6",[90m
[31m+   "\\prompthub\\skills\\writer--7dc211f6\\.prompthub",[90m
[2m    Object {[22m
[2m      "recursive": true,[22m
[2m    },[22m
[2m  ][22m
[31m[90m

Number of calls: [1m4[22m
[31m[39m
[36m [2m鉂?[22m tests/unit/main/skill-installer-repo.test.ts:[2m132:27[22m[
39m
    [90m130| [39m    )[33m;[39m
    [90m131| [39m
    [90m132| [39m    [34mexpect[39m(fsMocks[33m.[39mmkdir)[33m.[39m[34
mtoHaveBeenCalledWith[39m(
    [90m   | [39m                          [31m^[39m
    [90m133| [39m      [32m"/prompthub/skills/writer--7dc211f6"[39m[33m,[
39m
    [90m134| [39m      { recursive[33m:[39m [35mtrue[39m }[33m,[39m

[31m[2m鈳幆鈳幆鈳幆鈳幆鈳幆鈳幆鈳幆鈳幆鈳幆鈳幆鈳幆[28/29]鈳?[22m[39m

[31m[1m[7m FAIL [27m[22m[39m tests/unit/main/skill-installer-repo.test.ts
[2m > [22mskill-installer-repo variant container[2m > [22mmaterializes requ
ested symlink mode inside the managed data repo
[31m[1mAssertionError[22m: expected "spy" to be called with arguments: [ '/e
xternal/writer', 鈥?2) ][90m

Received: 

[1m  1st spy call:

[22m[2m  Array [[22m
[2m    "/external/writer",[22m
[32m-   "/prompthub/skills/writer--7dc211f6/repo",[90m
[32m-   ObjectContaining {[90m
[32m-     "filter": Any<Function>,[90m
[31m+   "\\prompthub\\skills\\writer--7dc211f6\\repo",[90m
[31m+   Object {[90m
[31m+     "filter": [Function filter],[90m
[2m      "recursive": true,[22m
[2m    },[22m
[2m  ][22m
[31m[90m

Number of calls: [1m1[22m
[31m[39m
[36m [2m鉂?[22m tests/unit/main/skill-installer-repo.test.ts:[2m169:24[22m[
39m
    [90m167| [39m
    [90m168| [39m    [34mexpect[39m(fsMocks[33m.[39msymlink)[33m.[39mno
t[33m.[39m[34mtoHaveBeenCalled[39m()[33m;[39m
    [90m169| [39m    [34mexpect[39m(fsMocks[33m.[39mcp)[33m.[39m[34mto
HaveBeenCalledWith[39m(
    [90m   | [39m                       [31m^[39m
    [90m170| [39m      [32m"/external/writer"[39m[33m,[39m
    [90m171| [39m      [32m"/prompthub/skills/writer--7dc211f6/repo"[39m[3
3m,[39m

[31m[2m鈳幆鈳幆鈳幆鈳幆鈳幆鈳幆鈳幆鈳幆鈳幆鈳幆鈳幆[29/29]鈳?[22m[39m

